Archive member included to satisfy reference by file (symbol)

c:/program files (x86)/atmel/studio/7.0/toolchain/avr8/avr8-gnu-toolchain/bin/../lib/gcc/avr/5.4.0/../../../../avr/lib/avr5\libm.a(addsf3.o)
                              SmoothedAnalogInput.o (__subsf3)
c:/program files (x86)/atmel/studio/7.0/toolchain/avr8/avr8-gnu-toolchain/bin/../lib/gcc/avr/5.4.0/../../../../avr/lib/avr5\libm.a(addsf3x.o)
                              c:/program files (x86)/atmel/studio/7.0/toolchain/avr8/avr8-gnu-toolchain/bin/../lib/gcc/avr/5.4.0/../../../../avr/lib/avr5\libm.a(addsf3.o) (__addsf3x)
c:/program files (x86)/atmel/studio/7.0/toolchain/avr8/avr8-gnu-toolchain/bin/../lib/gcc/avr/5.4.0/../../../../avr/lib/avr5\libm.a(divsf3.o)
                              SmoothedAnalogInput.o (__divsf3)
c:/program files (x86)/atmel/studio/7.0/toolchain/avr8/avr8-gnu-toolchain/bin/../lib/gcc/avr/5.4.0/../../../../avr/lib/avr5\libm.a(divsf3x.o)
                              c:/program files (x86)/atmel/studio/7.0/toolchain/avr8/avr8-gnu-toolchain/bin/../lib/gcc/avr/5.4.0/../../../../avr/lib/avr5\libm.a(divsf3.o) (__divsf3x)
c:/program files (x86)/atmel/studio/7.0/toolchain/avr8/avr8-gnu-toolchain/bin/../lib/gcc/avr/5.4.0/../../../../avr/lib/avr5\libm.a(floatsisf.o)
                              SmoothedAnalogInput.o (__floatunsisf)
c:/program files (x86)/atmel/studio/7.0/toolchain/avr8/avr8-gnu-toolchain/bin/../lib/gcc/avr/5.4.0/../../../../avr/lib/avr5\libm.a(fp_inf.o)
                              c:/program files (x86)/atmel/studio/7.0/toolchain/avr8/avr8-gnu-toolchain/bin/../lib/gcc/avr/5.4.0/../../../../avr/lib/avr5\libm.a(addsf3x.o) (__fp_inf)
c:/program files (x86)/atmel/studio/7.0/toolchain/avr8/avr8-gnu-toolchain/bin/../lib/gcc/avr/5.4.0/../../../../avr/lib/avr5\libm.a(fp_nan.o)
                              c:/program files (x86)/atmel/studio/7.0/toolchain/avr8/avr8-gnu-toolchain/bin/../lib/gcc/avr/5.4.0/../../../../avr/lib/avr5\libm.a(addsf3x.o) (__fp_nan)
c:/program files (x86)/atmel/studio/7.0/toolchain/avr8/avr8-gnu-toolchain/bin/../lib/gcc/avr/5.4.0/../../../../avr/lib/avr5\libm.a(fp_pscA.o)
                              c:/program files (x86)/atmel/studio/7.0/toolchain/avr8/avr8-gnu-toolchain/bin/../lib/gcc/avr/5.4.0/../../../../avr/lib/avr5\libm.a(addsf3x.o) (__fp_pscA)
c:/program files (x86)/atmel/studio/7.0/toolchain/avr8/avr8-gnu-toolchain/bin/../lib/gcc/avr/5.4.0/../../../../avr/lib/avr5\libm.a(fp_pscB.o)
                              c:/program files (x86)/atmel/studio/7.0/toolchain/avr8/avr8-gnu-toolchain/bin/../lib/gcc/avr/5.4.0/../../../../avr/lib/avr5\libm.a(addsf3x.o) (__fp_pscB)
c:/program files (x86)/atmel/studio/7.0/toolchain/avr8/avr8-gnu-toolchain/bin/../lib/gcc/avr/5.4.0/../../../../avr/lib/avr5\libm.a(fp_round.o)
                              c:/program files (x86)/atmel/studio/7.0/toolchain/avr8/avr8-gnu-toolchain/bin/../lib/gcc/avr/5.4.0/../../../../avr/lib/avr5\libm.a(addsf3.o) (__fp_round)
c:/program files (x86)/atmel/studio/7.0/toolchain/avr8/avr8-gnu-toolchain/bin/../lib/gcc/avr/5.4.0/../../../../avr/lib/avr5\libm.a(fp_split3.o)
                              c:/program files (x86)/atmel/studio/7.0/toolchain/avr8/avr8-gnu-toolchain/bin/../lib/gcc/avr/5.4.0/../../../../avr/lib/avr5\libm.a(addsf3x.o) (__fp_split3)
c:/program files (x86)/atmel/studio/7.0/toolchain/avr8/avr8-gnu-toolchain/bin/../lib/gcc/avr/5.4.0/../../../../avr/lib/avr5\libm.a(fp_zero.o)
                              c:/program files (x86)/atmel/studio/7.0/toolchain/avr8/avr8-gnu-toolchain/bin/../lib/gcc/avr/5.4.0/../../../../avr/lib/avr5\libm.a(addsf3x.o) (__fp_zero)
U:\2017-08-24 bag sealer\heater_controller_firmware\heater_controller_firmware\ArduinoCore\Debug\libArduinoCore.a(HardwareSerial.o)
                              Sketch.o (_ZN14HardwareSerial5beginEmh)
U:\2017-08-24 bag sealer\heater_controller_firmware\heater_controller_firmware\ArduinoCore\Debug\libArduinoCore.a(HardwareSerial0.o)
                              Sketch.o (Serial)
U:\2017-08-24 bag sealer\heater_controller_firmware\heater_controller_firmware\ArduinoCore\Debug\libArduinoCore.a(main.o)
                              C:/Program Files (x86)/Atmel/Studio/7.0/Packs/atmel/ATmega_DFP/1.2.132/gcc/dev/atmega328p/avr5/crtatmega328p.o (main)
U:\2017-08-24 bag sealer\heater_controller_firmware\heater_controller_firmware\ArduinoCore\Debug\libArduinoCore.a(Print.o)
                              Sketch.o (_ZN5Print5writeEPKhj)
U:\2017-08-24 bag sealer\heater_controller_firmware\heater_controller_firmware\ArduinoCore\Debug\libArduinoCore.a(WInterrupts.o)
                              Sketch.o (attachInterrupt)
U:\2017-08-24 bag sealer\heater_controller_firmware\heater_controller_firmware\ArduinoCore\Debug\libArduinoCore.a(wiring.o)
                              Sketch.o (millis)
U:\2017-08-24 bag sealer\heater_controller_firmware\heater_controller_firmware\ArduinoCore\Debug\libArduinoCore.a(wiring_analog.o)
[...]
Memory Configuration

Name             Origin             Length             Attributes
text             0x00000000         0x00020000         xr
data             0x00800060         0x0000ffa0         rw !x
eeprom           0x00810000         0x00010000         rw !x
fuse             0x00820000         0x00000003         rw !x
lock             0x00830000         0x00000400         rw !x
signature        0x00840000         0x00000400         rw !x
user_signatures  0x00850000         0x00000400         rw !x
*default*        0x00000000         0xffffffff

Linker script and memory map

Address of section .data set to 0x800100
LOAD C:/Program Files (x86)/Atmel/Studio/7.0/Packs/atmel/ATmega_DFP/1.2.132/gcc/dev/atmega328p/avr5/crtatmega328p.o
LOAD Sketch.o
LOAD SmoothedAnalogInput.o
START GROUP
LOAD c:/program files (x86)/atmel/studio/7.0/toolchain/avr8/avr8-gnu-toolchain/bin/../lib/gcc/avr/5.4.0/../../../../avr/lib/avr5\libm.a
LOAD U:\2017-08-24 bag sealer\heater_controller_firmware\heater_controller_firmware\ArduinoCore\Debug\libArduinoCore.a
END GROUP
LOAD c:/program files (x86)/atmel/studio/7.0/toolchain/avr8/avr8-gnu-toolchain/bin/../lib/gcc/avr/5.4.0/avr5\libgcc.a
LOAD c:/program files (x86)/atmel/studio/7.0/toolchain/avr8/avr8-gnu-toolchain/bin/../lib/gcc/avr/5.4.0/../../../../avr/lib/avr5\libm.a
START GROUP
LOAD c:/program files (x86)/atmel/studio/7.0/toolchain/avr8/avr8-gnu-toolchain/bin/../lib/gcc/avr/5.4.0/avr5\libgcc.a
LOAD c:/program files (x86)/atmel/studio/7.0/toolchain/avr8/avr8-gnu-toolchain/bin/../lib/gcc/avr/5.4.0/../../../../avr/lib/avr5\libm.a
LOAD c:/program files (x86)/atmel/studio/7.0/toolchain/avr8/avr8-gnu-toolchain/bin/../lib/gcc/avr/5.4.0/../../../../avr/lib/avr5\libc.a
LOAD C:/Program Files (x86)/Atmel/Studio/7.0/Packs/atmel/ATmega_DFP/1.2.132/gcc/dev/atmega328p/avr5\libatmega328p.a
END GROUP
                0x00020000                __TEXT_REGION_LENGTH__ = DEFINED (__TEXT_REGION_LENGTH__)?__TEXT_REGION_LENGTH__:0x20000
                0x0000ffa0                __DATA_REGION_LENGTH__ = DEFINED (__DATA_REGION_LENGTH__)?__DATA_REGION_LENGTH__:0xffa0
                0x00010000                __EEPROM_REGION_LENGTH__ = DEFINED (__EEPROM_REGION_LENGTH__)?__EEPROM_REGION_LENGTH__:0x10000
                [0x00000003]                __FUSE_REGION_LENGTH__ = DEFINED (__FUSE_REGION_LENGTH__)?__FUSE_REGION_LENGTH__:0x400
                0x00000400                __LOCK_REGION_LENGTH__ = DEFINED (__LOCK_REGION_LENGTH__)?__LOCK_REGION_LENGTH__:0x400
                0x00000400                __SIGNATURE_REGION_LENGTH__ = DEFINED (__SIGNATURE_REGION_LENGTH__)?__SIGNATURE_REGION_LENGTH__:0x400
                0x00000400                __USER_SIGNATURE_REGION_LENGTH__ = DEFINED (__USER_SIGNATURE_REGION_LENGTH__)?__USER_SIGNATURE_REGION_LENGTH__:0x400

.hash
 *(.hash)

.dynsym
 *(.dynsym)

.dynstr
 *(.dynstr)

.gnu.version
 *(.gnu.version)

.gnu.version_d
 *(.gnu.version_d)

.gnu.version_r
 *(.gnu.version_r)

.rel.init
 *(.rel.init)

.rela.init
 *(.rela.init)

.rel.text
 *(.rel.text)
 *(.rel.text.*)
 *(.rel.gnu.linkonce.t*)

.rela.text
 *(.rela.text)
 *(.rela.text.*)
 *(.rela.gnu.linkonce.t*)

.rel.fini
 *(.rel.fini)

.rela.fini
 *(.rela.fini)

.rel.rodata
 *(.rel.rodata)
 *(.rel.rodata.*)
 *(.rel.gnu.linkonce.r*)

.rela.rodata
 *(.rela.rodata)
 *(.rela.rodata.*)
 *(.rela.gnu.linkonce.r*)

.rel.data
 *(.rel.data)
 *(.rel.data.*)
 *(.rel.gnu.linkonce.d*)

.rela.data
 *(.rela.data)
 *(.rela.data.*)
 *(.rela.gnu.linkonce.d*)

.rel.ctors
 *(.rel.ctors)

.rela.ctors
 *(.rela.ctors)

.rel.dtors
 *(.rel.dtors)

.rela.dtors
 *(.rela.dtors)

.rel.got
 *(.rel.got)

.rela.got
 *(.rela.got)

.rel.bss
 *(.rel.bss)

.rela.bss
 *(.rela.bss)

.rel.plt
 *(.rel.plt)

.rela.plt
 *(.rela.plt)

.text           0x00000000     0x3c8c
 *(.vectors)
 .vectors       0x00000000       0x68 C:/Program Files (x86)/Atmel/Studio/7.0/Packs/atmel/ATmega_DFP/1.2.132/gcc/dev/atmega328p/avr5/crtatmega328p.o
                0x00000000                __vector_default
                0x00000000                __vectors
 *(.vectors)
 *(.progmem.gcc*)
 .progmem.gcc_sw_table._ZN10debugger_t14refreshDisplayEv
                0x00000068        0xe Sketch.o
                0x00000076                . = ALIGN (0x2)
                0x00000076                __trampolines_start = .
 *(.trampolines)
 .trampolines   0x00000076        0x0 linker stubs
 *(.trampolines*)
                0x00000076                __trampolines_end = .
 *libprintf_flt.a:*(.progmem.data)
 *libc.a:*(.progmem.data)
 .progmem.data  0x00000076       0xfa c:/program files (x86)/atmel/studio/7.0/toolchain/avr8/avr8-gnu-toolchain/bin/../lib/gcc/avr/5.4.0/../../../../avr/lib/avr5\libc.a(ftoa_engine.o)
 *(.progmem*)
 .progmem.data.digital_pin_to_timer_PGM
                0x00000170       0x14 U:\2017-08-24 bag sealer\heater_controller_firmware\heater_controller_firmware\ArduinoCore\Debug\libArduinoCore.a(wiring_digital.o)
                0x00000170                digital_pin_to_timer_PGM
 .progmem.data.digital_pin_to_bit_mask_PGM
                0x00000184       0x14 U:\2017-08-24 bag sealer\heater_controller_firmware\heater_controller_firmware\ArduinoCore\Debug\libArduinoCore.a(wiring_digital.o)
                0x00000184                digital_pin_to_bit_mask_PGM
 .progmem.data.digital_pin_to_port_PGM
                0x00000198       0x14 U:\2017-08-24 bag sealer\heater_controller_firmware\heater_controller_firmware\ArduinoCore\Debug\libArduinoCore.a(wiring_digital.o)
                0x00000198                digital_pin_to_port_PGM
 .progmem.data.port_to_input_PGM
                0x000001ac        0xa U:\2017-08-24 bag sealer\heater_controller_firmware\heater_controller_firmware\ArduinoCore\Debug\libArduinoCore.a(wiring_digital.o)
                0x000001ac                port_to_input_PGM
 .progmem.data.port_to_output_PGM
                0x000001b6        0xa U:\2017-08-24 bag sealer\heater_controller_firmware\heater_controller_firmware\ArduinoCore\Debug\libArduinoCore.a(wiring_digital.o)
                0x000001b6                port_to_output_PGM
 .progmem.data.port_to_mode_PGM
                0x000001c0        0xa U:\2017-08-24 bag sealer\heater_controller_firmware\heater_controller_firmware\ArduinoCore\Debug\libArduinoCore.a(wiring_digital.o)
                0x000001c0                port_to_mode_PGM
 .progmem.data.u8g_dev_ssd13xx_sleep_off
                0x000001ca        0xb U:\2017-08-24 bag sealer\heater_controller_firmware\heater_controller_firmware\ArduinoCore\Debug\libArduinoCore.a(u8g_dev_ssd1306_128x64.o)
 .progmem.data.u8g_dev_ssd13xx_sleep_on
                0x000001d5        0x9 U:\2017-08-24 bag sealer\heater_controller_firmware\heater_controller_firmware\ArduinoCore\Debug\libArduinoCore.a(u8g_dev_ssd1306_128x64.o)
 .progmem.data.u8g_dev_ssd1306_128x64_data_start
                0x000001de        0x8 U:\2017-08-24 bag sealer\heater_controller_firmware\heater_controller_firmware\ArduinoCore\Debug\libArduinoCore.a(u8g_dev_ssd1306_128x64.o)
 .progmem.data.u8g_dev_ssd1306_128x64_adafruit2_init_seq
                0x000001e6       0x26 U:\2017-08-24 bag sealer\heater_controller_firmware\heater_controller_firmware\ArduinoCore\Debug\libArduinoCore.a(u8g_dev_ssd1306_128x64.o)
 .progmem.u8g_font_babyr
                0x0000020c      0x410 U:\2017-08-24 bag sealer\heater_controller_firmware\heater_controller_firmware\ArduinoCore\Debug\libArduinoCore.a(u8g_font_data.o)
                0x0000020c                u8g_font_babyr
                0x0000061c                . = ALIGN (0x2)
 *(.jumptables)
 *(.jumptables*)
 *(.lowtext)
 *(.lowtext*)
                0x0000061c                __ctors_start = .
 *(.ctors)
 .ctors         0x0000061c        0x2 Sketch.o
 .ctors         0x0000061e        0x2 U:\2017-08-24 bag sealer\heater_controller_firmware\heater_controller_firmware\ArduinoCore\Debug\libArduinoCore.a(HardwareSerial0.o)
                0x00000620                __ctors_end = .
                0x00000620                __dtors_start = .
 *(.dtors)
 .dtors         0x00000620        0x2 Sketch.o
                0x00000622                __dtors_end = .
 SORT(*)(.ctors)
 SORT(*)(.dtors)
 *(.init0)
 .init0         0x00000622        0x0 C:/Program Files (x86)/Atmel/Studio/7.0/Packs/atmel/ATmega_DFP/1.2.132/gcc/dev/atmega328p/avr5/crtatmega328p.o
                0x00000622                __init
 *(.init0)
 *(.init1)
 *(.init1)
 *(.init2)
 .init2         0x00000622        0xc C:/Program Files (x86)/Atmel/Studio/7.0/Packs/atmel/ATmega_DFP/1.2.132/gcc/dev/atmega328p/avr5/crtatmega328p.o
 *(.init2)
 *(.init3)
 *(.init3)
 *(.init4)
 .init4         0x0000062e       0x16 c:/program files (x86)/atmel/studio/7.0/toolchain/avr8/avr8-gnu-toolchain/bin/../lib/gcc/avr/5.4.0/avr5\libgcc.a(_copy_data.o)
                0x0000062e                __do_copy_data
 .init4         0x00000644       0x10 c:/program files (x86)/atmel/studio/7.0/toolchain/avr8/avr8-gnu-toolchain/bin/../lib/gcc/avr/5.4.0/avr5\libgcc.a(_clear_bss.o)
                0x00000644                __do_clear_bss
 *(.init4)
 *(.init5)
 *(.init5)
 *(.init6)
 .init6         0x00000654       0x16 c:/program files (x86)/atmel/studio/7.0/toolchain/avr8/avr8-gnu-toolchain/bin/../lib/gcc/avr/5.4.0/avr5\libgcc.a(_ctors.o)
                0x00000654                __do_global_ctors
 *(.init6)
 *(.init7)
 *(.init7)
 *(.init8)
 *(.init8)
 *(.init9)
 .init9         0x0000066a        0x8 C:/Program Files (x86)/Atmel/Studio/7.0/Packs/atmel/ATmega_DFP/1.2.132/gcc/dev/atmega328p/avr5/crtatmega328p.o
 *(.init9)
 *(.text)
 .text          0x00000672        0x4 C:/Program Files (x86)/Atmel/Studio/7.0/Packs/atmel/ATmega_DFP/1.2.132/gcc/dev/atmega328p/avr5/crtatmega328p.o
                0x00000672                __vector_22
                0x00000672                __vector_24
                0x00000672                __vector_12
                0x00000672                __bad_interrupt
                0x00000672                __vector_6
                0x00000672                __vector_3
                0x00000672                __vector_23
                0x00000672                __vector_25
                0x00000672                __vector_11
                0x00000672                __vector_13
                0x00000672                __vector_17
                0x00000672                __vector_7
                0x00000672                __vector_5
                0x00000672                __vector_4
                0x00000672                __vector_9
                0x00000672                __vector_21
                0x00000672                __vector_15
                0x00000672                __vector_8
                0x00000672                __vector_14
                0x00000672                __vector_10
                0x00000672                __vector_20
                0x00000676                . = ALIGN (0x2)
 *(.text.*)
 .text._Z20doImpulse_button_ISRv
                0x00000676        0x8 Sketch.o
                0x00000676                _Z20doImpulse_button_ISRv
 .text._ZN6U8GLIB5writeEh
                0x0000067e       0x22 Sketch.o
                0x0000067e                _ZN6U8GLIB5writeEh
 .text._ZN10debugger_t8drawFormEv
                0x000006a0      0x106 Sketch.o
                0x000006a0                _ZN10debugger_t8drawFormEv
 .text._ZN10debugger_t14refreshDisplayEv
                0x000007a6      0x162 Sketch.o
                0x000007a6                _ZN10debugger_t14refreshDisplayEv
 .text._Z9doImpulsev
                0x00000908       0x3c Sketch.o
                0x00000908                _Z9doImpulsev
 .text._Z17doImpulse_onPressR6Button
                0x00000944        0x4 Sketch.o
                0x00000944                _Z17doImpulse_onPressR6Button
 .text.setup    0x00000948       0x66 Sketch.o
                0x00000948                setup
 .text._Z14refreshDisplayv
                0x000009ae       0x7a Sketch.o
                0x000009ae                _Z14refreshDisplayv
 .text.loop     0x00000a28      0x424 Sketch.o
                0x00000a28                loop
 .text.startup._GLOBAL__sub_I_u8g
                0x00000e4c       0xee Sketch.o
 .text.exit._GLOBAL__sub_D_u8g
                0x00000f3a       0x34 Sketch.o
 .text._ZN19SmoothedAnalogInputC2Ehm
                0x00000f6e       0x84 SmoothedAnalogInput.o
                0x00000f6e                _ZN19SmoothedAnalogInputC1Ehm
                0x00000f6e                _ZN19SmoothedAnalogInputC2Ehm
 .text._ZN19SmoothedAnalogInput7processEv
                0x00000ff2      0x112 SmoothedAnalogInput.o
                0x00000ff2                _ZN19SmoothedAnalogInput7processEv
 .text._ZN19SmoothedAnalogInput4initEv
                0x00001104       0x56 SmoothedAnalogInput.o
                0x00001104                _ZN19SmoothedAnalogInput4initEv
 .text._ZN19SmoothedAnalogInput7rollingEv
                0x0000115a       0x3e SmoothedAnalogInput.o
                0x0000115a                _ZN19SmoothedAnalogInput7rollingEv
 .text.avr-libc.fplib
                0x00001198        0xe c:/program files (x86)/atmel/studio/7.0/toolchain/avr8/avr8-gnu-toolchain/bin/../lib/gcc/avr/5.4.0/../../../../avr/lib/avr5\libm.a(addsf3.o)
                0x00001198                __subsf3
                0x0000119a                __addsf3
 .text.avr-libc.fplib
                0x000011a6       0xcc c:/program files (x86)/atmel/studio/7.0/toolchain/avr8/avr8-gnu-toolchain/bin/../lib/gcc/avr/5.4.0/../../../../avr/lib/avr5\libm.a(addsf3x.o)
                0x000011c8                __addsf3x
 .text.avr-libc.fplib
                0x00001272        0x8 c:/program files (x86)/atmel/studio/7.0/toolchain/avr8/avr8-gnu-toolchain/bin/../lib/gcc/avr/5.4.0/../../../../avr/lib/avr5\libm.a(divsf3.o)
                0x00001272                __divsf3
 .text.avr-libc.fplib
                0x0000127a       0xdc c:/program files (x86)/atmel/studio/7.0/toolchain/avr8/avr8-gnu-toolchain/bin/../lib/gcc/avr/5.4.0/../../../../avr/lib/avr5\libm.a(divsf3x.o)
                0x0000129a                __divsf3x
                0x000012a0                __divsf3_pse
 .text.avr-libc.fplib
                0x00001356       0x7a c:/program files (x86)/atmel/studio/7.0/toolchain/avr8/avr8-gnu-toolchain/bin/../lib/gcc/avr/5.4.0/../../../../avr/lib/avr5\libm.a(floatsisf.o)
                0x00001356                __floatunsisf
                0x0000135a                __floatsisf
 .text.avr-libc.fplib
                0x000013d0        0xc c:/program files (x86)/atmel/studio/7.0/toolchain/avr8/avr8-gnu-toolchain/bin/../lib/gcc/avr/5.4.0/../../../../avr/lib/avr5\libm.a(fp_inf.o)
                0x000013d0                __fp_inf
 .text.avr-libc.fplib
                0x000013dc        0x6 c:/program files (x86)/atmel/studio/7.0/toolchain/avr8/avr8-gnu-toolchain/bin/../lib/gcc/avr/5.4.0/../../../../avr/lib/avr5\libm.a(fp_nan.o)
                0x000013dc                __fp_nan
 .text.avr-libc.fplib
                0x000013e2        0xe c:/program files (x86)/atmel/studio/7.0/toolchain/avr8/avr8-gnu-toolchain/bin/../lib/gcc/avr/5.4.0/../../../../avr/lib/avr5\libm.a(fp_pscA.o)
                0x000013e2                __fp_pscA
 .text.avr-libc.fplib
                0x000013f0        0xe c:/program files (x86)/atmel/studio/7.0/toolchain/avr8/avr8-gnu-toolchain/bin/../lib/gcc/avr/5.4.0/../../../../avr/lib/avr5\libm.a(fp_pscB.o)
                0x000013f0                __fp_pscB
 .text.avr-libc.fplib
                0x000013fe       0x22 c:/program files (x86)/atmel/studio/7.0/toolchain/avr8/avr8-gnu-toolchain/bin/../lib/gcc/avr/5.4.0/../../../../avr/lib/avr5\libm.a(fp_round.o)
                0x000013fe                __fp_round
 .text.avr-libc.fplib
                0x00001420       0x44 c:/program files (x86)/atmel/studio/7.0/toolchain/avr8/avr8-gnu-toolchain/bin/../lib/gcc/avr/5.4.0/../../../../avr/lib/avr5\libm.a(fp_split3.o)
                0x00001420                __fp_split3
                0x00001430                __fp_splitA
 .text.avr-libc.fplib
                0x00001464        0xe c:/program files (x86)/atmel/studio/7.0/toolchain/avr8/avr8-gnu-toolchain/bin/../lib/gcc/avr/5.4.0/../../../../avr/lib/avr5\libm.a(fp_zero.o)
                0x00001464                __fp_zero
                0x00001466                __fp_szero
 .text._ZN14HardwareSerial9availableEv
                0x00001472       0x18 U:\2017-08-24 bag sealer\heater_controller_firmware\heater_controller_firmware\ArduinoCore\Debug\libArduinoCore.a(HardwareSerial.o)
                0x00001472                _ZN14HardwareSerial9availableEv
 .text._ZN14HardwareSerial4peekEv
                0x0000148a       0x1c U:\2017-08-24 bag sealer\heater_controller_firmware\heater_controller_firmware\ArduinoCore\Debug\libArduinoCore.a(HardwareSerial.o)
                0x0000148a                _ZN14HardwareSerial4peekEv
 .text._ZN14HardwareSerial4readEv
                0x000014a6       0x28 U:\2017-08-24 bag sealer\heater_controller_firmware\heater_controller_firmware\ArduinoCore\Debug\libArduinoCore.a(HardwareSerial.o)
                0x000014a6                _ZN14HardwareSerial4readEv
 .text._Z14serialEventRunv
                0x000014ce       0x1c U:\2017-08-24 bag sealer\heater_controller_firmware\heater_controller_firmware\ArduinoCore\Debug\libArduinoCore.a(HardwareSerial.o)
                0x000014ce                _Z14serialEventRunv
 .text._ZN14HardwareSerial17_tx_udr_empty_irqEv
                0x000014ea       0x42 U:\2017-08-24 bag sealer\heater_controller_firmware\heater_controller_firmware\ArduinoCore\Debug\libArduinoCore.a(HardwareSerial.o)
                0x000014ea                _ZN14HardwareSerial17_tx_udr_empty_irqEv
 .text._ZN14HardwareSerial5writeEh
                0x0000152c       0x8e U:\2017-08-24 bag sealer\heater_controller_firmware\heater_controller_firmware\ArduinoCore\Debug\libArduinoCore.a(HardwareSerial.o)
                0x0000152c                _ZN14HardwareSerial5writeEh
 .text._ZN14HardwareSerial5flushEv
                0x000015ba       0x44 U:\2017-08-24 bag sealer\heater_controller_firmware\heater_controller_firmware\ArduinoCore\Debug\libArduinoCore.a(HardwareSerial.o)
                0x000015ba                _ZN14HardwareSerial5flushEv
 .text._ZN14HardwareSerial5beginEmh
                0x000015fe       0xca U:\2017-08-24 bag sealer\heater_controller_firmware\heater_controller_firmware\ArduinoCore\Debug\libArduinoCore.a(HardwareSerial.o)
                0x000015fe                _ZN14HardwareSerial5beginEmh
 .text.__vector_18
                0x000016c8       0x64 U:\2017-08-24 bag sealer\heater_controller_firmware\heater_controller_firmware\ArduinoCore\Debug\libArduinoCore.a(HardwareSerial0.o)
                0x000016c8                __vector_18
 .text.__vector_19
                0x0000172c       0x4c U:\2017-08-24 bag sealer\heater_controller_firmware\heater_controller_firmware\ArduinoCore\Debug\libArduinoCore.a(HardwareSerial0.o)
                0x0000172c                __vector_19
 .text._Z17Serial0_availablev
                0x00001778       0x14 U:\2017-08-24 bag sealer\heater_controller_firmware\heater_controller_firmware\ArduinoCore\Debug\libArduinoCore.a(HardwareSerial0.o)
                0x00001778                _Z17Serial0_availablev
 .text.startup._GLOBAL__sub_I___vector_18
                0x0000178c       0x5a U:\2017-08-24 bag sealer\heater_controller_firmware\heater_controller_firmware\ArduinoCore\Debug\libArduinoCore.a(HardwareSerial0.o)
 .text.initVariant
                0x000017e6        0x2 U:\2017-08-24 bag sealer\heater_controller_firmware\heater_controller_firmware\ArduinoCore\Debug\libArduinoCore.a(main.o)
                0x000017e6                initVariant
 .text.startup.main
                0x000017e8       0x1e U:\2017-08-24 bag sealer\heater_controller_firmware\heater_controller_firmware\ArduinoCore\Debug\libArduinoCore.a(main.o)
                0x000017e8                main
 .text._ZN5Print5writeEPKhj
                0x00001806       0x54 U:\2017-08-24 bag sealer\heater_controller_firmware\heater_controller_firmware\ArduinoCore\Debug\libArduinoCore.a(Print.o)
                0x00001806                _ZN5Print5writeEPKhj
 .text._ZN5Print5writeEPKc
                0x0000185a       0x2a U:\2017-08-24 bag sealer\heater_controller_firmware\heater_controller_firmware\ArduinoCore\Debug\libArduinoCore.a(Print.o)
                0x0000185a                _ZN5Print5writeEPKc
 .text._ZN5Print5printERK6String
                0x00001884       0x1c U:\2017-08-24 bag sealer\heater_controller_firmware\heater_controller_firmware\ArduinoCore\Debug\libArduinoCore.a(Print.o)
                0x00001884                _ZN5Print5printERK6String
 .text._ZN5Print5printEPKc
                0x000018a0        0x4 U:\2017-08-24 bag sealer\heater_controller_firmware\heater_controller_firmware\ArduinoCore\Debug\libArduinoCore.a(Print.o)
                0x000018a0                _ZN5Print5printEPKc
 .text._ZN5Print5printEc
                0x000018a4        0xe U:\2017-08-24 bag sealer\heater_controller_firmware\heater_controller_firmware\ArduinoCore\Debug\libArduinoCore.a(Print.o)
                0x000018a4                _ZN5Print5printEc
 .text._ZN5Print11printNumberEmh
                0x000018b2       0x92 U:\2017-08-24 bag sealer\heater_controller_firmware\heater_controller_firmware\ArduinoCore\Debug\libArduinoCore.a(Print.o)
                0x000018b2                _ZN5Print11printNumberEmh
 .text._ZN5Print5printEmi
                0x00001944       0x1a U:\2017-08-24 bag sealer\heater_controller_firmware\heater_controller_firmware\ArduinoCore\Debug\libArduinoCore.a(Print.o)
                0x00001944                _ZN5Print5printEmi
 .text._ZN5Print5printEhi
                0x0000195e        0xe U:\2017-08-24 bag sealer\heater_controller_firmware\heater_controller_firmware\ArduinoCore\Debug\libArduinoCore.a(Print.o)
                0x0000195e                _ZN5Print5printEhi
 .text._ZN5Print5printEji
                0x0000196c        0xc U:\2017-08-24 bag sealer\heater_controller_firmware\heater_controller_firmware\ArduinoCore\Debug\libArduinoCore.a(Print.o)
                0x0000196c                _ZN5Print5printEji
 .text._ZN5Print5printEli
                0x00001978       0x90 U:\2017-08-24 bag sealer\heater_controller_firmware\heater_controller_firmware\ArduinoCore\Debug\libArduinoCore.a(Print.o)
                0x00001978                _ZN5Print5printEli
 .text._ZN5Print5printEii
                0x00001a08        0xe U:\2017-08-24 bag sealer\heater_controller_firmware\heater_controller_firmware\ArduinoCore\Debug\libArduinoCore.a(Print.o)
                0x00001a08                _ZN5Print5printEii
 .text._ZN5Print10printFloatEdh
                0x00001a16      0x1ba U:\2017-08-24 bag sealer\heater_controller_firmware\heater_controller_firmware\ArduinoCore\Debug\libArduinoCore.a(Print.o)
                0x00001a16                _ZN5Print10printFloatEdh
 .text._ZN5Print5printEdi
                0x00001bd0        0x4 U:\2017-08-24 bag sealer\heater_controller_firmware\heater_controller_firmware\ArduinoCore\Debug\libArduinoCore.a(Print.o)
                0x00001bd0                _ZN5Print5printEdi
 .text.nothing  0x00001bd4        0x2 U:\2017-08-24 bag sealer\heater_controller_firmware\heater_controller_firmware\ArduinoCore\Debug\libArduinoCore.a(WInterrupts.o)
 .text.attachInterrupt
                0x00001bd6       0x40 U:\2017-08-24 bag sealer\heater_controller_firmware\heater_controller_firmware\ArduinoCore\Debug\libArduinoCore.a(WInterrupts.o)
                0x00001bd6                attachInterrupt
 .text.__vector_1
                0x00001c16       0x4e U:\2017-08-24 bag sealer\heater_controller_firmware\heater_controller_firmware\ArduinoCore\Debug\libArduinoCore.a(WInterrupts.o)
                0x00001c16                __vector_1
 .text.__vector_2
                0x00001c64       0x4e U:\2017-08-24 bag sealer\heater_controller_firmware\heater_controller_firmware\ArduinoCore\Debug\libArduinoCore.a(WInterrupts.o)
                0x00001c64                __vector_2
 .text.__vector_16
                0x00001cb2       0x94 U:\2017-08-24 bag sealer\heater_controller_firmware\heater_controller_firmware\ArduinoCore\Debug\libArduinoCore.a(wiring.o)
                0x00001cb2                __vector_16
 .text.millis   0x00001d46       0x18 U:\2017-08-24 bag sealer\heater_controller_firmware\heater_controller_firmware\ArduinoCore\Debug\libArduinoCore.a(wiring.o)
                0x00001d46                millis
 .text.micros   0x00001d5e       0x4a U:\2017-08-24 bag sealer\heater_controller_firmware\heater_controller_firmware\ArduinoCore\Debug\libArduinoCore.a(wiring.o)
                0x00001d5e                micros
 .text.init     0x00001da8       0x76 U:\2017-08-24 bag sealer\heater_controller_firmware\heater_controller_firmware\ArduinoCore\Debug\libArduinoCore.a(wiring.o)
                0x00001da8                init
 .text.analogRead
                0x00001e1e       0x3a U:\2017-08-24 bag sealer\heater_controller_firmware\heater_controller_firmware\ArduinoCore\Debug\libArduinoCore.a(wiring_analog.o)
                0x00001e1e                analogRead
 .text.turnOffPWM
                0x00001e58       0x52 U:\2017-08-24 bag sealer\heater_controller_firmware\heater_controller_firmware\ArduinoCore\Debug\libArduinoCore.a(wiring_digital.o)
 .text.pinMode  0x00001eaa       0x78 U:\2017-08-24 bag sealer\heater_controller_firmware\heater_controller_firmware\ArduinoCore\Debug\libArduinoCore.a(wiring_digital.o)
                0x00001eaa                pinMode
 .text.digitalWrite
                0x00001f22       0x5e U:\2017-08-24 bag sealer\heater_controller_firmware\heater_controller_firmware\ArduinoCore\Debug\libArduinoCore.a(wiring_digital.o)
                0x00001f22                digitalWrite
 .text.digitalRead
                0x00001f80       0x52 U:\2017-08-24 bag sealer\heater_controller_firmware\heater_controller_firmware\ArduinoCore\Debug\libArduinoCore.a(wiring_digital.o)
                0x00001f80                digitalRead
 .text._ZN6StringD2Ev
                0x00001fd2        0xa U:\2017-08-24 bag sealer\heater_controller_firmware\heater_controller_firmware\ArduinoCore\Debug\libArduinoCore.a(WString.o)
                0x00001fd2                _ZN6StringD2Ev
                0x00001fd2                _ZN6StringD1Ev
 .text._ZN6String10invalidateEv
                0x00001fdc       0x24 U:\2017-08-24 bag sealer\heater_controller_firmware\heater_controller_firmware\ArduinoCore\Debug\libArduinoCore.a(WString.o)
                0x00001fdc                _ZN6String10invalidateEv
 .text._ZN6String12changeBufferEj
                0x00002000       0x34 U:\2017-08-24 bag sealer\heater_controller_firmware\heater_controller_firmware\ArduinoCore\Debug\libArduinoCore.a(WString.o)
                0x00002000                _ZN6String12changeBufferEj
 .text._ZN6String7reserveEj
                0x00002034       0x38 U:\2017-08-24 bag sealer\heater_controller_firmware\heater_controller_firmware\ArduinoCore\Debug\libArduinoCore.a(WString.o)
                0x00002034                _ZN6String7reserveEj
 .text._ZN6String4copyEPKcj
                0x0000206c       0x42 U:\2017-08-24 bag sealer\heater_controller_firmware\heater_controller_firmware\ArduinoCore\Debug\libArduinoCore.a(WString.o)
                0x0000206c                _ZN6String4copyEPKcj
 .text._ZN6StringC2EPKc
                0x000020ae       0x2a U:\2017-08-24 bag sealer\heater_controller_firmware\heater_controller_firmware\ArduinoCore\Debug\libArduinoCore.a(WString.o)
                0x000020ae                _ZN6StringC2EPKc
                0x000020ae                _ZN6StringC1EPKc
 .text._ZN6StringaSERKS_
                0x000020d8       0x2e U:\2017-08-24 bag sealer\heater_controller_firmware\heater_controller_firmware\ArduinoCore\Debug\libArduinoCore.a(WString.o)
                0x000020d8                _ZN6StringaSERKS_
 .text._ZN6StringC2ERKS_
                0x00002106       0x12 U:\2017-08-24 bag sealer\heater_controller_firmware\heater_controller_firmware\ArduinoCore\Debug\libArduinoCore.a(WString.o)
                0x00002106                _ZN6StringC2ERKS_
                0x00002106                _ZN6StringC1ERKS_
 .text._ZN6String6concatEPKcj
                0x00002118       0x5c U:\2017-08-24 bag sealer\heater_controller_firmware\heater_controller_firmware\ArduinoCore\Debug\libArduinoCore.a(WString.o)
                0x00002118                _ZN6String6concatEPKcj
 .text._ZN6String6concatEm
                0x00002174       0x62 U:\2017-08-24 bag sealer\heater_controller_firmware\heater_controller_firmware\ArduinoCore\Debug\libArduinoCore.a(WString.o)
                0x00002174                _ZN6String6concatEm
 .text._ZN6String6concatEf
                0x000021d6       0x62 U:\2017-08-24 bag sealer\heater_controller_firmware\heater_controller_firmware\ArduinoCore\Debug\libArduinoCore.a(WString.o)
                0x000021d6                _ZN6String6concatEf
 .text._ZplRK15StringSumHelperm
                0x00002238       0x1c U:\2017-08-24 bag sealer\heater_controller_firmware\heater_controller_firmware\ArduinoCore\Debug\libArduinoCore.a(WString.o)
                0x00002238                _ZplRK15StringSumHelperm
 .text._ZplRK15StringSumHelperf
                0x00002254       0x1c U:\2017-08-24 bag sealer\heater_controller_firmware\heater_controller_firmware\ArduinoCore\Debug\libArduinoCore.a(WString.o)
                0x00002254                _ZplRK15StringSumHelperf
 .text._ZN6U8GLIB7initI2CEP10_u8g_dev_th
                0x00002270        0xe U:\2017-08-24 bag sealer\heater_controller_firmware\heater_controller_firmware\ArduinoCore\Debug\libArduinoCore.a(U8glib.o)
                0x00002270                _ZN6U8GLIB7initI2CEP10_u8g_dev_th
 .text.u8g_dev_ssd1306_128x64_fn
                0x0000227e       0xd4 U:\2017-08-24 bag sealer\heater_controller_firmware\heater_controller_firmware\ArduinoCore\Debug\libArduinoCore.a(u8g_dev_ssd1306_128x64.o)
                0x0000227e                u8g_dev_ssd1306_128x64_fn
 .text.u8g_font_get_word
                0x00002352       0x18 U:\2017-08-24 bag sealer\heater_controller_firmware\heater_controller_firmware\ArduinoCore\Debug\libArduinoCore.a(u8g_font.o)
 .text.u8g_font_GetFormat
                0x0000236a        0x6 U:\2017-08-24 bag sealer\heater_controller_firmware\heater_controller_firmware\ArduinoCore\Debug\libArduinoCore.a(u8g_font.o)
 .text.u8g_font_GetFontGlyphStructureSize
                0x00002370       0x14 U:\2017-08-24 bag sealer\heater_controller_firmware\heater_controller_firmware\ArduinoCore\Debug\libArduinoCore.a(u8g_font.o)
 .text.u8g_font_calc_vref_font
                0x00002384        0x4 U:\2017-08-24 bag sealer\heater_controller_firmware\heater_controller_firmware\ArduinoCore\Debug\libArduinoCore.a(u8g_font.o)
                0x00002384                u8g_font_calc_vref_font
 .text.u8g_font_GetEncoding65Pos
                0x00002388        0x6 U:\2017-08-24 bag sealer\heater_controller_firmware\heater_controller_firmware\ArduinoCore\Debug\libArduinoCore.a(u8g_font.o)
                0x00002388                u8g_font_GetEncoding65Pos
 .text.u8g_font_GetEncoding97Pos
                0x0000238e        0x6 U:\2017-08-24 bag sealer\heater_controller_firmware\heater_controller_firmware\ArduinoCore\Debug\libArduinoCore.a(u8g_font.o)
                0x0000238e                u8g_font_GetEncoding97Pos
 .text.u8g_font_GetFontStartEncoding
                0x00002394        0x8 U:\2017-08-24 bag sealer\heater_controller_firmware\heater_controller_firmware\ArduinoCore\Debug\libArduinoCore.a(u8g_font.o)
                0x00002394                u8g_font_GetFontStartEncoding
 .text.u8g_font_GetFontEndEncoding
                0x0000239c        0x8 U:\2017-08-24 bag sealer\heater_controller_firmware\heater_controller_firmware\ArduinoCore\Debug\libArduinoCore.a(u8g_font.o)
                0x0000239c                u8g_font_GetFontEndEncoding
 .text.u8g_GetGlyph
                0x000023a4      0x1ac U:\2017-08-24 bag sealer\heater_controller_firmware\heater_controller_firmware\ArduinoCore\Debug\libArduinoCore.a(u8g_font.o)
                0x000023a4                u8g_GetGlyph
 .text.u8g_draw_glyph
                0x00002550       0xc0 U:\2017-08-24 bag sealer\heater_controller_firmware\heater_controller_firmware\ArduinoCore\Debug\libArduinoCore.a(u8g_font.o)
                0x00002550                u8g_draw_glyph
 .text.u8g_DrawGlyph
                0x00002610       0x30 U:\2017-08-24 bag sealer\heater_controller_firmware\heater_controller_firmware\ArduinoCore\Debug\libArduinoCore.a(u8g_font.o)
                0x00002610                u8g_DrawGlyph
 .text.u8g_UpdateRefHeight
                0x00002640       0x92 U:\2017-08-24 bag sealer\heater_controller_firmware\heater_controller_firmware\ArduinoCore\Debug\libArduinoCore.a(u8g_font.o)
                0x00002640                u8g_UpdateRefHeight
 .text.u8g_SetFontPosBaseline
                0x000026d2        0xc U:\2017-08-24 bag sealer\heater_controller_firmware\heater_controller_firmware\ArduinoCore\Debug\libArduinoCore.a(u8g_font.o)
                0x000026d2                u8g_SetFontPosBaseline
 .text.u8g_SetFont
                0x000026de       0x28 U:\2017-08-24 bag sealer\heater_controller_firmware\heater_controller_firmware\ArduinoCore\Debug\libArduinoCore.a(u8g_font.o)
                0x000026de                u8g_SetFont
 .text.u8g_init_data
                0x00002706       0x56 U:\2017-08-24 bag sealer\heater_controller_firmware\heater_controller_firmware\ArduinoCore\Debug\libArduinoCore.a(u8g_ll_api.o)
 .text.u8g_call_dev_fn
                0x0000275c        0x8 U:\2017-08-24 bag sealer\heater_controller_firmware\heater_controller_firmware\ArduinoCore\Debug\libArduinoCore.a(u8g_ll_api.o)
                0x0000275c                u8g_call_dev_fn
 .text.u8g_InitLL
                0x00002764       0x40 U:\2017-08-24 bag sealer\heater_controller_firmware\heater_controller_firmware\ArduinoCore\Debug\libArduinoCore.a(u8g_ll_api.o)
                0x00002764                u8g_InitLL
 .text.u8g_FirstPageLL
                0x000027a4       0x4a U:\2017-08-24 bag sealer\heater_controller_firmware\heater_controller_firmware\ArduinoCore\Debug\libArduinoCore.a(u8g_ll_api.o)
                0x000027a4                u8g_FirstPageLL
 .text.u8g_NextPageLL
                0x000027ee       0x58 U:\2017-08-24 bag sealer\heater_controller_firmware\heater_controller_firmware\ArduinoCore\Debug\libArduinoCore.a(u8g_ll_api.o)
                0x000027ee                u8g_NextPageLL
 .text.u8g_GetWidthLL
                0x00002846       0x20 U:\2017-08-24 bag sealer\heater_controller_firmware\heater_controller_firmware\ArduinoCore\Debug\libArduinoCore.a(u8g_ll_api.o)
                0x00002846                u8g_GetWidthLL
 .text.u8g_GetHeightLL
                0x00002866       0x20 U:\2017-08-24 bag sealer\heater_controller_firmware\heater_controller_firmware\ArduinoCore\Debug\libArduinoCore.a(u8g_ll_api.o)
                0x00002866                u8g_GetHeightLL
 .text.u8g_GetModeLL
                0x00002886        0xa U:\2017-08-24 bag sealer\heater_controller_firmware\heater_controller_firmware\ArduinoCore\Debug\libArduinoCore.a(u8g_ll_api.o)
                0x00002886                u8g_GetModeLL
 .text.u8g_UpdateDimension
                0x00002890       0x3e U:\2017-08-24 bag sealer\heater_controller_firmware\heater_controller_firmware\ArduinoCore\Debug\libArduinoCore.a(u8g_ll_api.o)
                0x00002890                u8g_UpdateDimension
 .text.u8g_Begin
                0x000028ce       0x20 U:\2017-08-24 bag sealer\heater_controller_firmware\heater_controller_firmware\ArduinoCore\Debug\libArduinoCore.a(u8g_ll_api.o)
                0x000028ce                u8g_Begin
 .text.u8g_InitI2C
                0x000028ee       0x2a U:\2017-08-24 bag sealer\heater_controller_firmware\heater_controller_firmware\ArduinoCore\Debug\libArduinoCore.a(u8g_ll_api.o)
                0x000028ee                u8g_InitI2C
 .text.u8g_FirstPage
                0x00002918        0xa U:\2017-08-24 bag sealer\heater_controller_firmware\heater_controller_firmware\ArduinoCore\Debug\libArduinoCore.a(u8g_ll_api.o)
                0x00002918                u8g_FirstPage
 .text.u8g_NextPage
                0x00002922       0x1e U:\2017-08-24 bag sealer\heater_controller_firmware\heater_controller_firmware\ArduinoCore\Debug\libArduinoCore.a(u8g_ll_api.o)
                0x00002922                u8g_NextPage
 .text.u8g_Draw8Pixel
                0x00002940       0x22 U:\2017-08-24 bag sealer\heater_controller_firmware\heater_controller_firmware\ArduinoCore\Debug\libArduinoCore.a(u8g_ll_api.o)
                0x00002940                u8g_Draw8Pixel
 .text.u8g_SetColorIndex
                0x00002962        0x6 U:\2017-08-24 bag sealer\heater_controller_firmware\heater_controller_firmware\ArduinoCore\Debug\libArduinoCore.a(u8g_ll_api.o)
                0x00002962                u8g_SetColorIndex
 .text.u8g_pb_Clear
                0x00002968       0x20 U:\2017-08-24 bag sealer\heater_controller_firmware\heater_controller_firmware\ArduinoCore\Debug\libArduinoCore.a(u8g_pb.o)
                0x00002968                u8g_pb_Clear
 .text.u8g_pb_IsYIntersection
                0x00002988       0x2e U:\2017-08-24 bag sealer\heater_controller_firmware\heater_controller_firmware\ArduinoCore\Debug\libArduinoCore.a(u8g_pb.o)
                0x00002988                u8g_pb_IsYIntersection
 .text.u8g_pb_GetPageBox
                0x000029b6       0x20 U:\2017-08-24 bag sealer\heater_controller_firmware\heater_controller_firmware\ArduinoCore\Debug\libArduinoCore.a(u8g_pb.o)
                0x000029b6                u8g_pb_GetPageBox
 .text.u8g_pb_Is8PixelVisible
                0x000029d6       0x20 U:\2017-08-24 bag sealer\heater_controller_firmware\heater_controller_firmware\ArduinoCore\Debug\libArduinoCore.a(u8g_pb.o)
                0x000029d6                u8g_pb_Is8PixelVisible
 .text.u8g_pb_WriteBuffer
                0x000029f6       0x10 U:\2017-08-24 bag sealer\heater_controller_firmware\heater_controller_firmware\ArduinoCore\Debug\libArduinoCore.a(u8g_pb.o)
                0x000029f6                u8g_pb_WriteBuffer
 .text.u8g_pb8v1_set_pixel
                0x00002a06       0x34 U:\2017-08-24 bag sealer\heater_controller_firmware\heater_controller_firmware\ArduinoCore\Debug\libArduinoCore.a(u8g_pb8v1.o)
                0x00002a06                u8g_pb8v1_set_pixel
 .text.u8g_pb8v1_SetPixel
                0x00002a3a       0x2c U:\2017-08-24 bag sealer\heater_controller_firmware\heater_controller_firmware\ArduinoCore\Debug\libArduinoCore.a(u8g_pb8v1.o)
                0x00002a3a                u8g_pb8v1_SetPixel
 .text.u8g_pb8v1_Set8PixelOpt2
                0x00002a66       0x68 U:\2017-08-24 bag sealer\heater_controller_firmware\heater_controller_firmware\ArduinoCore\Debug\libArduinoCore.a(u8g_pb8v1.o)
                0x00002a66                u8g_pb8v1_Set8PixelOpt2
 .text.u8g_dev_pb8v1_base_fn
                0x00002ace       0x8e U:\2017-08-24 bag sealer\heater_controller_firmware\heater_controller_firmware\ArduinoCore\Debug\libArduinoCore.a(u8g_pb8v1.o)
                0x00002ace                u8g_dev_pb8v1_base_fn
 .text.u8g_state_dummy_cb
                0x00002b5c        0x2 U:\2017-08-24 bag sealer\heater_controller_firmware\heater_controller_firmware\ArduinoCore\Debug\libArduinoCore.a(u8g_state.o)
                0x00002b5c                u8g_state_dummy_cb
 .text._ZN6Button6pullupEh
                0x00002b5e       0x14 U:\2017-08-24 bag sealer\heater_controller_firmware\heater_controller_firmware\ArduinoCore\Debug\libArduinoCore.a(Button.o)
                0x00002b5e                _ZN6Button6pullupEh
 .text._ZN6ButtonC2Ehhbi
                0x00002b72       0x70 U:\2017-08-24 bag sealer\heater_controller_firmware\heater_controller_firmware\ArduinoCore\Debug\libArduinoCore.a(Button.o)
                0x00002b72                _ZN6ButtonC2Ehhbi
                0x00002b72                _ZN6ButtonC1Ehhbi
 .text._ZN6Button7processEv
                0x00002be2      0x12a U:\2017-08-24 bag sealer\heater_controller_firmware\heater_controller_firmware\ArduinoCore\Debug\libArduinoCore.a(Button.o)
                0x00002be2                _ZN6Button7processEv
 .text._ZN6Button12pressHandlerEPFvRS_E
                0x00002d0c        0x8 U:\2017-08-24 bag sealer\heater_controller_firmware\heater_controller_firmware\ArduinoCore\Debug\libArduinoCore.a(Button.o)
                0x00002d0c                _ZN6Button12pressHandlerEPFvRS_E
 .text.u8g_IsBBXIntersection
                0x00002d14       0x44 U:\2017-08-24 bag sealer\heater_controller_firmware\heater_controller_firmware\ArduinoCore\Debug\libArduinoCore.a(u8g_clip.o)
                0x00002d14                u8g_IsBBXIntersection
 .text.u8g_InitCom
                0x00002d58       0x12 U:\2017-08-24 bag sealer\heater_controller_firmware\heater_controller_firmware\ArduinoCore\Debug\libArduinoCore.a(u8g_com_api.o)
                0x00002d58                u8g_InitCom
 .text.u8g_SetChipSelect
                0x00002d6a       0x12 U:\2017-08-24 bag sealer\heater_controller_firmware\heater_controller_firmware\ArduinoCore\Debug\libArduinoCore.a(u8g_com_api.o)
                0x00002d6a                u8g_SetChipSelect
 .text.u8g_SetResetLow
                0x00002d7c       0x14 U:\2017-08-24 bag sealer\heater_controller_firmware\heater_controller_firmware\ArduinoCore\Debug\libArduinoCore.a(u8g_com_api.o)
                0x00002d7c                u8g_SetResetLow
 .text.u8g_SetResetHigh
                0x00002d90       0x14 U:\2017-08-24 bag sealer\heater_controller_firmware\heater_controller_firmware\ArduinoCore\Debug\libArduinoCore.a(u8g_com_api.o)
                0x00002d90                u8g_SetResetHigh
 .text.u8g_SetAddress
                0x00002da4       0x12 U:\2017-08-24 bag sealer\heater_controller_firmware\heater_controller_firmware\ArduinoCore\Debug\libArduinoCore.a(u8g_com_api.o)
                0x00002da4                u8g_SetAddress
 .text.u8g_WriteByte
                0x00002db6       0x12 U:\2017-08-24 bag sealer\heater_controller_firmware\heater_controller_firmware\ArduinoCore\Debug\libArduinoCore.a(u8g_com_api.o)
                0x00002db6                u8g_WriteByte
 .text.u8g_WriteSequence
                0x00002dc8        0xe U:\2017-08-24 bag sealer\heater_controller_firmware\heater_controller_firmware\ArduinoCore\Debug\libArduinoCore.a(u8g_com_api.o)
                0x00002dc8                u8g_WriteSequence
 .text.u8g_WriteEscSeqP
                0x00002dd6       0xc0 U:\2017-08-24 bag sealer\heater_controller_firmware\heater_controller_firmware\ArduinoCore\Debug\libArduinoCore.a(u8g_com_api.o)
                0x00002dd6                u8g_WriteEscSeqP
 .text.u8g_com_arduino_ssd_start_sequence
                0x00002e96       0x34 U:\2017-08-24 bag sealer\heater_controller_firmware\heater_controller_firmware\ArduinoCore\Debug\libArduinoCore.a(u8g_com_arduino_ssd_i2c.o)
                0x00002e96                u8g_com_arduino_ssd_start_sequence
 .text.u8g_com_arduino_ssd_i2c_fn
                0x00002eca       0xb4 U:\2017-08-24 bag sealer\heater_controller_firmware\heater_controller_firmware\ArduinoCore\Debug\libArduinoCore.a(u8g_com_arduino_ssd_i2c.o)
                0x00002eca                u8g_com_arduino_ssd_i2c_fn
 .text.u8g_i2c_set_error
                0x00002f7e       0x12 U:\2017-08-24 bag sealer\heater_controller_firmware\heater_controller_firmware\ArduinoCore\Debug\libArduinoCore.a(u8g_com_i2c.o)
 .text.u8g_i2c_clear_error
                0x00002f90        0xa U:\2017-08-24 bag sealer\heater_controller_firmware\heater_controller_firmware\ArduinoCore\Debug\libArduinoCore.a(u8g_com_i2c.o)
                0x00002f90                u8g_i2c_clear_error
 .text.u8g_i2c_init
                0x00002f9a       0x1a U:\2017-08-24 bag sealer\heater_controller_firmware\heater_controller_firmware\ArduinoCore\Debug\libArduinoCore.a(u8g_com_i2c.o)
                0x00002f9a                u8g_i2c_init
 .text.u8g_i2c_wait
                0x00002fb4       0x52 U:\2017-08-24 bag sealer\heater_controller_firmware\heater_controller_firmware\ArduinoCore\Debug\libArduinoCore.a(u8g_com_i2c.o)
                0x00002fb4                u8g_i2c_wait
 .text.u8g_i2c_start
                0x00003006       0x6e U:\2017-08-24 bag sealer\heater_controller_firmware\heater_controller_firmware\ArduinoCore\Debug\libArduinoCore.a(u8g_com_i2c.o)
                0x00003006                u8g_i2c_start
 .text.u8g_i2c_send_byte
                0x00003074       0x42 U:\2017-08-24 bag sealer\heater_controller_firmware\heater_controller_firmware\ArduinoCore\Debug\libArduinoCore.a(u8g_com_i2c.o)
                0x00003074                u8g_i2c_send_byte
 .text.u8g_i2c_stop
                0x000030b6        0xe U:\2017-08-24 bag sealer\heater_controller_firmware\heater_controller_firmware\ArduinoCore\Debug\libArduinoCore.a(u8g_com_i2c.o)
                0x000030b6                u8g_i2c_stop
 .text.u8g_Delay
                0x000030c4       0x14 U:\2017-08-24 bag sealer\heater_controller_firmware\heater_controller_firmware\ArduinoCore\Debug\libArduinoCore.a(u8g_delay.o)
                0x000030c4                u8g_Delay
 .text.u8g_page_First
                0x000030d8        0xe U:\2017-08-24 bag sealer\heater_controller_firmware\heater_controller_firmware\ArduinoCore\Debug\libArduinoCore.a(u8g_page.o)
                0x000030d8                u8g_page_First
 .text.u8g_page_Next
                0x000030e6       0x2c U:\2017-08-24 bag sealer\heater_controller_firmware\heater_controller_firmware\ArduinoCore\Debug\libArduinoCore.a(u8g_page.o)
                0x000030e6                u8g_page_Next
 .text.avr-libc.fplib
                0x00003112        0xa c:/program files (x86)/atmel/studio/7.0/toolchain/avr8/avr8-gnu-toolchain/bin/../lib/gcc/avr/5.4.0/../../../../avr/lib/avr5\libm.a(cmpsf2.o)
                0x00003112                __nesf2
                0x00003112                __eqsf2
                0x00003112                __cmpsf2
                0x00003112                __ltsf2
                0x00003112                __lesf2
 .text.avr-libc.fplib
                0x0000311c        0xe c:/program files (x86)/atmel/studio/7.0/toolchain/avr8/avr8-gnu-toolchain/bin/../lib/gcc/avr/5.4.0/../../../../avr/lib/avr5\libm.a(fixsfsi.o)
                0x0000311c                __fixsfsi
 .text.avr-libc.fplib
                0x0000312a       0x5e c:/program files (x86)/atmel/studio/7.0/toolchain/avr8/avr8-gnu-toolchain/bin/../lib/gcc/avr/5.4.0/../../../../avr/lib/avr5\libm.a(fixunssfsi.o)
                0x0000312a                __fixunssfsi
 .text.avr-libc.fplib
                0x00003188       0x48 c:/program files (x86)/atmel/studio/7.0/toolchain/avr8/avr8-gnu-toolchain/bin/../lib/gcc/avr/5.4.0/../../../../avr/lib/avr5\libm.a(fp_cmp.o)
                0x00003188                __fp_cmp
 .text.avr-libc.fplib
                0x000031d0        0xa c:/program files (x86)/atmel/studio/7.0/toolchain/avr8/avr8-gnu-toolchain/bin/../lib/gcc/avr/5.4.0/../../../../avr/lib/avr5\libm.a(gesf2.o)
                0x000031d0                __gesf2
                0x000031d0                __gtsf2
 .text.avr-libc.fplib
                0x000031da        0x8 c:/program files (x86)/atmel/studio/7.0/toolchain/avr8/avr8-gnu-toolchain/bin/../lib/gcc/avr/5.4.0/../../../../avr/lib/avr5\libm.a(mulsf3.o)
                0x000031da                __mulsf3
 .text.avr-libc.fplib
                0x000031e2       0xd2 c:/program files (x86)/atmel/studio/7.0/toolchain/avr8/avr8-gnu-toolchain/bin/../lib/gcc/avr/5.4.0/../../../../avr/lib/avr5\libm.a(mulsf3x.o)
                0x00003200                __mulsf3x
                0x00003206                __mulsf3_pse
 .text.avr-libc.fplib
                0x000032b4        0xa c:/program files (x86)/atmel/studio/7.0/toolchain/avr8/avr8-gnu-toolchain/bin/../lib/gcc/avr/5.4.0/../../../../avr/lib/avr5\libm.a(unordsf2.o)
                0x000032b4                __unordsf2
 .text.libgcc.div
                0x000032be       0x44 c:/program files (x86)/atmel/studio/7.0/toolchain/avr8/avr8-gnu-toolchain/bin/../lib/gcc/avr/5.4.0/avr5\libgcc.a(_udivmodsi4.o)
                0x000032be                __udivmodsi4
 .text.libgcc   0x00003302        0xc c:/program files (x86)/atmel/studio/7.0/toolchain/avr8/avr8-gnu-toolchain/bin/../lib/gcc/avr/5.4.0/avr5\libgcc.a(_tablejump2.o)
                0x00003302                __tablejump2__
 .text.avr-libc
                0x0000330e       0x40 c:/program files (x86)/atmel/studio/7.0/toolchain/avr8/avr8-gnu-toolchain/bin/../lib/gcc/avr/5.4.0/../../../../avr/lib/avr5\libc.a(dtostrf.o)
                0x0000330e                dtostrf
 .text.avr-libc
                0x0000334e      0x242 c:/program files (x86)/atmel/studio/7.0/toolchain/avr8/avr8-gnu-toolchain/bin/../lib/gcc/avr/5.4.0/../../../../avr/lib/avr5\libc.a(malloc.o)
                0x0000334e                malloc
                0x0000347e                free
 .text.avr-libc
                0x00003590      0x18c c:/program files (x86)/atmel/studio/7.0/toolchain/avr8/avr8-gnu-toolchain/bin/../lib/gcc/avr/5.4.0/../../../../avr/lib/avr5\libc.a(realloc.o)
                0x00003590                realloc
 .text.avr-libc
                0x0000371c       0x12 c:/program files (x86)/atmel/studio/7.0/toolchain/avr8/avr8-gnu-toolchain/bin/../lib/gcc/avr/5.4.0/../../../../avr/lib/avr5\libc.a(memcpy.o)
                0x0000371c                memcpy
 .text.avr-libc
                0x0000372e        0xe c:/program files (x86)/atmel/studio/7.0/toolchain/avr8/avr8-gnu-toolchain/bin/../lib/gcc/avr/5.4.0/../../../../avr/lib/avr5\libc.a(strcpy.o)
                0x0000372e                strcpy
 .text.avr-libc
                0x0000373c       0x44 c:/program files (x86)/atmel/studio/7.0/toolchain/avr8/avr8-gnu-toolchain/bin/../lib/gcc/avr/5.4.0/../../../../avr/lib/avr5\libc.a(ultoa_ncheck.o)
                0x0000373c                __ultoa_ncheck
                0x0000373e                __ultoa_common
 .text.avr-libc
                0x00003780      0x2b4 c:/program files (x86)/atmel/studio/7.0/toolchain/avr8/avr8-gnu-toolchain/bin/../lib/gcc/avr/5.4.0/../../../../avr/lib/avr5\libc.a(dtoa_prf.o)
                0x00003780                dtoa_prf
 .text.avr-libc
                0x00003a34      0x1b0 c:/program files (x86)/atmel/studio/7.0/toolchain/avr8/avr8-gnu-toolchain/bin/../lib/gcc/avr/5.4.0/../../../../avr/lib/avr5\libc.a(ftoa_engine.o)
                0x00003a34                __ftoa_engine
 .text.avr-libc
                0x00003be4       0x20 c:/program files (x86)/atmel/studio/7.0/toolchain/avr8/avr8-gnu-toolchain/bin/../lib/gcc/avr/5.4.0/../../../../avr/lib/avr5\libc.a(strrev.o)
                0x00003be4                strrev
 .text.libgcc.prologue
                0x00003c04       0x38 c:/program files (x86)/atmel/studio/7.0/toolchain/avr8/avr8-gnu-toolchain/bin/../lib/gcc/avr/5.4.0/avr5\libgcc.a(_prologue.o)
                0x00003c04                __prologue_saves__
 .text.libgcc.prologue
                0x00003c3c       0x36 c:/program files (x86)/atmel/studio/7.0/toolchain/avr8/avr8-gnu-toolchain/bin/../lib/gcc/avr/5.4.0/avr5\libgcc.a(_epilogue.o)
                0x00003c3c                __epilogue_restores__
                0x00003c72                . = ALIGN (0x2)
 *(.fini9)
 .fini9         0x00003c72        0x0 c:/program files (x86)/atmel/studio/7.0/toolchain/avr8/avr8-gnu-toolchain/bin/../lib/gcc/avr/5.4.0/avr5\libgcc.a(_exit.o)
                0x00003c72                _exit
                0x00003c72                exit
 *(.fini9)
 *(.fini8)
 *(.fini8)
 *(.fini7)
 *(.fini7)
 *(.fini6)
 .fini6         0x00003c72       0x16 c:/program files (x86)/atmel/studio/7.0/toolchain/avr8/avr8-gnu-toolchain/bin/../lib/gcc/avr/5.4.0/avr5\libgcc.a(_dtors.o)
                0x00003c72                __do_global_dtors
 *(.fini6)
 *(.fini5)
 *(.fini5)
 *(.fini4)
 *(.fini4)
 *(.fini3)
 *(.fini3)
 *(.fini2)
 *(.fini2)
 *(.fini1)
 *(.fini1)
 *(.fini0)
 .fini0         0x00003c88        0x4 c:/program files (x86)/atmel/studio/7.0/toolchain/avr8/avr8-gnu-toolchain/bin/../lib/gcc/avr/5.4.0/avr5\libgcc.a(_exit.o)
 *(.fini0)
                0x00003c8c                _etext = .

.data           0x00800100       0xf0 load address 0x00003c8c
                0x00800100                PROVIDE (__data_start, .)
 *(.data)
 .data          0x00800100        0x6 c:/program files (x86)/atmel/studio/7.0/toolchain/avr8/avr8-gnu-toolchain/bin/../lib/gcc/avr/5.4.0/../../../../avr/lib/avr5\libc.a(malloc.o)
                0x00800100                __malloc_heap_end
                0x00800102                __malloc_heap_start
                0x00800104                __malloc_margin
 *(.data*)
 .data.intFunc  0x00800106        0x4 U:\2017-08-24 bag sealer\heater_controller_firmware\heater_controller_firmware\ArduinoCore\Debug\libArduinoCore.a(WInterrupts.o)
 .data.analog_reference
                0x0080010a        0x1 U:\2017-08-24 bag sealer\heater_controller_firmware\heater_controller_firmware\ArduinoCore\Debug\libArduinoCore.a(wiring_analog.o)
                0x0080010a                analog_reference
 .data.u8g_dev_ssd1306_128x64_i2c
                0x0080010b        0x6 U:\2017-08-24 bag sealer\heater_controller_firmware\heater_controller_firmware\ArduinoCore\Debug\libArduinoCore.a(u8g_dev_ssd1306_128x64.o)
                0x0080010b                u8g_dev_ssd1306_128x64_i2c
 .data.u8g_dev_ssd1306_128x64_i2c_pb
                0x00800111        0x8 U:\2017-08-24 bag sealer\heater_controller_firmware\heater_controller_firmware\ArduinoCore\Debug\libArduinoCore.a(u8g_dev_ssd1306_128x64.o)
                0x00800111                u8g_dev_ssd1306_128x64_i2c_pb
 *(.rodata)
 *(.rodata*)
 .rodata.str1.1
                0x00800119       0xa5 Sketch.o
                                 0xa8 (size before relaxing)
 .rodata._ZTV6U8GLIB
                0x008001be        0x8 Sketch.o
                0x008001be                _ZTV6U8GLIB
 .rodata._ZTV21U8GLIB_SSD1306_128X64
                0x008001c6        0x8 Sketch.o
                0x008001c6                _ZTV21U8GLIB_SSD1306_128X64
 .rodata._ZTV14HardwareSerial
                0x008001ce       0x10 U:\2017-08-24 bag sealer\heater_controller_firmware\heater_controller_firmware\ArduinoCore\Debug\libArduinoCore.a(HardwareSerial.o)
                0x008001ce                _ZTV14HardwareSerial
 .rodata.str1.1
                0x008001de       0x11 U:\2017-08-24 bag sealer\heater_controller_firmware\heater_controller_firmware\ArduinoCore\Debug\libArduinoCore.a(Print.o)
 *(.gnu.linkonce.d*)
                0x008001f0                . = ALIGN (0x2)
 *fill*         0x008001ef        0x1 
                0x008001f0                _edata = .
                0x008001f0                PROVIDE (__data_end, .)

.bss            0x008001f0      0x298
                0x008001f0                PROVIDE (__bss_start, .)
 *(.bss)
 *(.bss*)
 .bss._ZZ4loopE11deltaMicros
                0x008001f0        0x4 Sketch.o
 .bss._ZZ4loopE10lastMicros
                0x008001f4        0x4 Sketch.o
 .bss._ZZ4loopE11deltaMillis
                0x008001f8        0x4 Sketch.o
 .bss._ZZ4loopE10lastMillis
                0x008001fc        0x4 Sketch.o
 .bss._ZZ4loopE13currentMicros
                0x00800200        0x4 Sketch.o
 .bss._ZZ4loopE13currentMillis
                0x00800204        0x4 Sketch.o
 .bss.lastPulseTime
                0x00800208        0x4 Sketch.o
                0x00800208                lastPulseTime
 .bss.pulseCounter
                0x0080020c        0x4 Sketch.o
                0x0080020c                pulseCounter
 .bss.doImpulse_button
                0x00800210       0x1b Sketch.o
                0x00800210                doImpulse_button
 .bss.currentTime
                0x0080022b        0x4 Sketch.o
                0x0080022b                currentTime
 .bss.displayLines
                0x0080022f       0x30 Sketch.o
                0x0080022f                displayLines
 .bss.pulseDurationReading
                0x0080025f       0x17 Sketch.o
                0x0080025f                pulseDurationReading
 .bss.throttleReading
                0x00800276       0x17 Sketch.o
                0x00800276                throttleReading
 .bss.Debugger  0x0080028d       0x90 Sketch.o
                0x0080028d                Debugger
 .bss.u8g       0x0080031d       0x3e Sketch.o
                0x0080031d                u8g
 .bss.Serial    0x0080035b       0x9d U:\2017-08-24 bag sealer\heater_controller_firmware\heater_controller_firmware\ArduinoCore\Debug\libArduinoCore.a(HardwareSerial0.o)
                0x0080035b                Serial
 .bss.timer0_fract
                0x008003f8        0x1 U:\2017-08-24 bag sealer\heater_controller_firmware\heater_controller_firmware\ArduinoCore\Debug\libArduinoCore.a(wiring.o)
 .bss.timer0_millis
                0x008003f9        0x4 U:\2017-08-24 bag sealer\heater_controller_firmware\heater_controller_firmware\ArduinoCore\Debug\libArduinoCore.a(wiring.o)
                0x008003f9                timer0_millis
 .bss.timer0_overflow_count
                0x008003fd        0x4 U:\2017-08-24 bag sealer\heater_controller_firmware\heater_controller_firmware\ArduinoCore\Debug\libArduinoCore.a(wiring.o)
                0x008003fd                timer0_overflow_count
 .bss.u8g_dev_ssd1306_128x64_i2c_buf
                0x00800401       0x80 U:\2017-08-24 bag sealer\heater_controller_firmware\heater_controller_firmware\ArduinoCore\Debug\libArduinoCore.a(u8g_dev_ssd1306_128x64.o)
                0x00800401                u8g_dev_ssd1306_128x64_i2c_buf
 .bss.u8g_i2c_err_pos
                0x00800481        0x1 U:\2017-08-24 bag sealer\heater_controller_firmware\heater_controller_firmware\ArduinoCore\Debug\libArduinoCore.a(u8g_com_i2c.o)
 .bss.u8g_i2c_opt
                0x00800482        0x1 U:\2017-08-24 bag sealer\heater_controller_firmware\heater_controller_firmware\ArduinoCore\Debug\libArduinoCore.a(u8g_com_i2c.o)
 .bss.u8g_i2c_err_code
                0x00800483        0x1 U:\2017-08-24 bag sealer\heater_controller_firmware\heater_controller_firmware\ArduinoCore\Debug\libArduinoCore.a(u8g_com_i2c.o)
 *(COMMON)
 COMMON         0x00800484        0x4 c:/program files (x86)/atmel/studio/7.0/toolchain/avr8/avr8-gnu-toolchain/bin/../lib/gcc/avr/5.4.0/../../../../avr/lib/avr5\libc.a(malloc.o)
                0x00800484                __brkval
                0x00800486                __flp
                0x00800488                PROVIDE (__bss_end, .)
                0x00003c8c                __data_load_start = LOADADDR (.data)
                0x00003d7c                __data_load_end = (__data_load_start + SIZEOF (.data))

.noinit         0x00800488        0x0
                [!provide]                PROVIDE (__noinit_start, .)
 *(.noinit*)
                [!provide]                PROVIDE (__noinit_end, .)
                0x00800488                _end = .
                0x00800488                PROVIDE (__heap_start, .)

.eeprom         0x00810000        0x0
 *(.eeprom*)
                0x00810000                __eeprom_end = .

.fuse
 *(.fuse)
 *(.lfuse)
 *(.hfuse)
 *(.efuse)

.lock
 *(.lock*)

.signature
 *(.signature*)

.user_signatures
 *(.user_signatures*)

.stab
 *(.stab)

.stabstr
 *(.stabstr)

.stab.excl
 *(.stab.excl)

.stab.exclstr
 *(.stab.exclstr)

.stab.index
 *(.stab.index)

.stab.indexstr
 *(.stab.indexstr)

.comment        0x00000000       0x30
 *(.comment)
 .comment       0x00000000       0x30 Sketch.o
                                 0x31 (size before relaxing)
 .comment       0x00000030       0x31 SmoothedAnalogInput.o
 .comment       0x00000030       0x31 U:\2017-08-24 bag sealer\heater_controller_firmware\heater_controller_firmware\ArduinoCore\Debug\libArduinoCore.a(HardwareSerial.o)
 .comment       0x00000030       0x31 U:\2017-08-24 bag sealer\heater_controller_firmware\heater_controller_firmware\ArduinoCore\Debug\libArduinoCore.a(HardwareSerial0.o)
 .comment       0x00000030       0x31 U:\2017-08-24 bag sealer\heater_controller_firmware\heater_controller_firmware\ArduinoCore\Debug\libArduinoCore.a(main.o)
 .comment       0x00000030       0x31 U:\2017-08-24 bag sealer\heater_controller_firmware\heater_controller_firmware\ArduinoCore\Debug\libArduinoCore.a(Print.o)
 .comment       0x00000030       0x31 U:\2017-08-24 bag sealer\heater_controller_firmware\heater_controller_firmware\ArduinoCore\Debug\libArduinoCore.a(WInterrupts.o)
 .comment       0x00000030       0x31 U:\2017-08-24 bag sealer\heater_controller_firmware\heater_controller_firmware\ArduinoCore\Debug\libArduinoCore.a(wiring.o)
 .comment       0x00000030       0x31 U:\2017-08-24 bag sealer\heater_controller_firmware\heater_controller_firmware\ArduinoCore\Debug\libArduinoCore.a(wiring_analog.o)
 .comment       0x00000030       0x31 U:\2017-08-24 bag sealer\heater_controller_firmware\heater_controller_firmware\ArduinoCore\Debug\libArduinoCore.a(wiring_digital.o)
 .comment       0x00000030       0x31 U:\2017-08-24 bag sealer\heater_controller_firmware\heater_controller_firmware\ArduinoCore\Debug\libArduinoCore.a(WString.o)
 .comment       0x00000030       0x31 U:\2017-08-24 bag sealer\heater_controller_firmware\heater_controller_firmware\ArduinoCore\Debug\libArduinoCore.a(U8glib.o)
 .comment       0x00000030       0x31 U:\2017-08-24 bag sealer\heater_controller_firmware\heater_controller_firmware\ArduinoCore\Debug\libArduinoCore.a(u8g_dev_ssd1306_128x64.o)
 .comment       0x00000030       0x31 U:\2017-08-24 bag sealer\heater_controller_firmware\heater_controller_firmware\ArduinoCore\Debug\libArduinoCore.a(u8g_font.o)
 .comment       0x00000030       0x31 U:\2017-08-24 bag sealer\heater_controller_firmware\heater_controller_firmware\ArduinoCore\Debug\libArduinoCore.a(u8g_font_data.o)
 .comment       0x00000030       0x31 U:\2017-08-24 bag sealer\heater_controller_firmware\heater_controller_firmware\ArduinoCore\Debug\libArduinoCore.a(u8g_ll_api.o)
 .comment       0x00000030       0x31 U:\2017-08-24 bag sealer\heater_controller_firmware\heater_controller_firmware\ArduinoCore\Debug\libArduinoCore.a(u8g_pb.o)
 .comment       0x00000030       0x31 U:\2017-08-24 bag sealer\heater_controller_firmware\heater_controller_firmware\ArduinoCore\Debug\libArduinoCore.a(u8g_pb8v1.o)
 .comment       0x00000030       0x31 U:\2017-08-24 bag sealer\heater_controller_firmware\heater_controller_firmware\ArduinoCore\Debug\libArduinoCore.a(u8g_state.o)
 .comment       0x00000030       0x31 U:\2017-08-24 bag sealer\heater_controller_firmware\heater_controller_firmware\ArduinoCore\Debug\libArduinoCore.a(Button.o)
 .comment       0x00000030       0x31 U:\2017-08-24 bag sealer\heater_controller_firmware\heater_controller_firmware\ArduinoCore\Debug\libArduinoCore.a(u8g_clip.o)
 .comment       0x00000030       0x31 U:\2017-08-24 bag sealer\heater_controller_firmware\heater_controller_firmware\ArduinoCore\Debug\libArduinoCore.a(u8g_com_api.o)
 .comment       0x00000030       0x31 U:\2017-08-24 bag sealer\heater_controller_firmware\heater_controller_firmware\ArduinoCore\Debug\libArduinoCore.a(u8g_com_arduino_ssd_i2c.o)
 .comment       0x00000030       0x31 U:\2017-08-24 bag sealer\heater_controller_firmware\heater_controller_firmware\ArduinoCore\Debug\libArduinoCore.a(u8g_com_i2c.o)
 .comment       0x00000030       0x31 U:\2017-08-24 bag sealer\heater_controller_firmware\heater_controller_firmware\ArduinoCore\Debug\libArduinoCore.a(u8g_delay.o)
 .comment       0x00000030       0x31 U:\2017-08-24 bag sealer\heater_controller_firmware\heater_controller_firmware\ArduinoCore\Debug\libArduinoCore.a(u8g_page.o)
 .comment       0x00000030       0x31 c:/program files (x86)/atmel/studio/7.0/toolchain/avr8/avr8-gnu-toolchain/bin/../lib/gcc/avr/5.4.0/../../../../avr/lib/avr5\libc.a(dtostrf.o)
 .comment       0x00000030       0x31 c:/program files (x86)/atmel/studio/7.0/toolchain/avr8/avr8-gnu-toolchain/bin/../lib/gcc/avr/5.4.0/../../../../avr/lib/avr5\libc.a(malloc.o)
 .comment       0x00000030       0x31 c:/program files (x86)/atmel/studio/7.0/toolchain/avr8/avr8-gnu-toolchain/bin/../lib/gcc/avr/5.4.0/../../../../avr/lib/avr5\libc.a(realloc.o)
 .comment       0x00000030       0x31 c:/program files (x86)/atmel/studio/7.0/toolchain/avr8/avr8-gnu-toolchain/bin/../lib/gcc/avr/5.4.0/../../../../avr/lib/avr5\libc.a(dtoa_prf.o)

.note.gnu.avr.deviceinfo
                0x00000000       0x40
 .note.gnu.avr.deviceinfo
                0x00000000       0x40 C:/Program Files (x86)/Atmel/Studio/7.0/Packs/atmel/ATmega_DFP/1.2.132/gcc/dev/atmega328p/avr5/crtatmega328p.o

.note.gnu.build-id
 *(.note.gnu.build-id)

.debug
 *(.debug)

.line
 *(.line)

.debug_srcinfo
 *(.debug_srcinfo)

.debug_sfnames
 *(.debug_sfnames)

.debug_aranges  0x00000000      0xd48
 *(.debug_aranges)
 .debug_aranges
                0x00000000       0x80 Sketch.o
 .debug_aranges
                0x00000080       0x40 SmoothedAnalogInput.o
 .debug_aranges
                0x000000c0       0x68 U:\2017-08-24 bag sealer\heater_controller_firmware\heater_controller_firmware\ArduinoCore\Debug\libArduinoCore.a(HardwareSerial.o)
 .debug_aranges
                0x00000128       0x38 U:\2017-08-24 bag sealer\heater_controller_firmware\heater_controller_firmware\ArduinoCore\Debug\libArduinoCore.a(HardwareSerial0.o)
 .debug_aranges
                0x00000160       0x30 U:\2017-08-24 bag sealer\heater_controller_firmware\heater_controller_firmware\ArduinoCore\Debug\libArduinoCore.a(main.o)
 .debug_aranges
                0x00000190       0xf0 U:\2017-08-24 bag sealer\heater_controller_firmware\heater_controller_firmware\ArduinoCore\Debug\libArduinoCore.a(Print.o)
 .debug_aranges
                0x00000280       0x40 U:\2017-08-24 bag sealer\heater_controller_firmware\heater_controller_firmware\ArduinoCore\Debug\libArduinoCore.a(WInterrupts.o)
 .debug_aranges
                0x000002c0       0x48 U:\2017-08-24 bag sealer\heater_controller_firmware\heater_controller_firmware\ArduinoCore\Debug\libArduinoCore.a(wiring.o)
 .debug_aranges
                0x00000308       0x30 U:\2017-08-24 bag sealer\heater_controller_firmware\heater_controller_firmware\ArduinoCore\Debug\libArduinoCore.a(wiring_analog.o)
 .debug_aranges
                0x00000338       0x38 U:\2017-08-24 bag sealer\heater_controller_firmware\heater_controller_firmware\ArduinoCore\Debug\libArduinoCore.a(wiring_digital.o)
 .debug_aranges
                0x00000370      0x2a8 U:\2017-08-24 bag sealer\heater_controller_firmware\heater_controller_firmware\ArduinoCore\Debug\libArduinoCore.a(WString.o)
 .debug_aranges
                0x00000618       0x48 U:\2017-08-24 bag sealer\heater_controller_firmware\heater_controller_firmware\ArduinoCore\Debug\libArduinoCore.a(U8glib.o)
 .debug_aranges
                0x00000660       0x40 U:\2017-08-24 bag sealer\heater_controller_firmware\heater_controller_firmware\ArduinoCore\Debug\libArduinoCore.a(u8g_dev_ssd1306_128x64.o)
 .debug_aranges
                0x000006a0      0x258 U:\2017-08-24 bag sealer\heater_controller_firmware\heater_controller_firmware\ArduinoCore\Debug\libArduinoCore.a(u8g_font.o)
 .debug_aranges
                0x000008f8       0x18 U:\2017-08-24 bag sealer\heater_controller_firmware\heater_controller_firmware\ArduinoCore\Debug\libArduinoCore.a(u8g_font_data.o)
 .debug_aranges
                0x00000910      0x168 U:\2017-08-24 bag sealer\heater_controller_firmware\heater_controller_firmware\ArduinoCore\Debug\libArduinoCore.a(u8g_ll_api.o)
 .debug_aranges
                0x00000a78       0x50 U:\2017-08-24 bag sealer\heater_controller_firmware\heater_controller_firmware\ArduinoCore\Debug\libArduinoCore.a(u8g_pb.o)
 .debug_aranges
                0x00000ac8       0x48 U:\2017-08-24 bag sealer\heater_controller_firmware\heater_controller_firmware\ArduinoCore\Debug\libArduinoCore.a(u8g_pb8v1.o)
 .debug_aranges
                0x00000b10       0x30 U:\2017-08-24 bag sealer\heater_controller_firmware\heater_controller_firmware\ArduinoCore\Debug\libArduinoCore.a(u8g_state.o)
 .debug_aranges
                0x00000b40       0x98 U:\2017-08-24 bag sealer\heater_controller_firmware\heater_controller_firmware\ArduinoCore\Debug\libArduinoCore.a(Button.o)
 .debug_aranges
                0x00000bd8       0x20 U:\2017-08-24 bag sealer\heater_controller_firmware\heater_controller_firmware\ArduinoCore\Debug\libArduinoCore.a(u8g_clip.o)
 .debug_aranges
                0x00000bf8       0x68 U:\2017-08-24 bag sealer\heater_controller_firmware\heater_controller_firmware\ArduinoCore\Debug\libArduinoCore.a(u8g_com_api.o)
 .debug_aranges
                0x00000c60       0x28 U:\2017-08-24 bag sealer\heater_controller_firmware\heater_controller_firmware\ArduinoCore\Debug\libArduinoCore.a(u8g_com_arduino_ssd_i2c.o)
 .debug_aranges
                0x00000c88       0x60 U:\2017-08-24 bag sealer\heater_controller_firmware\heater_controller_firmware\ArduinoCore\Debug\libArduinoCore.a(u8g_com_i2c.o)
 .debug_aranges
                0x00000ce8       0x30 U:\2017-08-24 bag sealer\heater_controller_firmware\heater_controller_firmware\ArduinoCore\Debug\libArduinoCore.a(u8g_delay.o)
 .debug_aranges
                0x00000d18       0x30 U:\2017-08-24 bag sealer\heater_controller_firmware\heater_controller_firmware\ArduinoCore\Debug\libArduinoCore.a(u8g_page.o)

.debug_pubnames
 *(.debug_pubnames)

.debug_info     0x00000000    0x22014
 *(.debug_info .gnu.linkonce.wi.*)
 .debug_info    0x00000000      0x5f4 C:/Program Files (x86)/Atmel/Studio/7.0/Packs/atmel/ATmega_DFP/1.2.132/gcc/dev/atmega328p/avr5/crtatmega328p.o
 .debug_info    0x000005f4     0x56f1 Sketch.o
 .debug_info    0x00005ce5      0x757 SmoothedAnalogInput.o
 .debug_info    0x0000643c     0x1de5 U:\2017-08-24 bag sealer\heater_controller_firmware\heater_controller_firmware\ArduinoCore\Debug\libArduinoCore.a(HardwareSerial.o)
 .debug_info    0x00008221     0x19d9 U:\2017-08-24 bag sealer\heater_controller_firmware\heater_controller_firmware\ArduinoCore\Debug\libArduinoCore.a(HardwareSerial0.o)
 .debug_info    0x00009bfa      0x237 U:\2017-08-24 bag sealer\heater_controller_firmware\heater_controller_firmware\ArduinoCore\Debug\libArduinoCore.a(main.o)
 .debug_info    0x00009e31     0x27e4 U:\2017-08-24 bag sealer\heater_controller_firmware\heater_controller_firmware\ArduinoCore\Debug\libArduinoCore.a(Print.o)
 .debug_info    0x0000c615      0x21c U:\2017-08-24 bag sealer\heater_controller_firmware\heater_controller_firmware\ArduinoCore\Debug\libArduinoCore.a(WInterrupts.o)
 .debug_info    0x0000c831      0x2cb U:\2017-08-24 bag sealer\heater_controller_firmware\heater_controller_firmware\ArduinoCore\Debug\libArduinoCore.a(wiring.o)
 .debug_info    0x0000cafc      0x26d U:\2017-08-24 bag sealer\heater_controller_firmware\heater_controller_firmware\ArduinoCore\Debug\libArduinoCore.a(wiring_analog.o)
 .debug_info    0x0000cd69      0x5fe U:\2017-08-24 bag sealer\heater_controller_firmware\heater_controller_firmware\ArduinoCore\Debug\libArduinoCore.a(wiring_digital.o)
 .debug_info    0x0000d367     0x4233 U:\2017-08-24 bag sealer\heater_controller_firmware\heater_controller_firmware\ArduinoCore\Debug\libArduinoCore.a(WString.o)
 .debug_info    0x0001159a     0x2571 U:\2017-08-24 bag sealer\heater_controller_firmware\heater_controller_firmware\ArduinoCore\Debug\libArduinoCore.a(U8glib.o)
 .debug_info    0x00013b0b     0x14ee U:\2017-08-24 bag sealer\heater_controller_firmware\heater_controller_firmware\ArduinoCore\Debug\libArduinoCore.a(u8g_dev_ssd1306_128x64.o)
 .debug_info    0x00014ff9     0x3779 U:\2017-08-24 bag sealer\heater_controller_firmware\heater_controller_firmware\ArduinoCore\Debug\libArduinoCore.a(u8g_font.o)
 .debug_info    0x00018772     0x3f90 U:\2017-08-24 bag sealer\heater_controller_firmware\heater_controller_firmware\ArduinoCore\Debug\libArduinoCore.a(u8g_font_data.o)
 .debug_info    0x0001c702     0x1b5a U:\2017-08-24 bag sealer\heater_controller_firmware\heater_controller_firmware\ArduinoCore\Debug\libArduinoCore.a(u8g_ll_api.o)
 .debug_info    0x0001e25c      0x869 U:\2017-08-24 bag sealer\heater_controller_firmware\heater_controller_firmware\ArduinoCore\Debug\libArduinoCore.a(u8g_pb.o)
 .debug_info    0x0001eac5      0x8ae U:\2017-08-24 bag sealer\heater_controller_firmware\heater_controller_firmware\ArduinoCore\Debug\libArduinoCore.a(u8g_pb8v1.o)
 .debug_info    0x0001f373      0x527 U:\2017-08-24 bag sealer\heater_controller_firmware\heater_controller_firmware\ArduinoCore\Debug\libArduinoCore.a(u8g_state.o)
 .debug_info    0x0001f89a      0xb94 U:\2017-08-24 bag sealer\heater_controller_firmware\heater_controller_firmware\ArduinoCore\Debug\libArduinoCore.a(Button.o)
 .debug_info    0x0002042e      0x551 U:\2017-08-24 bag sealer\heater_controller_firmware\heater_controller_firmware\ArduinoCore\Debug\libArduinoCore.a(u8g_clip.o)
 .debug_info    0x0002097f      0x9df U:\2017-08-24 bag sealer\heater_controller_firmware\heater_controller_firmware\ArduinoCore\Debug\libArduinoCore.a(u8g_com_api.o)
 .debug_info    0x0002135e      0x616 U:\2017-08-24 bag sealer\heater_controller_firmware\heater_controller_firmware\ArduinoCore\Debug\libArduinoCore.a(u8g_com_arduino_ssd_i2c.o)
 .debug_info    0x00021974      0x2ff U:\2017-08-24 bag sealer\heater_controller_firmware\heater_controller_firmware\ArduinoCore\Debug\libArduinoCore.a(u8g_com_i2c.o)
 .debug_info    0x00021c73      0x1f5 U:\2017-08-24 bag sealer\heater_controller_firmware\heater_controller_firmware\ArduinoCore\Debug\libArduinoCore.a(u8g_delay.o)
 .debug_info    0x00021e68      0x1ac U:\2017-08-24 bag sealer\heater_controller_firmware\heater_controller_firmware\ArduinoCore\Debug\libArduinoCore.a(u8g_page.o)

.debug_abbrev   0x00000000     0x426a
 *(.debug_abbrev)
 .debug_abbrev  0x00000000      0x5a2 C:/Program Files (x86)/Atmel/Studio/7.0/Packs/atmel/ATmega_DFP/1.2.132/gcc/dev/atmega328p/avr5/crtatmega328p.o
 .debug_abbrev  0x000005a2      0x633 Sketch.o
 .debug_abbrev  0x00000bd5      0x278 SmoothedAnalogInput.o
 .debug_abbrev  0x00000e4d      0x41a U:\2017-08-24 bag sealer\heater_controller_firmware\heater_controller_firmware\ArduinoCore\Debug\libArduinoCore.a(HardwareSerial.o)
 .debug_abbrev  0x00001267      0x38a U:\2017-08-24 bag sealer\heater_controller_firmware\heater_controller_firmware\ArduinoCore\Debug\libArduinoCore.a(HardwareSerial0.o)
 .debug_abbrev  0x000015f1      0x12d U:\2017-08-24 bag sealer\heater_controller_firmware\heater_controller_firmware\ArduinoCore\Debug\libArduinoCore.a(main.o)
 .debug_abbrev  0x0000171e      0x451 U:\2017-08-24 bag sealer\heater_controller_firmware\heater_controller_firmware\ArduinoCore\Debug\libArduinoCore.a(Print.o)
 .debug_abbrev  0x00001b6f       0xfc U:\2017-08-24 bag sealer\heater_controller_firmware\heater_controller_firmware\ArduinoCore\Debug\libArduinoCore.a(WInterrupts.o)
 .debug_abbrev  0x00001c6b      0x146 U:\2017-08-24 bag sealer\heater_controller_firmware\heater_controller_firmware\ArduinoCore\Debug\libArduinoCore.a(wiring.o)
 .debug_abbrev  0x00001db1      0x16b U:\2017-08-24 bag sealer\heater_controller_firmware\heater_controller_firmware\ArduinoCore\Debug\libArduinoCore.a(wiring_analog.o)
 .debug_abbrev  0x00001f1c      0x15b U:\2017-08-24 bag sealer\heater_controller_firmware\heater_controller_firmware\ArduinoCore\Debug\libArduinoCore.a(wiring_digital.o)
 .debug_abbrev  0x00002077      0x48b U:\2017-08-24 bag sealer\heater_controller_firmware\heater_controller_firmware\ArduinoCore\Debug\libArduinoCore.a(WString.o)
 .debug_abbrev  0x00002502      0x2d5 U:\2017-08-24 bag sealer\heater_controller_firmware\heater_controller_firmware\ArduinoCore\Debug\libArduinoCore.a(U8glib.o)
 .debug_abbrev  0x000027d7      0x1c7 U:\2017-08-24 bag sealer\heater_controller_firmware\heater_controller_firmware\ArduinoCore\Debug\libArduinoCore.a(u8g_dev_ssd1306_128x64.o)
 .debug_abbrev  0x0000299e      0x44d U:\2017-08-24 bag sealer\heater_controller_firmware\heater_controller_firmware\ArduinoCore\Debug\libArduinoCore.a(u8g_font.o)
 .debug_abbrev  0x00002deb       0x88 U:\2017-08-24 bag sealer\heater_controller_firmware\heater_controller_firmware\ArduinoCore\Debug\libArduinoCore.a(u8g_font_data.o)
 .debug_abbrev  0x00002e73      0x3dc U:\2017-08-24 bag sealer\heater_controller_firmware\heater_controller_firmware\ArduinoCore\Debug\libArduinoCore.a(u8g_ll_api.o)
 .debug_abbrev  0x0000324f      0x241 U:\2017-08-24 bag sealer\heater_controller_firmware\heater_controller_firmware\ArduinoCore\Debug\libArduinoCore.a(u8g_pb.o)
 .debug_abbrev  0x00003490      0x1d2 U:\2017-08-24 bag sealer\heater_controller_firmware\heater_controller_firmware\ArduinoCore\Debug\libArduinoCore.a(u8g_pb8v1.o)
 .debug_abbrev  0x00003662      0x16f U:\2017-08-24 bag sealer\heater_controller_firmware\heater_controller_firmware\ArduinoCore\Debug\libArduinoCore.a(u8g_state.o)
 .debug_abbrev  0x000037d1      0x2c0 U:\2017-08-24 bag sealer\heater_controller_firmware\heater_controller_firmware\ArduinoCore\Debug\libArduinoCore.a(Button.o)
 .debug_abbrev  0x00003a91      0x165 U:\2017-08-24 bag sealer\heater_controller_firmware\heater_controller_firmware\ArduinoCore\Debug\libArduinoCore.a(u8g_clip.o)
 .debug_abbrev  0x00003bf6      0x1a1 U:\2017-08-24 bag sealer\heater_controller_firmware\heater_controller_firmware\ArduinoCore\Debug\libArduinoCore.a(u8g_com_api.o)
 .debug_abbrev  0x00003d97      0x1b6 U:\2017-08-24 bag sealer\heater_controller_firmware\heater_controller_firmware\ArduinoCore\Debug\libArduinoCore.a(u8g_com_arduino_ssd_i2c.o)
 .debug_abbrev  0x00003f4d      0x169 U:\2017-08-24 bag sealer\heater_controller_firmware\heater_controller_firmware\ArduinoCore\Debug\libArduinoCore.a(u8g_com_i2c.o)
 .debug_abbrev  0x000040b6       0xcc U:\2017-08-24 bag sealer\heater_controller_firmware\heater_controller_firmware\ArduinoCore\Debug\libArduinoCore.a(u8g_delay.o)
 .debug_abbrev  0x00004182       0xe8 U:\2017-08-24 bag sealer\heater_controller_firmware\heater_controller_firmware\ArduinoCore\Debug\libArduinoCore.a(u8g_page.o)

.debug_line     0x00000000     0x6da3
 *(.debug_line .debug_line.* .debug_line_end)
 .debug_line    0x00000000      0x133 C:/Program Files (x86)/Atmel/Studio/7.0/Packs/atmel/ATmega_DFP/1.2.132/gcc/dev/atmega328p/avr5/crtatmega328p.o
 .debug_line    0x00000133      0x848 Sketch.o
 .debug_line    0x0000097b      0x2d2 SmoothedAnalogInput.o
 .debug_line    0x00000c4d      0x43b U:\2017-08-24 bag sealer\heater_controller_firmware\heater_controller_firmware\ArduinoCore\Debug\libArduinoCore.a(HardwareSerial.o)
 .debug_line    0x00001088      0x26c U:\2017-08-24 bag sealer\heater_controller_firmware\heater_controller_firmware\ArduinoCore\Debug\libArduinoCore.a(HardwareSerial0.o)
 .debug_line    0x000012f4      0x17a U:\2017-08-24 bag sealer\heater_controller_firmware\heater_controller_firmware\ArduinoCore\Debug\libArduinoCore.a(main.o)
 .debug_line    0x0000146e      0x643 U:\2017-08-24 bag sealer\heater_controller_firmware\heater_controller_firmware\ArduinoCore\Debug\libArduinoCore.a(Print.o)
 .debug_line    0x00001ab1      0x1b5 U:\2017-08-24 bag sealer\heater_controller_firmware\heater_controller_firmware\ArduinoCore\Debug\libArduinoCore.a(WInterrupts.o)
 .debug_line    0x00001c66      0x2ae U:\2017-08-24 bag sealer\heater_controller_firmware\heater_controller_firmware\ArduinoCore\Debug\libArduinoCore.a(wiring.o)
 .debug_line    0x00001f14      0x224 U:\2017-08-24 bag sealer\heater_controller_firmware\heater_controller_firmware\ArduinoCore\Debug\libArduinoCore.a(wiring_analog.o)
 .debug_line    0x00002138      0x267 U:\2017-08-24 bag sealer\heater_controller_firmware\heater_controller_firmware\ArduinoCore\Debug\libArduinoCore.a(wiring_digital.o)
 .debug_line    0x0000239f     0x12ae U:\2017-08-24 bag sealer\heater_controller_firmware\heater_controller_firmware\ArduinoCore\Debug\libArduinoCore.a(WString.o)
 .debug_line    0x0000364d      0x247 U:\2017-08-24 bag sealer\heater_controller_firmware\heater_controller_firmware\ArduinoCore\Debug\libArduinoCore.a(U8glib.o)
 .debug_line    0x00003894      0x3a4 U:\2017-08-24 bag sealer\heater_controller_firmware\heater_controller_firmware\ArduinoCore\Debug\libArduinoCore.a(u8g_dev_ssd1306_128x64.o)
 .debug_line    0x00003c38     0x117f U:\2017-08-24 bag sealer\heater_controller_firmware\heater_controller_firmware\ArduinoCore\Debug\libArduinoCore.a(u8g_font.o)
 .debug_line    0x00004db7       0xdc U:\2017-08-24 bag sealer\heater_controller_firmware\heater_controller_firmware\ArduinoCore\Debug\libArduinoCore.a(u8g_font_data.o)
 .debug_line    0x00004e93      0x930 U:\2017-08-24 bag sealer\heater_controller_firmware\heater_controller_firmware\ArduinoCore\Debug\libArduinoCore.a(u8g_ll_api.o)
 .debug_line    0x000057c3      0x23d U:\2017-08-24 bag sealer\heater_controller_firmware\heater_controller_firmware\ArduinoCore\Debug\libArduinoCore.a(u8g_pb.o)
 .debug_line    0x00005a00      0x298 U:\2017-08-24 bag sealer\heater_controller_firmware\heater_controller_firmware\ArduinoCore\Debug\libArduinoCore.a(u8g_pb8v1.o)
 .debug_line    0x00005c98      0x13f U:\2017-08-24 bag sealer\heater_controller_firmware\heater_controller_firmware\ArduinoCore\Debug\libArduinoCore.a(u8g_state.o)
 .debug_line    0x00005dd7      0x4b0 U:\2017-08-24 bag sealer\heater_controller_firmware\heater_controller_firmware\ArduinoCore\Debug\libArduinoCore.a(Button.o)
 .debug_line    0x00006287      0x142 U:\2017-08-24 bag sealer\heater_controller_firmware\heater_controller_firmware\ArduinoCore\Debug\libArduinoCore.a(u8g_clip.o)
 .debug_line    0x000063c9      0x25d U:\2017-08-24 bag sealer\heater_controller_firmware\heater_controller_firmware\ArduinoCore\Debug\libArduinoCore.a(u8g_com_api.o)
 .debug_line    0x00006626      0x1c4 U:\2017-08-24 bag sealer\heater_controller_firmware\heater_controller_firmware\ArduinoCore\Debug\libArduinoCore.a(u8g_com_arduino_ssd_i2c.o)
 .debug_line    0x000067ea      0x282 U:\2017-08-24 bag sealer\heater_controller_firmware\heater_controller_firmware\ArduinoCore\Debug\libArduinoCore.a(u8g_com_i2c.o)
 .debug_line    0x00006a6c      0x1c4 U:\2017-08-24 bag sealer\heater_controller_firmware\heater_controller_firmware\ArduinoCore\Debug\libArduinoCore.a(u8g_delay.o)
 .debug_line    0x00006c30      0x173 U:\2017-08-24 bag sealer\heater_controller_firmware\heater_controller_firmware\ArduinoCore\Debug\libArduinoCore.a(u8g_page.o)

.debug_frame    0x00000000     0x2cb8
 *(.debug_frame)
 .debug_frame   0x00000000      0x1b4 Sketch.o
 .debug_frame   0x000001b4      0x110 SmoothedAnalogInput.o
 .debug_frame   0x000002c4      0x110 U:\2017-08-24 bag sealer\heater_controller_firmware\heater_controller_firmware\ArduinoCore\Debug\libArduinoCore.a(HardwareSerial.o)
 .debug_frame   0x000003d4       0xc0 U:\2017-08-24 bag sealer\heater_controller_firmware\heater_controller_firmware\ArduinoCore\Debug\libArduinoCore.a(HardwareSerial0.o)
 .debug_frame   0x00000494       0x54 U:\2017-08-24 bag sealer\heater_controller_firmware\heater_controller_firmware\ArduinoCore\Debug\libArduinoCore.a(main.o)
 .debug_frame   0x000004e8      0x38c U:\2017-08-24 bag sealer\heater_controller_firmware\heater_controller_firmware\ArduinoCore\Debug\libArduinoCore.a(Print.o)
 .debug_frame   0x00000874       0xf4 U:\2017-08-24 bag sealer\heater_controller_firmware\heater_controller_firmware\ArduinoCore\Debug\libArduinoCore.a(WInterrupts.o)
 .debug_frame   0x00000968       0xc4 U:\2017-08-24 bag sealer\heater_controller_firmware\heater_controller_firmware\ArduinoCore\Debug\libArduinoCore.a(wiring.o)
 .debug_frame   0x00000a2c       0x54 U:\2017-08-24 bag sealer\heater_controller_firmware\heater_controller_firmware\ArduinoCore\Debug\libArduinoCore.a(wiring_analog.o)
 .debug_frame   0x00000a80       0x7c U:\2017-08-24 bag sealer\heater_controller_firmware\heater_controller_firmware\ArduinoCore\Debug\libArduinoCore.a(wiring_digital.o)
 .debug_frame   0x00000afc      0xa40 U:\2017-08-24 bag sealer\heater_controller_firmware\heater_controller_firmware\ArduinoCore\Debug\libArduinoCore.a(WString.o)
 .debug_frame   0x0000153c       0xec U:\2017-08-24 bag sealer\heater_controller_firmware\heater_controller_firmware\ArduinoCore\Debug\libArduinoCore.a(U8glib.o)
 .debug_frame   0x00001628      0x154 U:\2017-08-24 bag sealer\heater_controller_firmware\heater_controller_firmware\ArduinoCore\Debug\libArduinoCore.a(u8g_dev_ssd1306_128x64.o)
 .debug_frame   0x0000177c      0x9d8 U:\2017-08-24 bag sealer\heater_controller_firmware\heater_controller_firmware\ArduinoCore\Debug\libArduinoCore.a(u8g_font.o)
 .debug_frame   0x00002154      0x53c U:\2017-08-24 bag sealer\heater_controller_firmware\heater_controller_firmware\ArduinoCore\Debug\libArduinoCore.a(u8g_ll_api.o)
 .debug_frame   0x00002690       0x98 U:\2017-08-24 bag sealer\heater_controller_firmware\heater_controller_firmware\ArduinoCore\Debug\libArduinoCore.a(u8g_pb.o)
 .debug_frame   0x00002728       0xc8 U:\2017-08-24 bag sealer\heater_controller_firmware\heater_controller_firmware\ArduinoCore\Debug\libArduinoCore.a(u8g_pb8v1.o)
 .debug_frame   0x000027f0       0x44 U:\2017-08-24 bag sealer\heater_controller_firmware\heater_controller_firmware\ArduinoCore\Debug\libArduinoCore.a(u8g_state.o)
 .debug_frame   0x00002834      0x1d8 U:\2017-08-24 bag sealer\heater_controller_firmware\heater_controller_firmware\ArduinoCore\Debug\libArduinoCore.a(Button.o)
 .debug_frame   0x00002a0c       0x2c U:\2017-08-24 bag sealer\heater_controller_firmware\heater_controller_firmware\ArduinoCore\Debug\libArduinoCore.a(u8g_clip.o)
 .debug_frame   0x00002a38       0xdc U:\2017-08-24 bag sealer\heater_controller_firmware\heater_controller_firmware\ArduinoCore\Debug\libArduinoCore.a(u8g_com_api.o)
 .debug_frame   0x00002b14       0x50 U:\2017-08-24 bag sealer\heater_controller_firmware\heater_controller_firmware\ArduinoCore\Debug\libArduinoCore.a(u8g_com_arduino_ssd_i2c.o)
 .debug_frame   0x00002b64       0xcc U:\2017-08-24 bag sealer\heater_controller_firmware\heater_controller_firmware\ArduinoCore\Debug\libArduinoCore.a(u8g_com_i2c.o)
 .debug_frame   0x00002c30       0x44 U:\2017-08-24 bag sealer\heater_controller_firmware\heater_controller_firmware\ArduinoCore\Debug\libArduinoCore.a(u8g_delay.o)
 .debug_frame   0x00002c74       0x44 U:\2017-08-24 bag sealer\heater_controller_firmware\heater_controller_firmware\ArduinoCore\Debug\libArduinoCore.a(u8g_page.o)

.debug_str      0x00000000     0x89e9
 *(.debug_str)
 .debug_str     0x00000000      0x208 C:/Program Files (x86)/Atmel/Studio/7.0/Packs/atmel/ATmega_DFP/1.2.132/gcc/dev/atmega328p/avr5/crtatmega328p.o
 .debug_str     0x00000208     0x454c Sketch.o
                               0x46e5 (size before relaxing)
 .debug_str     0x00004754       0x53 SmoothedAnalogInput.o
                                0x584 (size before relaxing)
 .debug_str     0x000047a7      0x7d9 U:\2017-08-24 bag sealer\heater_controller_firmware\heater_controller_firmware\ArduinoCore\Debug\libArduinoCore.a(HardwareSerial.o)
                               0x157d (size before relaxing)
 .debug_str     0x00004f80       0x47 U:\2017-08-24 bag sealer\heater_controller_firmware\heater_controller_firmware\ArduinoCore\Debug\libArduinoCore.a(HardwareSerial0.o)
                               0x1350 (size before relaxing)
 .debug_str     0x00004fc7       0x37 U:\2017-08-24 bag sealer\heater_controller_firmware\heater_controller_firmware\ArduinoCore\Debug\libArduinoCore.a(main.o)
                                0x2c0 (size before relaxing)
 .debug_str     0x00004ffe      0x334 U:\2017-08-24 bag sealer\heater_controller_firmware\heater_controller_firmware\ArduinoCore\Debug\libArduinoCore.a(Print.o)
                               0x1195 (size before relaxing)
 .debug_str     0x00005332      0x146 U:\2017-08-24 bag sealer\heater_controller_firmware\heater_controller_firmware\ArduinoCore\Debug\libArduinoCore.a(WInterrupts.o)
                                0x243 (size before relaxing)
 .debug_str     0x00005478       0x78 U:\2017-08-24 bag sealer\heater_controller_firmware\heater_controller_firmware\ArduinoCore\Debug\libArduinoCore.a(wiring.o)
                                0x256 (size before relaxing)
 .debug_str     0x000054f0       0x74 U:\2017-08-24 bag sealer\heater_controller_firmware\heater_controller_firmware\ArduinoCore\Debug\libArduinoCore.a(wiring_analog.o)
                                0x25a (size before relaxing)
 .debug_str     0x00005564       0xa9 U:\2017-08-24 bag sealer\heater_controller_firmware\heater_controller_firmware\ArduinoCore\Debug\libArduinoCore.a(wiring_digital.o)
                                0x2bb (size before relaxing)
 .debug_str     0x0000560d      0x3b2 U:\2017-08-24 bag sealer\heater_controller_firmware\heater_controller_firmware\ArduinoCore\Debug\libArduinoCore.a(WString.o)
                               0x1137 (size before relaxing)
 .debug_str     0x000059bf       0x86 U:\2017-08-24 bag sealer\heater_controller_firmware\heater_controller_firmware\ArduinoCore\Debug\libArduinoCore.a(U8glib.o)
                               0x2bae (size before relaxing)
 .debug_str     0x00005a45      0x5b0 U:\2017-08-24 bag sealer\heater_controller_firmware\heater_controller_firmware\ArduinoCore\Debug\libArduinoCore.a(u8g_dev_ssd1306_128x64.o)
                                0xb8e (size before relaxing)
 .debug_str     0x00005ff5      0x74d U:\2017-08-24 bag sealer\heater_controller_firmware\heater_controller_firmware\ArduinoCore\Debug\libArduinoCore.a(u8g_font.o)
                                0xbb7 (size before relaxing)
 .debug_str     0x00006742     0x1aae U:\2017-08-24 bag sealer\heater_controller_firmware\heater_controller_firmware\ArduinoCore\Debug\libArduinoCore.a(u8g_font_data.o)
                               0x1c83 (size before relaxing)
 .debug_str     0x000081f0      0x263 U:\2017-08-24 bag sealer\heater_controller_firmware\heater_controller_firmware\ArduinoCore\Debug\libArduinoCore.a(u8g_ll_api.o)
                                0x742 (size before relaxing)
 .debug_str     0x00008453       0xbe U:\2017-08-24 bag sealer\heater_controller_firmware\heater_controller_firmware\ArduinoCore\Debug\libArduinoCore.a(u8g_pb.o)
                                0x538 (size before relaxing)
 .debug_str     0x00008511       0xae U:\2017-08-24 bag sealer\heater_controller_firmware\heater_controller_firmware\ArduinoCore\Debug\libArduinoCore.a(u8g_pb8v1.o)
                                0x54e (size before relaxing)
 .debug_str     0x000085bf       0x9a U:\2017-08-24 bag sealer\heater_controller_firmware\heater_controller_firmware\ArduinoCore\Debug\libArduinoCore.a(u8g_state.o)
                                0x485 (size before relaxing)
 .debug_str     0x00008659       0x8a U:\2017-08-24 bag sealer\heater_controller_firmware\heater_controller_firmware\ArduinoCore\Debug\libArduinoCore.a(Button.o)
                                0x650 (size before relaxing)
 .debug_str     0x000086e3       0x4d U:\2017-08-24 bag sealer\heater_controller_firmware\heater_controller_firmware\ArduinoCore\Debug\libArduinoCore.a(u8g_clip.o)
                                0x44e (size before relaxing)
 .debug_str     0x00008730       0xa1 U:\2017-08-24 bag sealer\heater_controller_firmware\heater_controller_firmware\ArduinoCore\Debug\libArduinoCore.a(u8g_com_api.o)
                                0x50b (size before relaxing)
 .debug_str     0x000087d1       0xc2 U:\2017-08-24 bag sealer\heater_controller_firmware\heater_controller_firmware\ArduinoCore\Debug\libArduinoCore.a(u8g_com_arduino_ssd_i2c.o)
                                0x4c8 (size before relaxing)
 .debug_str     0x00008893       0xbb U:\2017-08-24 bag sealer\heater_controller_firmware\heater_controller_firmware\ArduinoCore\Debug\libArduinoCore.a(u8g_com_i2c.o)
                                0x2c8 (size before relaxing)
 .debug_str     0x0000894e       0x62 U:\2017-08-24 bag sealer\heater_controller_firmware\heater_controller_firmware\ArduinoCore\Debug\libArduinoCore.a(u8g_delay.o)
                                0x238 (size before relaxing)
 .debug_str     0x000089b0       0x39 U:\2017-08-24 bag sealer\heater_controller_firmware\heater_controller_firmware\ArduinoCore\Debug\libArduinoCore.a(u8g_page.o)
                                0x259 (size before relaxing)

.debug_loc      0x00000000    0x12337
 *(.debug_loc)
 .debug_loc     0x00000000      0x6a5 Sketch.o
 .debug_loc     0x000006a5      0x502 SmoothedAnalogInput.o
 .debug_loc     0x00000ba7      0x482 U:\2017-08-24 bag sealer\heater_controller_firmware\heater_controller_firmware\ArduinoCore\Debug\libArduinoCore.a(HardwareSerial.o)
 .debug_loc     0x00001029      0x18a U:\2017-08-24 bag sealer\heater_controller_firmware\heater_controller_firmware\ArduinoCore\Debug\libArduinoCore.a(HardwareSerial0.o)
 .debug_loc     0x000011b3     0x1c79 U:\2017-08-24 bag sealer\heater_controller_firmware\heater_controller_firmware\ArduinoCore\Debug\libArduinoCore.a(Print.o)
 .debug_loc     0x00002e2c      0x235 U:\2017-08-24 bag sealer\heater_controller_firmware\heater_controller_firmware\ArduinoCore\Debug\libArduinoCore.a(WInterrupts.o)
 .debug_loc     0x00003061      0x28d U:\2017-08-24 bag sealer\heater_controller_firmware\heater_controller_firmware\ArduinoCore\Debug\libArduinoCore.a(wiring.o)