Archive member included to satisfy reference by file (symbol)

c:/program files (x86)/atmel/studio/7.0/toolchain/avr8/avr8-gnu-toolchain/bin/../lib/gcc/avr/5.4.0/../../../../avr/lib/avr5\libm.a(addsf3.o)
                              Sketch.o (__subsf3)
c:/program files (x86)/atmel/studio/7.0/toolchain/avr8/avr8-gnu-toolchain/bin/../lib/gcc/avr/5.4.0/../../../../avr/lib/avr5\libm.a(addsf3x.o)
                              c:/program files (x86)/atmel/studio/7.0/toolchain/avr8/avr8-gnu-toolchain/bin/../lib/gcc/avr/5.4.0/../../../../avr/lib/avr5\libm.a(addsf3.o) (__addsf3x)
c:/program files (x86)/atmel/studio/7.0/toolchain/avr8/avr8-gnu-toolchain/bin/../lib/gcc/avr/5.4.0/../../../../avr/lib/avr5\libm.a(divsf3.o)
                              Sketch.o (__divsf3)
c:/program files (x86)/atmel/studio/7.0/toolchain/avr8/avr8-gnu-toolchain/bin/../lib/gcc/avr/5.4.0/../../../../avr/lib/avr5\libm.a(divsf3x.o)
                              c:/program files (x86)/atmel/studio/7.0/toolchain/avr8/avr8-gnu-toolchain/bin/../lib/gcc/avr/5.4.0/../../../../avr/lib/avr5\libm.a(divsf3.o) (__divsf3x)
c:/program files (x86)/atmel/studio/7.0/toolchain/avr8/avr8-gnu-toolchain/bin/../lib/gcc/avr/5.4.0/../../../../avr/lib/avr5\libm.a(floatsisf.o)
                              Sketch.o (__floatunsisf)
c:/program files (x86)/atmel/studio/7.0/toolchain/avr8/avr8-gnu-toolchain/bin/../lib/gcc/avr/5.4.0/../../../../avr/lib/avr5\libm.a(fp_inf.o)
                              c:/program files (x86)/atmel/studio/7.0/toolchain/avr8/avr8-gnu-toolchain/bin/../lib/gcc/avr/5.4.0/../../../../avr/lib/avr5\libm.a(addsf3x.o) (__fp_inf)
c:/program files (x86)/atmel/studio/7.0/toolchain/avr8/avr8-gnu-toolchain/bin/../lib/gcc/avr/5.4.0/../../../../avr/lib/avr5\libm.a(fp_nan.o)
                              c:/program files (x86)/atmel/studio/7.0/toolchain/avr8/avr8-gnu-toolchain/bin/../lib/gcc/avr/5.4.0/../../../../avr/lib/avr5\libm.a(addsf3x.o) (__fp_nan)
c:/program files (x86)/atmel/studio/7.0/toolchain/avr8/avr8-gnu-toolchain/bin/../lib/gcc/avr/5.4.0/../../../../avr/lib/avr5\libm.a(fp_pscA.o)
                              c:/program files (x86)/atmel/studio/7.0/toolchain/avr8/avr8-gnu-toolchain/bin/../lib/gcc/avr/5.4.0/../../../../avr/lib/avr5\libm.a(addsf3x.o) (__fp_pscA)
c:/program files (x86)/atmel/studio/7.0/toolchain/avr8/avr8-gnu-toolchain/bin/../lib/gcc/avr/5.4.0/../../../../avr/lib/avr5\libm.a(fp_pscB.o)
                              c:/program files (x86)/atmel/studio/7.0/toolchain/avr8/avr8-gnu-toolchain/bin/../lib/gcc/avr/5.4.0/../../../../avr/lib/avr5\libm.a(addsf3x.o) (__fp_pscB)
c:/program files (x86)/atmel/studio/7.0/toolchain/avr8/avr8-gnu-toolchain/bin/../lib/gcc/avr/5.4.0/../../../../avr/lib/avr5\libm.a(fp_round.o)
                              c:/program files (x86)/atmel/studio/7.0/toolchain/avr8/avr8-gnu-toolchain/bin/../lib/gcc/avr/5.4.0/../../../../avr/lib/avr5\libm.a(addsf3.o) (__fp_round)
c:/program files (x86)/atmel/studio/7.0/toolchain/avr8/avr8-gnu-toolchain/bin/../lib/gcc/avr/5.4.0/../../../../avr/lib/avr5\libm.a(fp_split3.o)
                              c:/program files (x86)/atmel/studio/7.0/toolchain/avr8/avr8-gnu-toolchain/bin/../lib/gcc/avr/5.4.0/../../../../avr/lib/avr5\libm.a(addsf3x.o) (__fp_split3)
c:/program files (x86)/atmel/studio/7.0/toolchain/avr8/avr8-gnu-toolchain/bin/../lib/gcc/avr/5.4.0/../../../../avr/lib/avr5\libm.a(fp_zero.o)
                              c:/program files (x86)/atmel/studio/7.0/toolchain/avr8/avr8-gnu-toolchain/bin/../lib/gcc/avr/5.4.0/../../../../avr/lib/avr5\libm.a(addsf3x.o) (__fp_zero)
c:\users\admin\DOCUME~1\ATMELS~1\7.0\HEATER~1\HEATER~1\ARDUIN~1\Debug\libArduinoCore.a(HardwareSerial.o)
                              Sketch.o (_ZN14HardwareSerial5beginEmh)
c:\users\admin\DOCUME~1\ATMELS~1\7.0\HEATER~1\HEATER~1\ARDUIN~1\Debug\libArduinoCore.a(HardwareSerial0.o)
                              Sketch.o (Serial)
c:\users\admin\DOCUME~1\ATMELS~1\7.0\HEATER~1\HEATER~1\ARDUIN~1\Debug\libArduinoCore.a(main.o)
                              C:/Program Files (x86)/Atmel/Studio/7.0/Packs/atmel/ATmega_DFP/1.2.132/gcc/dev/atmega328p/avr5/crtatmega328p.o (main)
c:\users\admin\DOCUME~1\ATMELS~1\7.0\HEATER~1\HEATER~1\ARDUIN~1\Debug\libArduinoCore.a(Print.o)
                              Sketch.o (_ZN5Print5writeEPKhj)
c:\users\admin\DOCUME~1\ATMELS~1\7.0\HEATER~1\HEATER~1\ARDUIN~1\Debug\libArduinoCore.a(wiring.o)
                              Sketch.o (millis)
c:\users\admin\DOCUME~1\ATMELS~1\7.0\HEATER~1\HEATER~1\ARDUIN~1\Debug\libArduinoCore.a(wiring_analog.o)
                              Sketch.o (analogRead)
c:\users\admin\DOCUME~1\ATMELS~1\7.0\HEATER~1\HEATER~1\ARDUIN~1\Debug\libArduinoCore.a(wiring_digital.o)
                              Sketch.o (pinMode)
c:\users\admin\DOCUME~1\ATMELS~1\7.0\HEATER~1\HEATER~1\ARDUIN~1\Debug\libArduinoCore.a(U8glib.o)
                              Sketch.o (_ZN6U8GLIB7initI2CEP10_u8g_dev_th)
[...]
Memory Configuration

Name             Origin             Length             Attributes
text             0x00000000         0x00020000         xr
data             0x00800060         0x0000ffa0         rw !x
eeprom           0x00810000         0x00010000         rw !x
fuse             0x00820000         0x00000003         rw !x
lock             0x00830000         0x00000400         rw !x
signature        0x00840000         0x00000400         rw !x
user_signatures  0x00850000         0x00000400         rw !x
*default*        0x00000000         0xffffffff

Linker script and memory map

Address of section .data set to 0x800100
LOAD C:/Program Files (x86)/Atmel/Studio/7.0/Packs/atmel/ATmega_DFP/1.2.132/gcc/dev/atmega328p/avr5/crtatmega328p.o
LOAD Sketch.o
START GROUP
LOAD c:/program files (x86)/atmel/studio/7.0/toolchain/avr8/avr8-gnu-toolchain/bin/../lib/gcc/avr/5.4.0/../../../../avr/lib/avr5\libm.a
LOAD c:\users\admin\DOCUME~1\ATMELS~1\7.0\HEATER~1\HEATER~1\ARDUIN~1\Debug\libArduinoCore.a
END GROUP
LOAD c:/program files (x86)/atmel/studio/7.0/toolchain/avr8/avr8-gnu-toolchain/bin/../lib/gcc/avr/5.4.0/avr5\libgcc.a
LOAD c:/program files (x86)/atmel/studio/7.0/toolchain/avr8/avr8-gnu-toolchain/bin/../lib/gcc/avr/5.4.0/../../../../avr/lib/avr5\libm.a
START GROUP
LOAD c:/program files (x86)/atmel/studio/7.0/toolchain/avr8/avr8-gnu-toolchain/bin/../lib/gcc/avr/5.4.0/avr5\libgcc.a
LOAD c:/program files (x86)/atmel/studio/7.0/toolchain/avr8/avr8-gnu-toolchain/bin/../lib/gcc/avr/5.4.0/../../../../avr/lib/avr5\libm.a
LOAD c:/program files (x86)/atmel/studio/7.0/toolchain/avr8/avr8-gnu-toolchain/bin/../lib/gcc/avr/5.4.0/../../../../avr/lib/avr5\libc.a
LOAD C:/Program Files (x86)/Atmel/Studio/7.0/Packs/atmel/ATmega_DFP/1.2.132/gcc/dev/atmega328p/avr5\libatmega328p.a
END GROUP
                0x00020000                __TEXT_REGION_LENGTH__ = DEFINED (__TEXT_REGION_LENGTH__)?__TEXT_REGION_LENGTH__:0x20000
                0x0000ffa0                __DATA_REGION_LENGTH__ = DEFINED (__DATA_REGION_LENGTH__)?__DATA_REGION_LENGTH__:0xffa0
                0x00010000                __EEPROM_REGION_LENGTH__ = DEFINED (__EEPROM_REGION_LENGTH__)?__EEPROM_REGION_LENGTH__:0x10000
                [0x00000003]                __FUSE_REGION_LENGTH__ = DEFINED (__FUSE_REGION_LENGTH__)?__FUSE_REGION_LENGTH__:0x400
                0x00000400                __LOCK_REGION_LENGTH__ = DEFINED (__LOCK_REGION_LENGTH__)?__LOCK_REGION_LENGTH__:0x400
                0x00000400                __SIGNATURE_REGION_LENGTH__ = DEFINED (__SIGNATURE_REGION_LENGTH__)?__SIGNATURE_REGION_LENGTH__:0x400
                0x00000400                __USER_SIGNATURE_REGION_LENGTH__ = DEFINED (__USER_SIGNATURE_REGION_LENGTH__)?__USER_SIGNATURE_REGION_LENGTH__:0x400

.hash
 *(.hash)

.dynsym
 *(.dynsym)

.dynstr
 *(.dynstr)

.gnu.version
 *(.gnu.version)

.gnu.version_d
 *(.gnu.version_d)

.gnu.version_r
 *(.gnu.version_r)

.rel.init
 *(.rel.init)

.rela.init
 *(.rela.init)

.rel.text
 *(.rel.text)
 *(.rel.text.*)
 *(.rel.gnu.linkonce.t*)

.rela.text
 *(.rela.text)
 *(.rela.text.*)
 *(.rela.gnu.linkonce.t*)

.rel.fini
 *(.rel.fini)

.rela.fini
 *(.rela.fini)

.rel.rodata
 *(.rel.rodata)
 *(.rel.rodata.*)
 *(.rel.gnu.linkonce.r*)

.rela.rodata
 *(.rela.rodata)
 *(.rela.rodata.*)
 *(.rela.gnu.linkonce.r*)

.rel.data
 *(.rel.data)
 *(.rel.data.*)
 *(.rel.gnu.linkonce.d*)

.rela.data
 *(.rela.data)
 *(.rela.data.*)
 *(.rela.gnu.linkonce.d*)

.rel.ctors
 *(.rel.ctors)

.rela.ctors
 *(.rela.ctors)

.rel.dtors
 *(.rel.dtors)

.rela.dtors
 *(.rela.dtors)

.rel.got
 *(.rel.got)

.rela.got
 *(.rela.got)

.rel.bss
 *(.rel.bss)

.rela.bss
 *(.rela.bss)

.rel.plt
 *(.rel.plt)

.rela.plt
 *(.rela.plt)

.text           0x00000000     0x3498
 *(.vectors)
 .vectors       0x00000000       0x68 C:/Program Files (x86)/Atmel/Studio/7.0/Packs/atmel/ATmega_DFP/1.2.132/gcc/dev/atmega328p/avr5/crtatmega328p.o
                0x00000000                __vector_default
                0x00000000                __vectors
 *(.vectors)
 *(.progmem.gcc*)
 .progmem.gcc_sw_table._ZN10debugger_t14refreshDisplayEv
                0x00000068        0xe Sketch.o
                0x00000076                . = ALIGN (0x2)
                0x00000076                __trampolines_start = .
 *(.trampolines)
 .trampolines   0x00000076        0x0 linker stubs
 *(.trampolines*)
                0x00000076                __trampolines_end = .
 *libprintf_flt.a:*(.progmem.data)
 *libc.a:*(.progmem.data)
 .progmem.data  0x00000076       0xfa c:/program files (x86)/atmel/studio/7.0/toolchain/avr8/avr8-gnu-toolchain/bin/../lib/gcc/avr/5.4.0/../../../../avr/lib/avr5\libc.a(ftoa_engine.o)
 *(.progmem*)
 .progmem.data.digital_pin_to_bit_mask_PGM
                0x00000170       0x14 c:\users\admin\DOCUME~1\ATMELS~1\7.0\HEATER~1\HEATER~1\ARDUIN~1\Debug\libArduinoCore.a(wiring_digital.o)
                0x00000170                digital_pin_to_bit_mask_PGM
 .progmem.data.digital_pin_to_port_PGM
                0x00000184       0x14 c:\users\admin\DOCUME~1\ATMELS~1\7.0\HEATER~1\HEATER~1\ARDUIN~1\Debug\libArduinoCore.a(wiring_digital.o)
                0x00000184                digital_pin_to_port_PGM
 .progmem.data.port_to_output_PGM
                0x00000198        0xa c:\users\admin\DOCUME~1\ATMELS~1\7.0\HEATER~1\HEATER~1\ARDUIN~1\Debug\libArduinoCore.a(wiring_digital.o)
                0x00000198                port_to_output_PGM
 .progmem.data.port_to_mode_PGM
                0x000001a2        0xa c:\users\admin\DOCUME~1\ATMELS~1\7.0\HEATER~1\HEATER~1\ARDUIN~1\Debug\libArduinoCore.a(wiring_digital.o)
                0x000001a2                port_to_mode_PGM
 .progmem.data.u8g_dev_ssd13xx_sleep_off
                0x000001ac        0xb c:\users\admin\DOCUME~1\ATMELS~1\7.0\HEATER~1\HEATER~1\ARDUIN~1\Debug\libArduinoCore.a(u8g_dev_ssd1306_128x64.o)
 .progmem.data.u8g_dev_ssd13xx_sleep_on
                0x000001b7        0x9 c:\users\admin\DOCUME~1\ATMELS~1\7.0\HEATER~1\HEATER~1\ARDUIN~1\Debug\libArduinoCore.a(u8g_dev_ssd1306_128x64.o)
 .progmem.data.u8g_dev_ssd1306_128x64_data_start
                0x000001c0        0x8 c:\users\admin\DOCUME~1\ATMELS~1\7.0\HEATER~1\HEATER~1\ARDUIN~1\Debug\libArduinoCore.a(u8g_dev_ssd1306_128x64.o)
 .progmem.data.u8g_dev_ssd1306_128x64_adafruit2_init_seq
                0x000001c8       0x26 c:\users\admin\DOCUME~1\ATMELS~1\7.0\HEATER~1\HEATER~1\ARDUIN~1\Debug\libArduinoCore.a(u8g_dev_ssd1306_128x64.o)
 .progmem.u8g_font_babyr
                0x000001ee      0x410 c:\users\admin\DOCUME~1\ATMELS~1\7.0\HEATER~1\HEATER~1\ARDUIN~1\Debug\libArduinoCore.a(u8g_font_data.o)
                0x000001ee                u8g_font_babyr
                0x000005fe                . = ALIGN (0x2)
 *(.jumptables)
 *(.jumptables*)
 *(.lowtext)
 *(.lowtext*)
                0x000005fe                __ctors_start = .
 *(.ctors)
 .ctors         0x000005fe        0x2 Sketch.o
 .ctors         0x00000600        0x2 c:\users\admin\DOCUME~1\ATMELS~1\7.0\HEATER~1\HEATER~1\ARDUIN~1\Debug\libArduinoCore.a(HardwareSerial0.o)
                0x00000602                __ctors_end = .
                0x00000602                __dtors_start = .
 *(.dtors)
                0x00000602                __dtors_end = .
 SORT(*)(.ctors)
 SORT(*)(.dtors)
 *(.init0)
 .init0         0x00000602        0x0 C:/Program Files (x86)/Atmel/Studio/7.0/Packs/atmel/ATmega_DFP/1.2.132/gcc/dev/atmega328p/avr5/crtatmega328p.o
                0x00000602                __init
 *(.init0)
 *(.init1)
 *(.init1)
 *(.init2)
 .init2         0x00000602        0xc C:/Program Files (x86)/Atmel/Studio/7.0/Packs/atmel/ATmega_DFP/1.2.132/gcc/dev/atmega328p/avr5/crtatmega328p.o
 *(.init2)
 *(.init3)
 *(.init3)
 *(.init4)
 .init4         0x0000060e       0x16 c:/program files (x86)/atmel/studio/7.0/toolchain/avr8/avr8-gnu-toolchain/bin/../lib/gcc/avr/5.4.0/avr5\libgcc.a(_copy_data.o)
                0x0000060e                __do_copy_data
 .init4         0x00000624       0x10 c:/program files (x86)/atmel/studio/7.0/toolchain/avr8/avr8-gnu-toolchain/bin/../lib/gcc/avr/5.4.0/avr5\libgcc.a(_clear_bss.o)
                0x00000624                __do_clear_bss
 *(.init4)
 *(.init5)
 *(.init5)
 *(.init6)
 .init6         0x00000634       0x16 c:/program files (x86)/atmel/studio/7.0/toolchain/avr8/avr8-gnu-toolchain/bin/../lib/gcc/avr/5.4.0/avr5\libgcc.a(_ctors.o)
                0x00000634                __do_global_ctors
 *(.init6)
 *(.init7)
 *(.init7)
 *(.init8)
 *(.init8)
 *(.init9)
 .init9         0x0000064a        0x8 C:/Program Files (x86)/Atmel/Studio/7.0/Packs/atmel/ATmega_DFP/1.2.132/gcc/dev/atmega328p/avr5/crtatmega328p.o
 *(.init9)
 *(.text)
 .text          0x00000652        0x4 C:/Program Files (x86)/Atmel/Studio/7.0/Packs/atmel/ATmega_DFP/1.2.132/gcc/dev/atmega328p/avr5/crtatmega328p.o
                0x00000652                __vector_22
                0x00000652                __vector_1
                0x00000652                __vector_24
                0x00000652                __vector_12
                0x00000652                __bad_interrupt
                0x00000652                __vector_6
                0x00000652                __vector_3
                0x00000652                __vector_23
                0x00000652                __vector_25
                0x00000652                __vector_11
                0x00000652                __vector_13
                0x00000652                __vector_17
                0x00000652                __vector_7
                0x00000652                __vector_5
                0x00000652                __vector_4
                0x00000652                __vector_9
                0x00000652                __vector_2
                0x00000652                __vector_21
                0x00000652                __vector_15
                0x00000652                __vector_8
                0x00000652                __vector_14
                0x00000652                __vector_10
                0x00000652                __vector_20
                0x00000656                . = ALIGN (0x2)
 *(.text.*)
 .text._ZN6U8GLIB5writeEh
                0x00000656       0x22 Sketch.o
                0x00000656                _ZN6U8GLIB5writeEh
 .text._ZN10debugger_t8drawFormEv
                0x00000678      0x106 Sketch.o
                0x00000678                _ZN10debugger_t8drawFormEv
 .text._ZN10debugger_t14refreshDisplayEv
                0x0000077e      0x162 Sketch.o
                0x0000077e                _ZN10debugger_t14refreshDisplayEv
 .text.setup    0x000008e0       0x28 Sketch.o
                0x000008e0                setup
 .text._Z14refreshDisplayv
                0x00000908       0x7a Sketch.o
                0x00000908                _Z14refreshDisplayv
 .text._Z21getSmoothedADCReadingi
                0x00000982      0x162 Sketch.o
                0x00000982                _Z21getSmoothedADCReadingi
 .text.loop     0x00000ae4      0x18c Sketch.o
                0x00000ae4                loop
 .text.startup._GLOBAL__sub_I_u8g
                0x00000c70       0x72 Sketch.o
 .text.avr-libc.fplib
                0x00000ce2        0xe c:/program files (x86)/atmel/studio/7.0/toolchain/avr8/avr8-gnu-toolchain/bin/../lib/gcc/avr/5.4.0/../../../../avr/lib/avr5\libm.a(addsf3.o)
                0x00000ce2                __subsf3
                0x00000ce4                __addsf3
 .text.avr-libc.fplib
                0x00000cf0       0xcc c:/program files (x86)/atmel/studio/7.0/toolchain/avr8/avr8-gnu-toolchain/bin/../lib/gcc/avr/5.4.0/../../../../avr/lib/avr5\libm.a(addsf3x.o)
                0x00000d12                __addsf3x
 .text.avr-libc.fplib
                0x00000dbc        0x8 c:/program files (x86)/atmel/studio/7.0/toolchain/avr8/avr8-gnu-toolchain/bin/../lib/gcc/avr/5.4.0/../../../../avr/lib/avr5\libm.a(divsf3.o)
                0x00000dbc                __divsf3
 .text.avr-libc.fplib
                0x00000dc4       0xdc c:/program files (x86)/atmel/studio/7.0/toolchain/avr8/avr8-gnu-toolchain/bin/../lib/gcc/avr/5.4.0/../../../../avr/lib/avr5\libm.a(divsf3x.o)
                0x00000de4                __divsf3x
                0x00000dea                __divsf3_pse
 .text.avr-libc.fplib
                0x00000ea0       0x7a c:/program files (x86)/atmel/studio/7.0/toolchain/avr8/avr8-gnu-toolchain/bin/../lib/gcc/avr/5.4.0/../../../../avr/lib/avr5\libm.a(floatsisf.o)
                0x00000ea0                __floatunsisf
                0x00000ea4                __floatsisf
 .text.avr-libc.fplib
                0x00000f1a        0xc c:/program files (x86)/atmel/studio/7.0/toolchain/avr8/avr8-gnu-toolchain/bin/../lib/gcc/avr/5.4.0/../../../../avr/lib/avr5\libm.a(fp_inf.o)
                0x00000f1a                __fp_inf
 .text.avr-libc.fplib
                0x00000f26        0x6 c:/program files (x86)/atmel/studio/7.0/toolchain/avr8/avr8-gnu-toolchain/bin/../lib/gcc/avr/5.4.0/../../../../avr/lib/avr5\libm.a(fp_nan.o)
                0x00000f26                __fp_nan
 .text.avr-libc.fplib
                0x00000f2c        0xe c:/program files (x86)/atmel/studio/7.0/toolchain/avr8/avr8-gnu-toolchain/bin/../lib/gcc/avr/5.4.0/../../../../avr/lib/avr5\libm.a(fp_pscA.o)
                0x00000f2c                __fp_pscA
 .text.avr-libc.fplib
                0x00000f3a        0xe c:/program files (x86)/atmel/studio/7.0/toolchain/avr8/avr8-gnu-toolchain/bin/../lib/gcc/avr/5.4.0/../../../../avr/lib/avr5\libm.a(fp_pscB.o)
                0x00000f3a                __fp_pscB
 .text.avr-libc.fplib
                0x00000f48       0x22 c:/program files (x86)/atmel/studio/7.0/toolchain/avr8/avr8-gnu-toolchain/bin/../lib/gcc/avr/5.4.0/../../../../avr/lib/avr5\libm.a(fp_round.o)
                0x00000f48                __fp_round
 .text.avr-libc.fplib
                0x00000f6a       0x44 c:/program files (x86)/atmel/studio/7.0/toolchain/avr8/avr8-gnu-toolchain/bin/../lib/gcc/avr/5.4.0/../../../../avr/lib/avr5\libm.a(fp_split3.o)
                0x00000f6a                __fp_split3
                0x00000f7a                __fp_splitA
 .text.avr-libc.fplib
                0x00000fae        0xe c:/program files (x86)/atmel/studio/7.0/toolchain/avr8/avr8-gnu-toolchain/bin/../lib/gcc/avr/5.4.0/../../../../avr/lib/avr5\libm.a(fp_zero.o)
                0x00000fae                __fp_zero
                0x00000fb0                __fp_szero
 .text._ZN14HardwareSerial9availableEv
                0x00000fbc       0x18 c:\users\admin\DOCUME~1\ATMELS~1\7.0\HEATER~1\HEATER~1\ARDUIN~1\Debug\libArduinoCore.a(HardwareSerial.o)
                0x00000fbc                _ZN14HardwareSerial9availableEv
 .text._ZN14HardwareSerial4peekEv
                0x00000fd4       0x1c c:\users\admin\DOCUME~1\ATMELS~1\7.0\HEATER~1\HEATER~1\ARDUIN~1\Debug\libArduinoCore.a(HardwareSerial.o)
                0x00000fd4                _ZN14HardwareSerial4peekEv
 .text._ZN14HardwareSerial4readEv
                0x00000ff0       0x28 c:\users\admin\DOCUME~1\ATMELS~1\7.0\HEATER~1\HEATER~1\ARDUIN~1\Debug\libArduinoCore.a(HardwareSerial.o)
                0x00000ff0                _ZN14HardwareSerial4readEv
 .text._Z14serialEventRunv
                0x00001018       0x1c c:\users\admin\DOCUME~1\ATMELS~1\7.0\HEATER~1\HEATER~1\ARDUIN~1\Debug\libArduinoCore.a(HardwareSerial.o)
                0x00001018                _Z14serialEventRunv
 .text._ZN14HardwareSerial17_tx_udr_empty_irqEv
                0x00001034       0x42 c:\users\admin\DOCUME~1\ATMELS~1\7.0\HEATER~1\HEATER~1\ARDUIN~1\Debug\libArduinoCore.a(HardwareSerial.o)
                0x00001034                _ZN14HardwareSerial17_tx_udr_empty_irqEv
 .text._ZN14HardwareSerial5writeEh
                0x00001076       0x8e c:\users\admin\DOCUME~1\ATMELS~1\7.0\HEATER~1\HEATER~1\ARDUIN~1\Debug\libArduinoCore.a(HardwareSerial.o)
                0x00001076                _ZN14HardwareSerial5writeEh
 .text._ZN14HardwareSerial5flushEv
                0x00001104       0x44 c:\users\admin\DOCUME~1\ATMELS~1\7.0\HEATER~1\HEATER~1\ARDUIN~1\Debug\libArduinoCore.a(HardwareSerial.o)
                0x00001104                _ZN14HardwareSerial5flushEv
 .text._ZN14HardwareSerial5beginEmh
                0x00001148       0xca c:\users\admin\DOCUME~1\ATMELS~1\7.0\HEATER~1\HEATER~1\ARDUIN~1\Debug\libArduinoCore.a(HardwareSerial.o)
                0x00001148                _ZN14HardwareSerial5beginEmh
 .text.__vector_18
                0x00001212       0x64 c:\users\admin\DOCUME~1\ATMELS~1\7.0\HEATER~1\HEATER~1\ARDUIN~1\Debug\libArduinoCore.a(HardwareSerial0.o)
                0x00001212                __vector_18
 .text.__vector_19
                0x00001276       0x4c c:\users\admin\DOCUME~1\ATMELS~1\7.0\HEATER~1\HEATER~1\ARDUIN~1\Debug\libArduinoCore.a(HardwareSerial0.o)
                0x00001276                __vector_19
 .text._Z17Serial0_availablev
                0x000012c2       0x14 c:\users\admin\DOCUME~1\ATMELS~1\7.0\HEATER~1\HEATER~1\ARDUIN~1\Debug\libArduinoCore.a(HardwareSerial0.o)
                0x000012c2                _Z17Serial0_availablev
 .text.startup._GLOBAL__sub_I___vector_18
                0x000012d6       0x5a c:\users\admin\DOCUME~1\ATMELS~1\7.0\HEATER~1\HEATER~1\ARDUIN~1\Debug\libArduinoCore.a(HardwareSerial0.o)
 .text.initVariant
                0x00001330        0x2 c:\users\admin\DOCUME~1\ATMELS~1\7.0\HEATER~1\HEATER~1\ARDUIN~1\Debug\libArduinoCore.a(main.o)
                0x00001330                initVariant
 .text.startup.main
                0x00001332       0x1e c:\users\admin\DOCUME~1\ATMELS~1\7.0\HEATER~1\HEATER~1\ARDUIN~1\Debug\libArduinoCore.a(main.o)
                0x00001332                main
 .text._ZN5Print5writeEPKhj
                0x00001350       0x54 c:\users\admin\DOCUME~1\ATMELS~1\7.0\HEATER~1\HEATER~1\ARDUIN~1\Debug\libArduinoCore.a(Print.o)
                0x00001350                _ZN5Print5writeEPKhj
 .text._ZN5Print5writeEPKc
                0x000013a4       0x2a c:\users\admin\DOCUME~1\ATMELS~1\7.0\HEATER~1\HEATER~1\ARDUIN~1\Debug\libArduinoCore.a(Print.o)
                0x000013a4                _ZN5Print5writeEPKc
 .text._ZN5Print5printEPKc
                0x000013ce        0x4 c:\users\admin\DOCUME~1\ATMELS~1\7.0\HEATER~1\HEATER~1\ARDUIN~1\Debug\libArduinoCore.a(Print.o)
                0x000013ce                _ZN5Print5printEPKc
 .text._ZN5Print5printEc
                0x000013d2        0xe c:\users\admin\DOCUME~1\ATMELS~1\7.0\HEATER~1\HEATER~1\ARDUIN~1\Debug\libArduinoCore.a(Print.o)
                0x000013d2                _ZN5Print5printEc
 .text._ZN5Print11printNumberEmh
                0x000013e0       0x92 c:\users\admin\DOCUME~1\ATMELS~1\7.0\HEATER~1\HEATER~1\ARDUIN~1\Debug\libArduinoCore.a(Print.o)
                0x000013e0                _ZN5Print11printNumberEmh
 .text._ZN5Print5printEmi
                0x00001472       0x1a c:\users\admin\DOCUME~1\ATMELS~1\7.0\HEATER~1\HEATER~1\ARDUIN~1\Debug\libArduinoCore.a(Print.o)
                0x00001472                _ZN5Print5printEmi
 .text._ZN5Print5printEhi
                0x0000148c        0xe c:\users\admin\DOCUME~1\ATMELS~1\7.0\HEATER~1\HEATER~1\ARDUIN~1\Debug\libArduinoCore.a(Print.o)
                0x0000148c                _ZN5Print5printEhi
 .text._ZN5Print5printEji
                0x0000149a        0xc c:\users\admin\DOCUME~1\ATMELS~1\7.0\HEATER~1\HEATER~1\ARDUIN~1\Debug\libArduinoCore.a(Print.o)
                0x0000149a                _ZN5Print5printEji
 .text._ZN5Print5printEli
                0x000014a6       0x90 c:\users\admin\DOCUME~1\ATMELS~1\7.0\HEATER~1\HEATER~1\ARDUIN~1\Debug\libArduinoCore.a(Print.o)
                0x000014a6                _ZN5Print5printEli
 .text._ZN5Print5printEii
                0x00001536        0xe c:\users\admin\DOCUME~1\ATMELS~1\7.0\HEATER~1\HEATER~1\ARDUIN~1\Debug\libArduinoCore.a(Print.o)
                0x00001536                _ZN5Print5printEii
 .text._ZN5Print10printFloatEdh
                0x00001544      0x1ba c:\users\admin\DOCUME~1\ATMELS~1\7.0\HEATER~1\HEATER~1\ARDUIN~1\Debug\libArduinoCore.a(Print.o)
                0x00001544                _ZN5Print10printFloatEdh
 .text._ZN5Print5printEdi
                0x000016fe        0x4 c:\users\admin\DOCUME~1\ATMELS~1\7.0\HEATER~1\HEATER~1\ARDUIN~1\Debug\libArduinoCore.a(Print.o)
                0x000016fe                _ZN5Print5printEdi
 .text.__vector_16
                0x00001702       0x94 c:\users\admin\DOCUME~1\ATMELS~1\7.0\HEATER~1\HEATER~1\ARDUIN~1\Debug\libArduinoCore.a(wiring.o)
                0x00001702                __vector_16
 .text.millis   0x00001796       0x18 c:\users\admin\DOCUME~1\ATMELS~1\7.0\HEATER~1\HEATER~1\ARDUIN~1\Debug\libArduinoCore.a(wiring.o)
                0x00001796                millis
 .text.init     0x000017ae       0x76 c:\users\admin\DOCUME~1\ATMELS~1\7.0\HEATER~1\HEATER~1\ARDUIN~1\Debug\libArduinoCore.a(wiring.o)
                0x000017ae                init
 .text.analogRead
                0x00001824       0x3a c:\users\admin\DOCUME~1\ATMELS~1\7.0\HEATER~1\HEATER~1\ARDUIN~1\Debug\libArduinoCore.a(wiring_analog.o)
                0x00001824                analogRead
 .text.pinMode  0x0000185e       0x78 c:\users\admin\DOCUME~1\ATMELS~1\7.0\HEATER~1\HEATER~1\ARDUIN~1\Debug\libArduinoCore.a(wiring_digital.o)
                0x0000185e                pinMode
 .text._ZN6U8GLIB7initI2CEP10_u8g_dev_th
                0x000018d6        0xe c:\users\admin\DOCUME~1\ATMELS~1\7.0\HEATER~1\HEATER~1\ARDUIN~1\Debug\libArduinoCore.a(U8glib.o)
                0x000018d6                _ZN6U8GLIB7initI2CEP10_u8g_dev_th
 .text.u8g_dev_ssd1306_128x64_fn
                0x000018e4       0xd4 c:\users\admin\DOCUME~1\ATMELS~1\7.0\HEATER~1\HEATER~1\ARDUIN~1\Debug\libArduinoCore.a(u8g_dev_ssd1306_128x64.o)
                0x000018e4                u8g_dev_ssd1306_128x64_fn
 .text.u8g_font_get_word
                0x000019b8       0x18 c:\users\admin\DOCUME~1\ATMELS~1\7.0\HEATER~1\HEATER~1\ARDUIN~1\Debug\libArduinoCore.a(u8g_font.o)
 .text.u8g_font_GetFormat
                0x000019d0        0x6 c:\users\admin\DOCUME~1\ATMELS~1\7.0\HEATER~1\HEATER~1\ARDUIN~1\Debug\libArduinoCore.a(u8g_font.o)
 .text.u8g_font_GetFontGlyphStructureSize
                0x000019d6       0x14 c:\users\admin\DOCUME~1\ATMELS~1\7.0\HEATER~1\HEATER~1\ARDUIN~1\Debug\libArduinoCore.a(u8g_font.o)
 .text.u8g_font_calc_vref_font
                0x000019ea        0x4 c:\users\admin\DOCUME~1\ATMELS~1\7.0\HEATER~1\HEATER~1\ARDUIN~1\Debug\libArduinoCore.a(u8g_font.o)
                0x000019ea                u8g_font_calc_vref_font
 .text.u8g_font_GetEncoding65Pos
                0x000019ee        0x6 c:\users\admin\DOCUME~1\ATMELS~1\7.0\HEATER~1\HEATER~1\ARDUIN~1\Debug\libArduinoCore.a(u8g_font.o)
                0x000019ee                u8g_font_GetEncoding65Pos
 .text.u8g_font_GetEncoding97Pos
                0x000019f4        0x6 c:\users\admin\DOCUME~1\ATMELS~1\7.0\HEATER~1\HEATER~1\ARDUIN~1\Debug\libArduinoCore.a(u8g_font.o)
                0x000019f4                u8g_font_GetEncoding97Pos
 .text.u8g_font_GetFontStartEncoding
                0x000019fa        0x8 c:\users\admin\DOCUME~1\ATMELS~1\7.0\HEATER~1\HEATER~1\ARDUIN~1\Debug\libArduinoCore.a(u8g_font.o)
                0x000019fa                u8g_font_GetFontStartEncoding
 .text.u8g_font_GetFontEndEncoding
                0x00001a02        0x8 c:\users\admin\DOCUME~1\ATMELS~1\7.0\HEATER~1\HEATER~1\ARDUIN~1\Debug\libArduinoCore.a(u8g_font.o)
                0x00001a02                u8g_font_GetFontEndEncoding
 .text.u8g_GetGlyph
                0x00001a0a      0x1ac c:\users\admin\DOCUME~1\ATMELS~1\7.0\HEATER~1\HEATER~1\ARDUIN~1\Debug\libArduinoCore.a(u8g_font.o)
                0x00001a0a                u8g_GetGlyph
 .text.u8g_draw_glyph
                0x00001bb6       0xc0 c:\users\admin\DOCUME~1\ATMELS~1\7.0\HEATER~1\HEATER~1\ARDUIN~1\Debug\libArduinoCore.a(u8g_font.o)
                0x00001bb6                u8g_draw_glyph
 .text.u8g_DrawGlyph
                0x00001c76       0x30 c:\users\admin\DOCUME~1\ATMELS~1\7.0\HEATER~1\HEATER~1\ARDUIN~1\Debug\libArduinoCore.a(u8g_font.o)
                0x00001c76                u8g_DrawGlyph
 .text.u8g_UpdateRefHeight
                0x00001ca6       0x92 c:\users\admin\DOCUME~1\ATMELS~1\7.0\HEATER~1\HEATER~1\ARDUIN~1\Debug\libArduinoCore.a(u8g_font.o)
                0x00001ca6                u8g_UpdateRefHeight
 .text.u8g_SetFontPosBaseline
                0x00001d38        0xc c:\users\admin\DOCUME~1\ATMELS~1\7.0\HEATER~1\HEATER~1\ARDUIN~1\Debug\libArduinoCore.a(u8g_font.o)
                0x00001d38                u8g_SetFontPosBaseline
 .text.u8g_SetFont
                0x00001d44       0x28 c:\users\admin\DOCUME~1\ATMELS~1\7.0\HEATER~1\HEATER~1\ARDUIN~1\Debug\libArduinoCore.a(u8g_font.o)
                0x00001d44                u8g_SetFont
 .text.u8g_init_data
                0x00001d6c       0x56 c:\users\admin\DOCUME~1\ATMELS~1\7.0\HEATER~1\HEATER~1\ARDUIN~1\Debug\libArduinoCore.a(u8g_ll_api.o)
 .text.u8g_call_dev_fn
                0x00001dc2        0x8 c:\users\admin\DOCUME~1\ATMELS~1\7.0\HEATER~1\HEATER~1\ARDUIN~1\Debug\libArduinoCore.a(u8g_ll_api.o)
                0x00001dc2                u8g_call_dev_fn
 .text.u8g_InitLL
                0x00001dca       0x40 c:\users\admin\DOCUME~1\ATMELS~1\7.0\HEATER~1\HEATER~1\ARDUIN~1\Debug\libArduinoCore.a(u8g_ll_api.o)
                0x00001dca                u8g_InitLL
 .text.u8g_FirstPageLL
                0x00001e0a       0x4a c:\users\admin\DOCUME~1\ATMELS~1\7.0\HEATER~1\HEATER~1\ARDUIN~1\Debug\libArduinoCore.a(u8g_ll_api.o)
                0x00001e0a                u8g_FirstPageLL
 .text.u8g_NextPageLL
                0x00001e54       0x58 c:\users\admin\DOCUME~1\ATMELS~1\7.0\HEATER~1\HEATER~1\ARDUIN~1\Debug\libArduinoCore.a(u8g_ll_api.o)
                0x00001e54                u8g_NextPageLL
 .text.u8g_GetWidthLL
                0x00001eac       0x20 c:\users\admin\DOCUME~1\ATMELS~1\7.0\HEATER~1\HEATER~1\ARDUIN~1\Debug\libArduinoCore.a(u8g_ll_api.o)
                0x00001eac                u8g_GetWidthLL
 .text.u8g_GetHeightLL
                0x00001ecc       0x20 c:\users\admin\DOCUME~1\ATMELS~1\7.0\HEATER~1\HEATER~1\ARDUIN~1\Debug\libArduinoCore.a(u8g_ll_api.o)
                0x00001ecc                u8g_GetHeightLL
 .text.u8g_GetModeLL
                0x00001eec        0xa c:\users\admin\DOCUME~1\ATMELS~1\7.0\HEATER~1\HEATER~1\ARDUIN~1\Debug\libArduinoCore.a(u8g_ll_api.o)
                0x00001eec                u8g_GetModeLL
 .text.u8g_UpdateDimension
                0x00001ef6       0x3e c:\users\admin\DOCUME~1\ATMELS~1\7.0\HEATER~1\HEATER~1\ARDUIN~1\Debug\libArduinoCore.a(u8g_ll_api.o)
                0x00001ef6                u8g_UpdateDimension
 .text.u8g_Begin
                0x00001f34       0x20 c:\users\admin\DOCUME~1\ATMELS~1\7.0\HEATER~1\HEATER~1\ARDUIN~1\Debug\libArduinoCore.a(u8g_ll_api.o)
                0x00001f34                u8g_Begin
 .text.u8g_InitI2C
                0x00001f54       0x2a c:\users\admin\DOCUME~1\ATMELS~1\7.0\HEATER~1\HEATER~1\ARDUIN~1\Debug\libArduinoCore.a(u8g_ll_api.o)
                0x00001f54                u8g_InitI2C
 .text.u8g_FirstPage
                0x00001f7e        0xa c:\users\admin\DOCUME~1\ATMELS~1\7.0\HEATER~1\HEATER~1\ARDUIN~1\Debug\libArduinoCore.a(u8g_ll_api.o)
                0x00001f7e                u8g_FirstPage
 .text.u8g_NextPage
                0x00001f88       0x1e c:\users\admin\DOCUME~1\ATMELS~1\7.0\HEATER~1\HEATER~1\ARDUIN~1\Debug\libArduinoCore.a(u8g_ll_api.o)
                0x00001f88                u8g_NextPage
 .text.u8g_Draw8Pixel
                0x00001fa6       0x22 c:\users\admin\DOCUME~1\ATMELS~1\7.0\HEATER~1\HEATER~1\ARDUIN~1\Debug\libArduinoCore.a(u8g_ll_api.o)
                0x00001fa6                u8g_Draw8Pixel
 .text.u8g_SetColorIndex
                0x00001fc8        0x6 c:\users\admin\DOCUME~1\ATMELS~1\7.0\HEATER~1\HEATER~1\ARDUIN~1\Debug\libArduinoCore.a(u8g_ll_api.o)
                0x00001fc8                u8g_SetColorIndex
 .text.u8g_pb_Clear
                0x00001fce       0x20 c:\users\admin\DOCUME~1\ATMELS~1\7.0\HEATER~1\HEATER~1\ARDUIN~1\Debug\libArduinoCore.a(u8g_pb.o)
                0x00001fce                u8g_pb_Clear
 .text.u8g_pb_IsYIntersection
                0x00001fee       0x2e c:\users\admin\DOCUME~1\ATMELS~1\7.0\HEATER~1\HEATER~1\ARDUIN~1\Debug\libArduinoCore.a(u8g_pb.o)
                0x00001fee                u8g_pb_IsYIntersection
 .text.u8g_pb_GetPageBox
                0x0000201c       0x20 c:\users\admin\DOCUME~1\ATMELS~1\7.0\HEATER~1\HEATER~1\ARDUIN~1\Debug\libArduinoCore.a(u8g_pb.o)
                0x0000201c                u8g_pb_GetPageBox
 .text.u8g_pb_Is8PixelVisible
                0x0000203c       0x20 c:\users\admin\DOCUME~1\ATMELS~1\7.0\HEATER~1\HEATER~1\ARDUIN~1\Debug\libArduinoCore.a(u8g_pb.o)
                0x0000203c                u8g_pb_Is8PixelVisible
 .text.u8g_pb_WriteBuffer
                0x0000205c       0x10 c:\users\admin\DOCUME~1\ATMELS~1\7.0\HEATER~1\HEATER~1\ARDUIN~1\Debug\libArduinoCore.a(u8g_pb.o)
                0x0000205c                u8g_pb_WriteBuffer
 .text.u8g_pb8v1_set_pixel
                0x0000206c       0x34 c:\users\admin\DOCUME~1\ATMELS~1\7.0\HEATER~1\HEATER~1\ARDUIN~1\Debug\libArduinoCore.a(u8g_pb8v1.o)
                0x0000206c                u8g_pb8v1_set_pixel
 .text.u8g_pb8v1_SetPixel
                0x000020a0       0x2c c:\users\admin\DOCUME~1\ATMELS~1\7.0\HEATER~1\HEATER~1\ARDUIN~1\Debug\libArduinoCore.a(u8g_pb8v1.o)
                0x000020a0                u8g_pb8v1_SetPixel
 .text.u8g_pb8v1_Set8PixelOpt2
                0x000020cc       0x68 c:\users\admin\DOCUME~1\ATMELS~1\7.0\HEATER~1\HEATER~1\ARDUIN~1\Debug\libArduinoCore.a(u8g_pb8v1.o)
                0x000020cc                u8g_pb8v1_Set8PixelOpt2
 .text.u8g_dev_pb8v1_base_fn
                0x00002134       0x8e c:\users\admin\DOCUME~1\ATMELS~1\7.0\HEATER~1\HEATER~1\ARDUIN~1\Debug\libArduinoCore.a(u8g_pb8v1.o)
                0x00002134                u8g_dev_pb8v1_base_fn
 .text.u8g_state_dummy_cb
                0x000021c2        0x2 c:\users\admin\DOCUME~1\ATMELS~1\7.0\HEATER~1\HEATER~1\ARDUIN~1\Debug\libArduinoCore.a(u8g_state.o)
                0x000021c2                u8g_state_dummy_cb
 .text.u8g_IsBBXIntersection
                0x000021c4       0x44 c:\users\admin\DOCUME~1\ATMELS~1\7.0\HEATER~1\HEATER~1\ARDUIN~1\Debug\libArduinoCore.a(u8g_clip.o)
                0x000021c4                u8g_IsBBXIntersection
 .text.u8g_InitCom
                0x00002208       0x12 c:\users\admin\DOCUME~1\ATMELS~1\7.0\HEATER~1\HEATER~1\ARDUIN~1\Debug\libArduinoCore.a(u8g_com_api.o)
                0x00002208                u8g_InitCom
 .text.u8g_SetChipSelect
                0x0000221a       0x12 c:\users\admin\DOCUME~1\ATMELS~1\7.0\HEATER~1\HEATER~1\ARDUIN~1\Debug\libArduinoCore.a(u8g_com_api.o)
                0x0000221a                u8g_SetChipSelect
 .text.u8g_SetResetLow
                0x0000222c       0x14 c:\users\admin\DOCUME~1\ATMELS~1\7.0\HEATER~1\HEATER~1\ARDUIN~1\Debug\libArduinoCore.a(u8g_com_api.o)
                0x0000222c                u8g_SetResetLow
 .text.u8g_SetResetHigh
                0x00002240       0x14 c:\users\admin\DOCUME~1\ATMELS~1\7.0\HEATER~1\HEATER~1\ARDUIN~1\Debug\libArduinoCore.a(u8g_com_api.o)
                0x00002240                u8g_SetResetHigh
 .text.u8g_SetAddress
                0x00002254       0x12 c:\users\admin\DOCUME~1\ATMELS~1\7.0\HEATER~1\HEATER~1\ARDUIN~1\Debug\libArduinoCore.a(u8g_com_api.o)
                0x00002254                u8g_SetAddress
 .text.u8g_WriteByte
                0x00002266       0x12 c:\users\admin\DOCUME~1\ATMELS~1\7.0\HEATER~1\HEATER~1\ARDUIN~1\Debug\libArduinoCore.a(u8g_com_api.o)
                0x00002266                u8g_WriteByte
 .text.u8g_WriteSequence
                0x00002278        0xe c:\users\admin\DOCUME~1\ATMELS~1\7.0\HEATER~1\HEATER~1\ARDUIN~1\Debug\libArduinoCore.a(u8g_com_api.o)
                0x00002278                u8g_WriteSequence
 .text.u8g_WriteEscSeqP
                0x00002286       0xc0 c:\users\admin\DOCUME~1\ATMELS~1\7.0\HEATER~1\HEATER~1\ARDUIN~1\Debug\libArduinoCore.a(u8g_com_api.o)
                0x00002286                u8g_WriteEscSeqP
 .text.u8g_com_arduino_ssd_start_sequence
                0x00002346       0x34 c:\users\admin\DOCUME~1\ATMELS~1\7.0\HEATER~1\HEATER~1\ARDUIN~1\Debug\libArduinoCore.a(u8g_com_arduino_ssd_i2c.o)
                0x00002346                u8g_com_arduino_ssd_start_sequence
 .text.u8g_com_arduino_ssd_i2c_fn
                0x0000237a       0xb4 c:\users\admin\DOCUME~1\ATMELS~1\7.0\HEATER~1\HEATER~1\ARDUIN~1\Debug\libArduinoCore.a(u8g_com_arduino_ssd_i2c.o)
                0x0000237a                u8g_com_arduino_ssd_i2c_fn
 .text.u8g_i2c_set_error
                0x0000242e       0x12 c:\users\admin\DOCUME~1\ATMELS~1\7.0\HEATER~1\HEATER~1\ARDUIN~1\Debug\libArduinoCore.a(u8g_com_i2c.o)
 .text.u8g_i2c_clear_error
                0x00002440        0xa c:\users\admin\DOCUME~1\ATMELS~1\7.0\HEATER~1\HEATER~1\ARDUIN~1\Debug\libArduinoCore.a(u8g_com_i2c.o)
                0x00002440                u8g_i2c_clear_error
 .text.u8g_i2c_init
                0x0000244a       0x1a c:\users\admin\DOCUME~1\ATMELS~1\7.0\HEATER~1\HEATER~1\ARDUIN~1\Debug\libArduinoCore.a(u8g_com_i2c.o)
                0x0000244a                u8g_i2c_init
 .text.u8g_i2c_wait
                0x00002464       0x52 c:\users\admin\DOCUME~1\ATMELS~1\7.0\HEATER~1\HEATER~1\ARDUIN~1\Debug\libArduinoCore.a(u8g_com_i2c.o)
                0x00002464                u8g_i2c_wait
 .text.u8g_i2c_start
                0x000024b6       0x6e c:\users\admin\DOCUME~1\ATMELS~1\7.0\HEATER~1\HEATER~1\ARDUIN~1\Debug\libArduinoCore.a(u8g_com_i2c.o)
                0x000024b6                u8g_i2c_start
 .text.u8g_i2c_send_byte
                0x00002524       0x42 c:\users\admin\DOCUME~1\ATMELS~1\7.0\HEATER~1\HEATER~1\ARDUIN~1\Debug\libArduinoCore.a(u8g_com_i2c.o)
                0x00002524                u8g_i2c_send_byte
 .text.u8g_i2c_stop
                0x00002566        0xe c:\users\admin\DOCUME~1\ATMELS~1\7.0\HEATER~1\HEATER~1\ARDUIN~1\Debug\libArduinoCore.a(u8g_com_i2c.o)
                0x00002566                u8g_i2c_stop
 .text.u8g_Delay
                0x00002574       0x14 c:\users\admin\DOCUME~1\ATMELS~1\7.0\HEATER~1\HEATER~1\ARDUIN~1\Debug\libArduinoCore.a(u8g_delay.o)
                0x00002574                u8g_Delay
 .text.u8g_page_First
                0x00002588        0xe c:\users\admin\DOCUME~1\ATMELS~1\7.0\HEATER~1\HEATER~1\ARDUIN~1\Debug\libArduinoCore.a(u8g_page.o)
                0x00002588                u8g_page_First
 .text.u8g_page_Next
                0x00002596       0x2c c:\users\admin\DOCUME~1\ATMELS~1\7.0\HEATER~1\HEATER~1\ARDUIN~1\Debug\libArduinoCore.a(u8g_page.o)
                0x00002596                u8g_page_Next
 .text.avr-libc.fplib
                0x000025c2        0xa c:/program files (x86)/atmel/studio/7.0/toolchain/avr8/avr8-gnu-toolchain/bin/../lib/gcc/avr/5.4.0/../../../../avr/lib/avr5\libm.a(cmpsf2.o)
                0x000025c2                __nesf2
                0x000025c2                __eqsf2
                0x000025c2                __cmpsf2
                0x000025c2                __ltsf2
                0x000025c2                __lesf2
 .text.avr-libc.fplib
                0x000025cc        0xe c:/program files (x86)/atmel/studio/7.0/toolchain/avr8/avr8-gnu-toolchain/bin/../lib/gcc/avr/5.4.0/../../../../avr/lib/avr5\libm.a(fixsfsi.o)
                0x000025cc                __fixsfsi
 .text.avr-libc.fplib
                0x000025da       0x5e c:/program files (x86)/atmel/studio/7.0/toolchain/avr8/avr8-gnu-toolchain/bin/../lib/gcc/avr/5.4.0/../../../../avr/lib/avr5\libm.a(fixunssfsi.o)
                0x000025da                __fixunssfsi
 .text.avr-libc.fplib
                0x00002638       0x48 c:/program files (x86)/atmel/studio/7.0/toolchain/avr8/avr8-gnu-toolchain/bin/../lib/gcc/avr/5.4.0/../../../../avr/lib/avr5\libm.a(fp_cmp.o)
                0x00002638                __fp_cmp
 .text.avr-libc.fplib
                0x00002680        0xa c:/program files (x86)/atmel/studio/7.0/toolchain/avr8/avr8-gnu-toolchain/bin/../lib/gcc/avr/5.4.0/../../../../avr/lib/avr5\libm.a(gesf2.o)
                0x00002680                __gesf2
                0x00002680                __gtsf2
 .text.avr-libc.fplib
                0x0000268a        0x8 c:/program files (x86)/atmel/studio/7.0/toolchain/avr8/avr8-gnu-toolchain/bin/../lib/gcc/avr/5.4.0/../../../../avr/lib/avr5\libm.a(mulsf3.o)
                0x0000268a                __mulsf3
 .text.avr-libc.fplib
                0x00002692       0xd2 c:/program files (x86)/atmel/studio/7.0/toolchain/avr8/avr8-gnu-toolchain/bin/../lib/gcc/avr/5.4.0/../../../../avr/lib/avr5\libm.a(mulsf3x.o)
                0x000026b0                __mulsf3x
                0x000026b6                __mulsf3_pse
 .text.avr-libc.fplib
                0x00002764        0xa c:/program files (x86)/atmel/studio/7.0/toolchain/avr8/avr8-gnu-toolchain/bin/../lib/gcc/avr/5.4.0/../../../../avr/lib/avr5\libm.a(unordsf2.o)
                0x00002764                __unordsf2
 .text.libgcc.div
                0x0000276e       0x44 c:/program files (x86)/atmel/studio/7.0/toolchain/avr8/avr8-gnu-toolchain/bin/../lib/gcc/avr/5.4.0/avr5\libgcc.a(_udivmodsi4.o)
                0x0000276e                __udivmodsi4
 .text.libgcc   0x000027b2        0xc c:/program files (x86)/atmel/studio/7.0/toolchain/avr8/avr8-gnu-toolchain/bin/../lib/gcc/avr/5.4.0/avr5\libgcc.a(_tablejump2.o)
                0x000027b2                __tablejump2__
 .text.avr-libc
                0x000027be       0x40 c:/program files (x86)/atmel/studio/7.0/toolchain/avr8/avr8-gnu-toolchain/bin/../lib/gcc/avr/5.4.0/../../../../avr/lib/avr5\libc.a(dtostrf.o)
                0x000027be                dtostrf
 .text.avr-libc
                0x000027fe      0x242 c:/program files (x86)/atmel/studio/7.0/toolchain/avr8/avr8-gnu-toolchain/bin/../lib/gcc/avr/5.4.0/../../../../avr/lib/avr5\libc.a(malloc.o)
                0x000027fe                malloc
                0x0000292e                free
 .text.avr-libc
                0x00002a40       0x60 c:/program files (x86)/atmel/studio/7.0/toolchain/avr8/avr8-gnu-toolchain/bin/../lib/gcc/avr/5.4.0/../../../../avr/lib/avr5\libc.a(snprintf.o)
                0x00002a40                snprintf
 .text.avr-libc
                0x00002aa0      0x3c2 c:/program files (x86)/atmel/studio/7.0/toolchain/avr8/avr8-gnu-toolchain/bin/../lib/gcc/avr/5.4.0/../../../../avr/lib/avr5\libc.a(vfprintf_std.o)
                0x00002aa0                vfprintf
 .text.avr-libc
                0x00002e62      0x2b4 c:/program files (x86)/atmel/studio/7.0/toolchain/avr8/avr8-gnu-toolchain/bin/../lib/gcc/avr/5.4.0/../../../../avr/lib/avr5\libc.a(dtoa_prf.o)
                0x00002e62                dtoa_prf
 .text.avr-libc
                0x00003116      0x1b0 c:/program files (x86)/atmel/studio/7.0/toolchain/avr8/avr8-gnu-toolchain/bin/../lib/gcc/avr/5.4.0/../../../../avr/lib/avr5\libc.a(ftoa_engine.o)
                0x00003116                __ftoa_engine
 .text.avr-libc
                0x000032c6       0x16 c:/program files (x86)/atmel/studio/7.0/toolchain/avr8/avr8-gnu-toolchain/bin/../lib/gcc/avr/5.4.0/../../../../avr/lib/avr5\libc.a(strnlen_P.o)
                0x000032c6                strnlen_P
 .text.avr-libc
                0x000032dc       0x16 c:/program files (x86)/atmel/studio/7.0/toolchain/avr8/avr8-gnu-toolchain/bin/../lib/gcc/avr/5.4.0/../../../../avr/lib/avr5\libc.a(strnlen.o)
                0x000032dc                strnlen
 .text.avr-libc
                0x000032f2       0x78 c:/program files (x86)/atmel/studio/7.0/toolchain/avr8/avr8-gnu-toolchain/bin/../lib/gcc/avr/5.4.0/../../../../avr/lib/avr5\libc.a(fputc.o)
                0x000032f2                fputc
 .text.avr-libc
                0x0000336a       0xbc c:/program files (x86)/atmel/studio/7.0/toolchain/avr8/avr8-gnu-toolchain/bin/../lib/gcc/avr/5.4.0/../../../../avr/lib/avr5\libc.a(ultoa_invert.o)
                0x0000336a                __ultoa_invert
 .text.libgcc.prologue
                0x00003426       0x38 c:/program files (x86)/atmel/studio/7.0/toolchain/avr8/avr8-gnu-toolchain/bin/../lib/gcc/avr/5.4.0/avr5\libgcc.a(_prologue.o)
                0x00003426                __prologue_saves__
 .text.libgcc.prologue
                0x0000345e       0x36 c:/program files (x86)/atmel/studio/7.0/toolchain/avr8/avr8-gnu-toolchain/bin/../lib/gcc/avr/5.4.0/avr5\libgcc.a(_epilogue.o)
                0x0000345e                __epilogue_restores__
                0x00003494                . = ALIGN (0x2)
 *(.fini9)
 .fini9         0x00003494        0x0 c:/program files (x86)/atmel/studio/7.0/toolchain/avr8/avr8-gnu-toolchain/bin/../lib/gcc/avr/5.4.0/avr5\libgcc.a(_exit.o)
                0x00003494                _exit
                0x00003494                exit
 *(.fini9)
 *(.fini8)
 *(.fini8)
 *(.fini7)
 *(.fini7)
 *(.fini6)
 *(.fini6)
 *(.fini5)
 *(.fini5)
 *(.fini4)
 *(.fini4)
 *(.fini3)
 *(.fini3)
 *(.fini2)
 *(.fini2)
 *(.fini1)
 *(.fini1)
 *(.fini0)
 .fini0         0x00003494        0x4 c:/program files (x86)/atmel/studio/7.0/toolchain/avr8/avr8-gnu-toolchain/bin/../lib/gcc/avr/5.4.0/avr5\libgcc.a(_exit.o)
 *(.fini0)
                0x00003498                _etext = .

.data           0x00800100       0x94 load address 0x00003498
                0x00800100                PROVIDE (__data_start, .)
 *(.data)
 .data          0x00800100        0x6 c:/program files (x86)/atmel/studio/7.0/toolchain/avr8/avr8-gnu-toolchain/bin/../lib/gcc/avr/5.4.0/../../../../avr/lib/avr5\libc.a(malloc.o)
                0x00800100                __malloc_heap_end
                0x00800102                __malloc_heap_start
                0x00800104                __malloc_margin
 *(.data*)
 .data.analog_reference
                0x00800106        0x1 c:\users\admin\DOCUME~1\ATMELS~1\7.0\HEATER~1\HEATER~1\ARDUIN~1\Debug\libArduinoCore.a(wiring_analog.o)
                0x00800106                analog_reference
 .data.u8g_dev_ssd1306_128x64_i2c
                0x00800107        0x6 c:\users\admin\DOCUME~1\ATMELS~1\7.0\HEATER~1\HEATER~1\ARDUIN~1\Debug\libArduinoCore.a(u8g_dev_ssd1306_128x64.o)
                0x00800107                u8g_dev_ssd1306_128x64_i2c
 .data.u8g_dev_ssd1306_128x64_i2c_pb
                0x0080010d        0x8 c:\users\admin\DOCUME~1\ATMELS~1\7.0\HEATER~1\HEATER~1\ARDUIN~1\Debug\libArduinoCore.a(u8g_dev_ssd1306_128x64.o)
                0x0080010d                u8g_dev_ssd1306_128x64_i2c_pb
 *(.rodata)
 *(.rodata*)
 .rodata.str1.1
                0x00800115       0x4e Sketch.o
                                 0x50 (size before relaxing)
 .rodata._ZTV6U8GLIB
                0x00800163        0x8 Sketch.o
                0x00800163                _ZTV6U8GLIB
 .rodata._ZTV21U8GLIB_SSD1306_128X64
                0x0080016b        0x8 Sketch.o
                0x0080016b                _ZTV21U8GLIB_SSD1306_128X64
 .rodata._ZTV14HardwareSerial
                0x00800173       0x10 c:\users\admin\DOCUME~1\ATMELS~1\7.0\HEATER~1\HEATER~1\ARDUIN~1\Debug\libArduinoCore.a(HardwareSerial.o)
                0x00800173                _ZTV14HardwareSerial
 .rodata.str1.1
                0x00800183       0x11 c:\users\admin\DOCUME~1\ATMELS~1\7.0\HEATER~1\HEATER~1\ARDUIN~1\Debug\libArduinoCore.a(Print.o)
 *(.gnu.linkonce.d*)
                0x00800194                . = ALIGN (0x2)
                0x00800194                _edata = .
                0x00800194                PROVIDE (__data_end, .)

.bss            0x00800194      0x2bb
                0x00800194                PROVIDE (__bss_start, .)
 *(.bss)
 *(.bss*)
 .bss.currentTime
                0x00800194        0x4 Sketch.o
                0x00800194                currentTime
 .bss.displayLines
                0x00800198       0xb4 Sketch.o
                0x00800198                displayLines
 .bss.pulseDurationReading
                0x0080024c        0x4 Sketch.o
                0x0080024c                pulseDurationReading
 .bss.throttleReading
                0x00800250        0x4 Sketch.o
                0x00800250                throttleReading
 .bss.Debugger  0x00800254       0x90 Sketch.o
                0x00800254                Debugger
 .bss.u8g       0x008002e4       0x3e Sketch.o
                0x008002e4                u8g
 .bss.Serial    0x00800322       0x9d c:\users\admin\DOCUME~1\ATMELS~1\7.0\HEATER~1\HEATER~1\ARDUIN~1\Debug\libArduinoCore.a(HardwareSerial0.o)
                0x00800322                Serial
 .bss.timer0_fract
                0x008003bf        0x1 c:\users\admin\DOCUME~1\ATMELS~1\7.0\HEATER~1\HEATER~1\ARDUIN~1\Debug\libArduinoCore.a(wiring.o)
 .bss.timer0_millis
                0x008003c0        0x4 c:\users\admin\DOCUME~1\ATMELS~1\7.0\HEATER~1\HEATER~1\ARDUIN~1\Debug\libArduinoCore.a(wiring.o)
                0x008003c0                timer0_millis
 .bss.timer0_overflow_count
                0x008003c4        0x4 c:\users\admin\DOCUME~1\ATMELS~1\7.0\HEATER~1\HEATER~1\ARDUIN~1\Debug\libArduinoCore.a(wiring.o)
                0x008003c4                timer0_overflow_count
 .bss.u8g_dev_ssd1306_128x64_i2c_buf
                0x008003c8       0x80 c:\users\admin\DOCUME~1\ATMELS~1\7.0\HEATER~1\HEATER~1\ARDUIN~1\Debug\libArduinoCore.a(u8g_dev_ssd1306_128x64.o)
                0x008003c8                u8g_dev_ssd1306_128x64_i2c_buf
 .bss.u8g_i2c_err_pos
                0x00800448        0x1 c:\users\admin\DOCUME~1\ATMELS~1\7.0\HEATER~1\HEATER~1\ARDUIN~1\Debug\libArduinoCore.a(u8g_com_i2c.o)
 .bss.u8g_i2c_opt
                0x00800449        0x1 c:\users\admin\DOCUME~1\ATMELS~1\7.0\HEATER~1\HEATER~1\ARDUIN~1\Debug\libArduinoCore.a(u8g_com_i2c.o)
 .bss.u8g_i2c_err_code
                0x0080044a        0x1 c:\users\admin\DOCUME~1\ATMELS~1\7.0\HEATER~1\HEATER~1\ARDUIN~1\Debug\libArduinoCore.a(u8g_com_i2c.o)
 *(COMMON)
 COMMON         0x0080044b        0x4 c:/program files (x86)/atmel/studio/7.0/toolchain/avr8/avr8-gnu-toolchain/bin/../lib/gcc/avr/5.4.0/../../../../avr/lib/avr5\libc.a(malloc.o)
                0x0080044b                __brkval
                0x0080044d                __flp
                0x0080044f                PROVIDE (__bss_end, .)
                0x00003498                __data_load_start = LOADADDR (.data)
                0x0000352c                __data_load_end = (__data_load_start + SIZEOF (.data))

.noinit         0x0080044f        0x0
                [!provide]                PROVIDE (__noinit_start, .)
 *(.noinit*)
                [!provide]                PROVIDE (__noinit_end, .)
                0x0080044f                _end = .
                0x0080044f                PROVIDE (__heap_start, .)

.eeprom         0x00810000        0x0
 *(.eeprom*)
                0x00810000                __eeprom_end = .

.fuse
 *(.fuse)
 *(.lfuse)
 *(.hfuse)
 *(.efuse)

.lock
 *(.lock*)

.signature
 *(.signature*)

.user_signatures
 *(.user_signatures*)

.stab
 *(.stab)

.stabstr
 *(.stabstr)

.stab.excl
 *(.stab.excl)

.stab.exclstr
 *(.stab.exclstr)

.stab.index
 *(.stab.index)

.stab.indexstr
 *(.stab.indexstr)

.comment        0x00000000       0x5c
 *(.comment)
 .comment       0x00000000       0x30 Sketch.o
                                 0x31 (size before relaxing)
 .comment       0x00000030       0x31 c:\users\admin\DOCUME~1\ATMELS~1\7.0\HEATER~1\HEATER~1\ARDUIN~1\Debug\libArduinoCore.a(HardwareSerial.o)
 .comment       0x00000030       0x31 c:\users\admin\DOCUME~1\ATMELS~1\7.0\HEATER~1\HEATER~1\ARDUIN~1\Debug\libArduinoCore.a(HardwareSerial0.o)
 .comment       0x00000030       0x31 c:\users\admin\DOCUME~1\ATMELS~1\7.0\HEATER~1\HEATER~1\ARDUIN~1\Debug\libArduinoCore.a(main.o)
 .comment       0x00000030       0x31 c:\users\admin\DOCUME~1\ATMELS~1\7.0\HEATER~1\HEATER~1\ARDUIN~1\Debug\libArduinoCore.a(Print.o)
 .comment       0x00000030       0x31 c:\users\admin\DOCUME~1\ATMELS~1\7.0\HEATER~1\HEATER~1\ARDUIN~1\Debug\libArduinoCore.a(wiring.o)
 .comment       0x00000030       0x31 c:\users\admin\DOCUME~1\ATMELS~1\7.0\HEATER~1\HEATER~1\ARDUIN~1\Debug\libArduinoCore.a(wiring_analog.o)
 .comment       0x00000030       0x31 c:\users\admin\DOCUME~1\ATMELS~1\7.0\HEATER~1\HEATER~1\ARDUIN~1\Debug\libArduinoCore.a(wiring_digital.o)
 .comment       0x00000030       0x31 c:\users\admin\DOCUME~1\ATMELS~1\7.0\HEATER~1\HEATER~1\ARDUIN~1\Debug\libArduinoCore.a(U8glib.o)
 .comment       0x00000030       0x31 c:\users\admin\DOCUME~1\ATMELS~1\7.0\HEATER~1\HEATER~1\ARDUIN~1\Debug\libArduinoCore.a(u8g_dev_ssd1306_128x64.o)
 .comment       0x00000030       0x31 c:\users\admin\DOCUME~1\ATMELS~1\7.0\HEATER~1\HEATER~1\ARDUIN~1\Debug\libArduinoCore.a(u8g_font.o)
 .comment       0x00000030       0x31 c:\users\admin\DOCUME~1\ATMELS~1\7.0\HEATER~1\HEATER~1\ARDUIN~1\Debug\libArduinoCore.a(u8g_font_data.o)
 .comment       0x00000030       0x31 c:\users\admin\DOCUME~1\ATMELS~1\7.0\HEATER~1\HEATER~1\ARDUIN~1\Debug\libArduinoCore.a(u8g_ll_api.o)
 .comment       0x00000030       0x31 c:\users\admin\DOCUME~1\ATMELS~1\7.0\HEATER~1\HEATER~1\ARDUIN~1\Debug\libArduinoCore.a(u8g_pb.o)
 .comment       0x00000030       0x31 c:\users\admin\DOCUME~1\ATMELS~1\7.0\HEATER~1\HEATER~1\ARDUIN~1\Debug\libArduinoCore.a(u8g_pb8v1.o)
 .comment       0x00000030       0x31 c:\users\admin\DOCUME~1\ATMELS~1\7.0\HEATER~1\HEATER~1\ARDUIN~1\Debug\libArduinoCore.a(u8g_state.o)
 .comment       0x00000030       0x31 c:\users\admin\DOCUME~1\ATMELS~1\7.0\HEATER~1\HEATER~1\ARDUIN~1\Debug\libArduinoCore.a(u8g_clip.o)
 .comment       0x00000030       0x31 c:\users\admin\DOCUME~1\ATMELS~1\7.0\HEATER~1\HEATER~1\ARDUIN~1\Debug\libArduinoCore.a(u8g_com_api.o)
 .comment       0x00000030       0x31 c:\users\admin\DOCUME~1\ATMELS~1\7.0\HEATER~1\HEATER~1\ARDUIN~1\Debug\libArduinoCore.a(u8g_com_arduino_ssd_i2c.o)
 .comment       0x00000030       0x31 c:\users\admin\DOCUME~1\ATMELS~1\7.0\HEATER~1\HEATER~1\ARDUIN~1\Debug\libArduinoCore.a(u8g_com_i2c.o)
 .comment       0x00000030       0x31 c:\users\admin\DOCUME~1\ATMELS~1\7.0\HEATER~1\HEATER~1\ARDUIN~1\Debug\libArduinoCore.a(u8g_delay.o)
 .comment       0x00000030       0x31 c:\users\admin\DOCUME~1\ATMELS~1\7.0\HEATER~1\HEATER~1\ARDUIN~1\Debug\libArduinoCore.a(u8g_page.o)
 .comment       0x00000030       0x31 c:/program files (x86)/atmel/studio/7.0/toolchain/avr8/avr8-gnu-toolchain/bin/../lib/gcc/avr/5.4.0/../../../../avr/lib/avr5\libc.a(dtostrf.o)
 .comment       0x00000030       0x31 c:/program files (x86)/atmel/studio/7.0/toolchain/avr8/avr8-gnu-toolchain/bin/../lib/gcc/avr/5.4.0/../../../../avr/lib/avr5\libc.a(malloc.o)
 .comment       0x00000030       0x31 c:/program files (x86)/atmel/studio/7.0/toolchain/avr8/avr8-gnu-toolchain/bin/../lib/gcc/avr/5.4.0/../../../../avr/lib/avr5\libc.a(snprintf.o)
 .comment       0x00000030       0x2c c:/program files (x86)/atmel/studio/7.0/toolchain/avr8/avr8-gnu-toolchain/bin/../lib/gcc/avr/5.4.0/../../../../avr/lib/avr5\libc.a(vfprintf_std.o)
                                 0x2d (size before relaxing)
 .comment       0x0000005c       0x31 c:/program files (x86)/atmel/studio/7.0/toolchain/avr8/avr8-gnu-toolchain/bin/../lib/gcc/avr/5.4.0/../../../../avr/lib/avr5\libc.a(dtoa_prf.o)
 .comment       0x0000005c       0x31 c:/program files (x86)/atmel/studio/7.0/toolchain/avr8/avr8-gnu-toolchain/bin/../lib/gcc/avr/5.4.0/../../../../avr/lib/avr5\libc.a(fputc.o)

.note.gnu.avr.deviceinfo
                0x00000000       0x40
 .note.gnu.avr.deviceinfo
                0x00000000       0x40 C:/Program Files (x86)/Atmel/Studio/7.0/Packs/atmel/ATmega_DFP/1.2.132/gcc/dev/atmega328p/avr5/crtatmega328p.o

.note.gnu.build-id
 *(.note.gnu.build-id)

.debug
 *(.debug)

.line
 *(.line)

.debug_srcinfo
 *(.debug_srcinfo)

.debug_sfnames
 *(.debug_sfnames)

.debug_aranges  0x00000000      0x970
 *(.debug_aranges)
 .debug_aranges
                0x00000000       0x68 Sketch.o
 .debug_aranges
                0x00000068       0x68 c:\users\admin\DOCUME~1\ATMELS~1\7.0\HEATER~1\HEATER~1\ARDUIN~1\Debug\libArduinoCore.a(HardwareSerial.o)
 .debug_aranges
                0x000000d0       0x38 c:\users\admin\DOCUME~1\ATMELS~1\7.0\HEATER~1\HEATER~1\ARDUIN~1\Debug\libArduinoCore.a(HardwareSerial0.o)
 .debug_aranges
                0x00000108       0x30 c:\users\admin\DOCUME~1\ATMELS~1\7.0\HEATER~1\HEATER~1\ARDUIN~1\Debug\libArduinoCore.a(main.o)
 .debug_aranges
                0x00000138       0xf0 c:\users\admin\DOCUME~1\ATMELS~1\7.0\HEATER~1\HEATER~1\ARDUIN~1\Debug\libArduinoCore.a(Print.o)
 .debug_aranges
                0x00000228       0x48 c:\users\admin\DOCUME~1\ATMELS~1\7.0\HEATER~1\HEATER~1\ARDUIN~1\Debug\libArduinoCore.a(wiring.o)
 .debug_aranges
                0x00000270       0x30 c:\users\admin\DOCUME~1\ATMELS~1\7.0\HEATER~1\HEATER~1\ARDUIN~1\Debug\libArduinoCore.a(wiring_analog.o)
 .debug_aranges
                0x000002a0       0x38 c:\users\admin\DOCUME~1\ATMELS~1\7.0\HEATER~1\HEATER~1\ARDUIN~1\Debug\libArduinoCore.a(wiring_digital.o)
 .debug_aranges
                0x000002d8       0x48 c:\users\admin\DOCUME~1\ATMELS~1\7.0\HEATER~1\HEATER~1\ARDUIN~1\Debug\libArduinoCore.a(U8glib.o)
 .debug_aranges
                0x00000320       0x40 c:\users\admin\DOCUME~1\ATMELS~1\7.0\HEATER~1\HEATER~1\ARDUIN~1\Debug\libArduinoCore.a(u8g_dev_ssd1306_128x64.o)
 .debug_aranges
                0x00000360      0x258 c:\users\admin\DOCUME~1\ATMELS~1\7.0\HEATER~1\HEATER~1\ARDUIN~1\Debug\libArduinoCore.a(u8g_font.o)
 .debug_aranges
                0x000005b8       0x18 c:\users\admin\DOCUME~1\ATMELS~1\7.0\HEATER~1\HEATER~1\ARDUIN~1\Debug\libArduinoCore.a(u8g_font_data.o)
 .debug_aranges
                0x000005d0      0x168 c:\users\admin\DOCUME~1\ATMELS~1\7.0\HEATER~1\HEATER~1\ARDUIN~1\Debug\libArduinoCore.a(u8g_ll_api.o)
 .debug_aranges
                0x00000738       0x50 c:\users\admin\DOCUME~1\ATMELS~1\7.0\HEATER~1\HEATER~1\ARDUIN~1\Debug\libArduinoCore.a(u8g_pb.o)
 .debug_aranges
                0x00000788       0x48 c:\users\admin\DOCUME~1\ATMELS~1\7.0\HEATER~1\HEATER~1\ARDUIN~1\Debug\libArduinoCore.a(u8g_pb8v1.o)
 .debug_aranges
                0x000007d0       0x30 c:\users\admin\DOCUME~1\ATMELS~1\7.0\HEATER~1\HEATER~1\ARDUIN~1\Debug\libArduinoCore.a(u8g_state.o)
 .debug_aranges
                0x00000800       0x20 c:\users\admin\DOCUME~1\ATMELS~1\7.0\HEATER~1\HEATER~1\ARDUIN~1\Debug\libArduinoCore.a(u8g_clip.o)
 .debug_aranges
                0x00000820       0x68 c:\users\admin\DOCUME~1\ATMELS~1\7.0\HEATER~1\HEATER~1\ARDUIN~1\Debug\libArduinoCore.a(u8g_com_api.o)
 .debug_aranges
                0x00000888       0x28 c:\users\admin\DOCUME~1\ATMELS~1\7.0\HEATER~1\HEATER~1\ARDUIN~1\Debug\libArduinoCore.a(u8g_com_arduino_ssd_i2c.o)
 .debug_aranges
                0x000008b0       0x60 c:\users\admin\DOCUME~1\ATMELS~1\7.0\HEATER~1\HEATER~1\ARDUIN~1\Debug\libArduinoCore.a(u8g_com_i2c.o)
 .debug_aranges
                0x00000910       0x30 c:\users\admin\DOCUME~1\ATMELS~1\7.0\HEATER~1\HEATER~1\ARDUIN~1\Debug\libArduinoCore.a(u8g_delay.o)
 .debug_aranges
                0x00000940       0x30 c:\users\admin\DOCUME~1\ATMELS~1\7.0\HEATER~1\HEATER~1\ARDUIN~1\Debug\libArduinoCore.a(u8g_page.o)

.debug_pubnames
 *(.debug_pubnames)

.debug_info     0x00000000    0x1abcc
 *(.debug_info .gnu.linkonce.wi.*)
 .debug_info    0x00000000      0x5f4 C:/Program Files (x86)/Atmel/Studio/7.0/Packs/atmel/ATmega_DFP/1.2.132/gcc/dev/atmega328p/avr5/crtatmega328p.o
 .debug_info    0x000005f4     0x39e3 Sketch.o
 .debug_info    0x00003fd7     0x1de5 c:\users\admin\DOCUME~1\ATMELS~1\7.0\HEATER~1\HEATER~1\ARDUIN~1\Debug\libArduinoCore.a(HardwareSerial.o)
 .debug_info    0x00005dbc     0x19d9 c:\users\admin\DOCUME~1\ATMELS~1\7.0\HEATER~1\HEATER~1\ARDUIN~1\Debug\libArduinoCore.a(HardwareSerial0.o)
 .debug_info    0x00007795      0x237 c:\users\admin\DOCUME~1\ATMELS~1\7.0\HEATER~1\HEATER~1\ARDUIN~1\Debug\libArduinoCore.a(main.o)
 .debug_info    0x000079cc     0x27e4 c:\users\admin\DOCUME~1\ATMELS~1\7.0\HEATER~1\HEATER~1\ARDUIN~1\Debug\libArduinoCore.a(Print.o)
 .debug_info    0x0000a1b0      0x2cb c:\users\admin\DOCUME~1\ATMELS~1\7.0\HEATER~1\HEATER~1\ARDUIN~1\Debug\libArduinoCore.a(wiring.o)
 .debug_info    0x0000a47b      0x26d c:\users\admin\DOCUME~1\ATMELS~1\7.0\HEATER~1\HEATER~1\ARDUIN~1\Debug\libArduinoCore.a(wiring_analog.o)
 .debug_info    0x0000a6e8      0x5fe c:\users\admin\DOCUME~1\ATMELS~1\7.0\HEATER~1\HEATER~1\ARDUIN~1\Debug\libArduinoCore.a(wiring_digital.o)
 .debug_info    0x0000ace6     0x2571 c:\users\admin\DOCUME~1\ATMELS~1\7.0\HEATER~1\HEATER~1\ARDUIN~1\Debug\libArduinoCore.a(U8glib.o)
 .debug_info    0x0000d257     0x14ee c:\users\admin\DOCUME~1\ATMELS~1\7.0\HEATER~1\HEATER~1\ARDUIN~1\Debug\libArduinoCore.a(u8g_dev_ssd1306_128x64.o)
 .debug_info    0x0000e745     0x3779 c:\users\admin\DOCUME~1\ATMELS~1\7.0\HEATER~1\HEATER~1\ARDUIN~1\Debug\libArduinoCore.a(u8g_font.o)
 .debug_info    0x00011ebe     0x3f90 c:\users\admin\DOCUME~1\ATMELS~1\7.0\HEATER~1\HEATER~1\ARDUIN~1\Debug\libArduinoCore.a(u8g_font_data.o)
 .debug_info    0x00015e4e     0x1b5a c:\users\admin\DOCUME~1\ATMELS~1\7.0\HEATER~1\HEATER~1\ARDUIN~1\Debug\libArduinoCore.a(u8g_ll_api.o)
 .debug_info    0x000179a8      0x869 c:\users\admin\DOCUME~1\ATMELS~1\7.0\HEATER~1\HEATER~1\ARDUIN~1\Debug\libArduinoCore.a(u8g_pb.o)
 .debug_info    0x00018211      0x8ae c:\users\admin\DOCUME~1\ATMELS~1\7.0\HEATER~1\HEATER~1\ARDUIN~1\Debug\libArduinoCore.a(u8g_pb8v1.o)
 .debug_info    0x00018abf      0x527 c:\users\admin\DOCUME~1\ATMELS~1\7.0\HEATER~1\HEATER~1\ARDUIN~1\Debug\libArduinoCore.a(u8g_state.o)
 .debug_info    0x00018fe6      0x551 c:\users\admin\DOCUME~1\ATMELS~1\7.0\HEATER~1\HEATER~1\ARDUIN~1\Debug\libArduinoCore.a(u8g_clip.o)
 .debug_info    0x00019537      0x9df c:\users\admin\DOCUME~1\ATMELS~1\7.0\HEATER~1\HEATER~1\ARDUIN~1\Debug\libArduinoCore.a(u8g_com_api.o)
 .debug_info    0x00019f16      0x616 c:\users\admin\DOCUME~1\ATMELS~1\7.0\HEATER~1\HEATER~1\ARDUIN~1\Debug\libArduinoCore.a(u8g_com_arduino_ssd_i2c.o)
 .debug_info    0x0001a52c      0x2ff c:\users\admin\DOCUME~1\ATMELS~1\7.0\HEATER~1\HEATER~1\ARDUIN~1\Debug\libArduinoCore.a(u8g_com_i2c.o)
 .debug_info    0x0001a82b      0x1f5 c:\users\admin\DOCUME~1\ATMELS~1\7.0\HEATER~1\HEATER~1\ARDUIN~1\Debug\libArduinoCore.a(u8g_delay.o)
 .debug_info    0x0001aa20      0x1ac c:\users\admin\DOCUME~1\ATMELS~1\7.0\HEATER~1\HEATER~1\ARDUIN~1\Debug\libArduinoCore.a(u8g_page.o)

.debug_abbrev   0x00000000     0x370a
 *(.debug_abbrev)
 .debug_abbrev  0x00000000      0x5a2 C:/Program Files (x86)/Atmel/Studio/7.0/Packs/atmel/ATmega_DFP/1.2.132/gcc/dev/atmega328p/avr5/crtatmega328p.o
 .debug_abbrev  0x000005a2      0x592 Sketch.o
 .debug_abbrev  0x00000b34      0x41a c:\users\admin\DOCUME~1\ATMELS~1\7.0\HEATER~1\HEATER~1\ARDUIN~1\Debug\libArduinoCore.a(HardwareSerial.o)
 .debug_abbrev  0x00000f4e      0x38a c:\users\admin\DOCUME~1\ATMELS~1\7.0\HEATER~1\HEATER~1\ARDUIN~1\Debug\libArduinoCore.a(HardwareSerial0.o)
 .debug_abbrev  0x000012d8      0x12d c:\users\admin\DOCUME~1\ATMELS~1\7.0\HEATER~1\HEATER~1\ARDUIN~1\Debug\libArduinoCore.a(main.o)
 .debug_abbrev  0x00001405      0x451 c:\users\admin\DOCUME~1\ATMELS~1\7.0\HEATER~1\HEATER~1\ARDUIN~1\Debug\libArduinoCore.a(Print.o)
 .debug_abbrev  0x00001856      0x146 c:\users\admin\DOCUME~1\ATMELS~1\7.0\HEATER~1\HEATER~1\ARDUIN~1\Debug\libArduinoCore.a(wiring.o)
 .debug_abbrev  0x0000199c      0x16b c:\users\admin\DOCUME~1\ATMELS~1\7.0\HEATER~1\HEATER~1\ARDUIN~1\Debug\libArduinoCore.a(wiring_analog.o)
 .debug_abbrev  0x00001b07      0x15b c:\users\admin\DOCUME~1\ATMELS~1\7.0\HEATER~1\HEATER~1\ARDUIN~1\Debug\libArduinoCore.a(wiring_digital.o)
 .debug_abbrev  0x00001c62      0x2d5 c:\users\admin\DOCUME~1\ATMELS~1\7.0\HEATER~1\HEATER~1\ARDUIN~1\Debug\libArduinoCore.a(U8glib.o)
 .debug_abbrev  0x00001f37      0x1c7 c:\users\admin\DOCUME~1\ATMELS~1\7.0\HEATER~1\HEATER~1\ARDUIN~1\Debug\libArduinoCore.a(u8g_dev_ssd1306_128x64.o)
 .debug_abbrev  0x000020fe      0x44d c:\users\admin\DOCUME~1\ATMELS~1\7.0\HEATER~1\HEATER~1\ARDUIN~1\Debug\libArduinoCore.a(u8g_font.o)
 .debug_abbrev  0x0000254b       0x88 c:\users\admin\DOCUME~1\ATMELS~1\7.0\HEATER~1\HEATER~1\ARDUIN~1\Debug\libArduinoCore.a(u8g_font_data.o)
 .debug_abbrev  0x000025d3      0x3dc c:\users\admin\DOCUME~1\ATMELS~1\7.0\HEATER~1\HEATER~1\ARDUIN~1\Debug\libArduinoCore.a(u8g_ll_api.o)
 .debug_abbrev  0x000029af      0x241 c:\users\admin\DOCUME~1\ATMELS~1\7.0\HEATER~1\HEATER~1\ARDUIN~1\Debug\libArduinoCore.a(u8g_pb.o)
 .debug_abbrev  0x00002bf0      0x1d2 c:\users\admin\DOCUME~1\ATMELS~1\7.0\HEATER~1\HEATER~1\ARDUIN~1\Debug\libArduinoCore.a(u8g_pb8v1.o)
 .debug_abbrev  0x00002dc2      0x16f c:\users\admin\DOCUME~1\ATMELS~1\7.0\HEATER~1\HEATER~1\ARDUIN~1\Debug\libArduinoCore.a(u8g_state.o)
 .debug_abbrev  0x00002f31      0x165 c:\users\admin\DOCUME~1\ATMELS~1\7.0\HEATER~1\HEATER~1\ARDUIN~1\Debug\libArduinoCore.a(u8g_clip.o)
 .debug_abbrev  0x00003096      0x1a1 c:\users\admin\DOCUME~1\ATMELS~1\7.0\HEATER~1\HEATER~1\ARDUIN~1\Debug\libArduinoCore.a(u8g_com_api.o)
 .debug_abbrev  0x00003237      0x1b6 c:\users\admin\DOCUME~1\ATMELS~1\7.0\HEATER~1\HEATER~1\ARDUIN~1\Debug\libArduinoCore.a(u8g_com_arduino_ssd_i2c.o)
 .debug_abbrev  0x000033ed      0x169 c:\users\admin\DOCUME~1\ATMELS~1\7.0\HEATER~1\HEATER~1\ARDUIN~1\Debug\libArduinoCore.a(u8g_com_i2c.o)
 .debug_abbrev  0x00003556       0xcc c:\users\admin\DOCUME~1\ATMELS~1\7.0\HEATER~1\HEATER~1\ARDUIN~1\Debug\libArduinoCore.a(u8g_delay.o)
 .debug_abbrev  0x00003622       0xe8 c:\users\admin\DOCUME~1\ATMELS~1\7.0\HEATER~1\HEATER~1\ARDUIN~1\Debug\libArduinoCore.a(u8g_page.o)

.debug_line     0x00000000     0x4fc8
 *(.debug_line .debug_line.* .debug_line_end)
 .debug_line    0x00000000      0x133 C:/Program Files (x86)/Atmel/Studio/7.0/Packs/atmel/ATmega_DFP/1.2.132/gcc/dev/atmega328p/avr5/crtatmega328p.o
 .debug_line    0x00000133      0x652 Sketch.o
 .debug_line    0x00000785      0x43b c:\users\admin\DOCUME~1\ATMELS~1\7.0\HEATER~1\HEATER~1\ARDUIN~1\Debug\libArduinoCore.a(HardwareSerial.o)
 .debug_line    0x00000bc0      0x26c c:\users\admin\DOCUME~1\ATMELS~1\7.0\HEATER~1\HEATER~1\ARDUIN~1\Debug\libArduinoCore.a(HardwareSerial0.o)
 .debug_line    0x00000e2c      0x17a c:\users\admin\DOCUME~1\ATMELS~1\7.0\HEATER~1\HEATER~1\ARDUIN~1\Debug\libArduinoCore.a(main.o)
 .debug_line    0x00000fa6      0x643 c:\users\admin\DOCUME~1\ATMELS~1\7.0\HEATER~1\HEATER~1\ARDUIN~1\Debug\libArduinoCore.a(Print.o)
 .debug_line    0x000015e9      0x2ae c:\users\admin\DOCUME~1\ATMELS~1\7.0\HEATER~1\HEATER~1\ARDUIN~1\Debug\libArduinoCore.a(wiring.o)
 .debug_line    0x00001897      0x224 c:\users\admin\DOCUME~1\ATMELS~1\7.0\HEATER~1\HEATER~1\ARDUIN~1\Debug\libArduinoCore.a(wiring_analog.o)
 .debug_line    0x00001abb      0x267 c:\users\admin\DOCUME~1\ATMELS~1\7.0\HEATER~1\HEATER~1\ARDUIN~1\Debug\libArduinoCore.a(wiring_digital.o)
 .debug_line    0x00001d22      0x247 c:\users\admin\DOCUME~1\ATMELS~1\7.0\HEATER~1\HEATER~1\ARDUIN~1\Debug\libArduinoCore.a(U8glib.o)
 .debug_line    0x00001f69      0x3a4 c:\users\admin\DOCUME~1\ATMELS~1\7.0\HEATER~1\HEATER~1\ARDUIN~1\Debug\libArduinoCore.a(u8g_dev_ssd1306_128x64.o)
 .debug_line    0x0000230d     0x117f c:\users\admin\DOCUME~1\ATMELS~1\7.0\HEATER~1\HEATER~1\ARDUIN~1\Debug\libArduinoCore.a(u8g_font.o)
 .debug_line    0x0000348c       0xdc c:\users\admin\DOCUME~1\ATMELS~1\7.0\HEATER~1\HEATER~1\ARDUIN~1\Debug\libArduinoCore.a(u8g_font_data.o)
 .debug_line    0x00003568      0x930 c:\users\admin\DOCUME~1\ATMELS~1\7.0\HEATER~1\HEATER~1\ARDUIN~1\Debug\libArduinoCore.a(u8g_ll_api.o)
 .debug_line    0x00003e98      0x23d c:\users\admin\DOCUME~1\ATMELS~1\7.0\HEATER~1\HEATER~1\ARDUIN~1\Debug\libArduinoCore.a(u8g_pb.o)
 .debug_line    0x000040d5      0x298 c:\users\admin\DOCUME~1\ATMELS~1\7.0\HEATER~1\HEATER~1\ARDUIN~1\Debug\libArduinoCore.a(u8g_pb8v1.o)
 .debug_line    0x0000436d      0x13f c:\users\admin\DOCUME~1\ATMELS~1\7.0\HEATER~1\HEATER~1\ARDUIN~1\Debug\libArduinoCore.a(u8g_state.o)
 .debug_line    0x000044ac      0x142 c:\users\admin\DOCUME~1\ATMELS~1\7.0\HEATER~1\HEATER~1\ARDUIN~1\Debug\libArduinoCore.a(u8g_clip.o)
 .debug_line    0x000045ee      0x25d c:\users\admin\DOCUME~1\ATMELS~1\7.0\HEATER~1\HEATER~1\ARDUIN~1\Debug\libArduinoCore.a(u8g_com_api.o)
 .debug_line    0x0000484b      0x1c4 c:\users\admin\DOCUME~1\ATMELS~1\7.0\HEATER~1\HEATER~1\ARDUIN~1\Debug\libArduinoCore.a(u8g_com_arduino_ssd_i2c.o)
 .debug_line    0x00004a0f      0x282 c:\users\admin\DOCUME~1\ATMELS~1\7.0\HEATER~1\HEATER~1\ARDUIN~1\Debug\libArduinoCore.a(u8g_com_i2c.o)
 .debug_line    0x00004c91      0x1c4 c:\users\admin\DOCUME~1\ATMELS~1\7.0\HEATER~1\HEATER~1\ARDUIN~1\Debug\libArduinoCore.a(u8g_delay.o)
 .debug_line    0x00004e55      0x173 c:\users\admin\DOCUME~1\ATMELS~1\7.0\HEATER~1\HEATER~1\ARDUIN~1\Debug\libArduinoCore.a(u8g_page.o)

.debug_frame    0x00000000     0x1eb8
 *(.debug_frame)
 .debug_frame   0x00000000      0x1d0 Sketch.o
 .debug_frame   0x000001d0      0x110 c:\users\admin\DOCUME~1\ATMELS~1\7.0\HEATER~1\HEATER~1\ARDUIN~1\Debug\libArduinoCore.a(HardwareSerial.o)
 .debug_frame   0x000002e0       0xc0 c:\users\admin\DOCUME~1\ATMELS~1\7.0\HEATER~1\HEATER~1\ARDUIN~1\Debug\libArduinoCore.a(HardwareSerial0.o)
 .debug_frame   0x000003a0       0x54 c:\users\admin\DOCUME~1\ATMELS~1\7.0\HEATER~1\HEATER~1\ARDUIN~1\Debug\libArduinoCore.a(main.o)
 .debug_frame   0x000003f4      0x38c c:\users\admin\DOCUME~1\ATMELS~1\7.0\HEATER~1\HEATER~1\ARDUIN~1\Debug\libArduinoCore.a(Print.o)
 .debug_frame   0x00000780       0xc4 c:\users\admin\DOCUME~1\ATMELS~1\7.0\HEATER~1\HEATER~1\ARDUIN~1\Debug\libArduinoCore.a(wiring.o)
 .debug_frame   0x00000844       0x54 c:\users\admin\DOCUME~1\ATMELS~1\7.0\HEATER~1\HEATER~1\ARDUIN~1\Debug\libArduinoCore.a(wiring_analog.o)
 .debug_frame   0x00000898       0x7c c:\users\admin\DOCUME~1\ATMELS~1\7.0\HEATER~1\HEATER~1\ARDUIN~1\Debug\libArduinoCore.a(wiring_digital.o)
 .debug_frame   0x00000914       0xec c:\users\admin\DOCUME~1\ATMELS~1\7.0\HEATER~1\HEATER~1\ARDUIN~1\Debug\libArduinoCore.a(U8glib.o)
 .debug_frame   0x00000a00      0x154 c:\users\admin\DOCUME~1\ATMELS~1\7.0\HEATER~1\HEATER~1\ARDUIN~1\Debug\libArduinoCore.a(u8g_dev_ssd1306_128x64.o)
 .debug_frame   0x00000b54      0x9d8 c:\users\admin\DOCUME~1\ATMELS~1\7.0\HEATER~1\HEATER~1\ARDUIN~1\Debug\libArduinoCore.a(u8g_font.o)
 .debug_frame   0x0000152c      0x53c c:\users\admin\DOCUME~1\ATMELS~1\7.0\HEATER~1\HEATER~1\ARDUIN~1\Debug\libArduinoCore.a(u8g_ll_api.o)
 .debug_frame   0x00001a68       0x98 c:\users\admin\DOCUME~1\ATMELS~1\7.0\HEATER~1\HEATER~1\ARDUIN~1\Debug\libArduinoCore.a(u8g_pb.o)
 .debug_frame   0x00001b00       0xc8 c:\users\admin\DOCUME~1\ATMELS~1\7.0\HEATER~1\HEATER~1\ARDUIN~1\Debug\libArduinoCore.a(u8g_pb8v1.o)
 .debug_frame   0x00001bc8       0x44 c:\users\admin\DOCUME~1\ATMELS~1\7.0\HEATER~1\HEATER~1\ARDUIN~1\Debug\libArduinoCore.a(u8g_state.o)
 .debug_frame   0x00001c0c       0x2c c:\users\admin\DOCUME~1\ATMELS~1\7.0\HEATER~1\HEATER~1\ARDUIN~1\Debug\libArduinoCore.a(u8g_clip.o)
 .debug_frame   0x00001c38       0xdc c:\users\admin\DOCUME~1\ATMELS~1\7.0\HEATER~1\HEATER~1\ARDUIN~1\Debug\libArduinoCore.a(u8g_com_api.o)
 .debug_frame   0x00001d14       0x50 c:\users\admin\DOCUME~1\ATMELS~1\7.0\HEATER~1\HEATER~1\ARDUIN~1\Debug\libArduinoCore.a(u8g_com_arduino_ssd_i2c.o)
 .debug_frame   0x00001d64       0xcc c:\users\admin\DOCUME~1\ATMELS~1\7.0\HEATER~1\HEATER~1\ARDUIN~1\Debug\libArduinoCore.a(u8g_com_i2c.o)
 .debug_frame   0x00001e30       0x44 c:\users\admin\DOCUME~1\ATMELS~1\7.0\HEATER~1\HEATER~1\ARDUIN~1\Debug\libArduinoCore.a(u8g_delay.o)
 .debug_frame   0x00001e74       0x44 c:\users\admin\DOCUME~1\ATMELS~1\7.0\HEATER~1\HEATER~1\ARDUIN~1\Debug\libArduinoCore.a(u8g_page.o)

.debug_str      0x00000000     0x801f
 *(.debug_str)
 .debug_str     0x00000000      0x208 C:/Program Files (x86)/Atmel/Studio/7.0/Packs/atmel/ATmega_DFP/1.2.132/gcc/dev/atmega328p/avr5/crtatmega328p.o
 .debug_str     0x00000208     0x359c Sketch.o
                               0x36c6 (size before relaxing)
 .debug_str     0x000037a4     0x1292 c:\users\admin\DOCUME~1\ATMELS~1\7.0\HEATER~1\HEATER~1\ARDUIN~1\Debug\libArduinoCore.a(HardwareSerial.o)
                               0x158e (size before relaxing)
 .debug_str     0x00004a36       0x47 c:\users\admin\DOCUME~1\ATMELS~1\7.0\HEATER~1\HEATER~1\ARDUIN~1\Debug\libArduinoCore.a(HardwareSerial0.o)
                               0x1361 (size before relaxing)
 .debug_str     0x00004a7d       0x37 c:\users\admin\DOCUME~1\ATMELS~1\7.0\HEATER~1\HEATER~1\ARDUIN~1\Debug\libArduinoCore.a(main.o)
                                0x2d1 (size before relaxing)
 .debug_str     0x00004ab4      0x34e c:\users\admin\DOCUME~1\ATMELS~1\7.0\HEATER~1\HEATER~1\ARDUIN~1\Debug\libArduinoCore.a(Print.o)
                               0x11a6 (size before relaxing)
 .debug_str     0x00004e02      0x153 c:\users\admin\DOCUME~1\ATMELS~1\7.0\HEATER~1\HEATER~1\ARDUIN~1\Debug\libArduinoCore.a(wiring.o)
                                0x267 (size before relaxing)
 .debug_str     0x00004f55       0x74 c:\users\admin\DOCUME~1\ATMELS~1\7.0\HEATER~1\HEATER~1\ARDUIN~1\Debug\libArduinoCore.a(wiring_analog.o)
                                0x26b (size before relaxing)
 .debug_str     0x00004fc9       0xa9 c:\users\admin\DOCUME~1\ATMELS~1\7.0\HEATER~1\HEATER~1\ARDUIN~1\Debug\libArduinoCore.a(wiring_digital.o)
                                0x2cc (size before relaxing)
 .debug_str     0x00005072       0x86 c:\users\admin\DOCUME~1\ATMELS~1\7.0\HEATER~1\HEATER~1\ARDUIN~1\Debug\libArduinoCore.a(U8glib.o)
                               0x2bbf (size before relaxing)
 .debug_str     0x000050f8      0x5b0 c:\users\admin\DOCUME~1\ATMELS~1\7.0\HEATER~1\HEATER~1\ARDUIN~1\Debug\libArduinoCore.a(u8g_dev_ssd1306_128x64.o)
                                0xb9f (size before relaxing)
 .debug_str     0x000056a8      0x754 c:\users\admin\DOCUME~1\ATMELS~1\7.0\HEATER~1\HEATER~1\ARDUIN~1\Debug\libArduinoCore.a(u8g_font.o)
                                0xbc8 (size before relaxing)
 .debug_str     0x00005dfc     0x1aae c:\users\admin\DOCUME~1\ATMELS~1\7.0\HEATER~1\HEATER~1\ARDUIN~1\Debug\libArduinoCore.a(u8g_font_data.o)
                               0x1c94 (size before relaxing)
 .debug_str     0x000078aa      0x263 c:\users\admin\DOCUME~1\ATMELS~1\7.0\HEATER~1\HEATER~1\ARDUIN~1\Debug\libArduinoCore.a(u8g_ll_api.o)
                                0x753 (size before relaxing)
 .debug_str     0x00007b0d       0xbe c:\users\admin\DOCUME~1\ATMELS~1\7.0\HEATER~1\HEATER~1\ARDUIN~1\Debug\libArduinoCore.a(u8g_pb.o)
                                0x549 (size before relaxing)
 .debug_str     0x00007bcb       0xae c:\users\admin\DOCUME~1\ATMELS~1\7.0\HEATER~1\HEATER~1\ARDUIN~1\Debug\libArduinoCore.a(u8g_pb8v1.o)
                                0x55f (size before relaxing)
 .debug_str     0x00007c79       0x9a c:\users\admin\DOCUME~1\ATMELS~1\7.0\HEATER~1\HEATER~1\ARDUIN~1\Debug\libArduinoCore.a(u8g_state.o)
                                0x496 (size before relaxing)
 .debug_str     0x00007d13       0x4d c:\users\admin\DOCUME~1\ATMELS~1\7.0\HEATER~1\HEATER~1\ARDUIN~1\Debug\libArduinoCore.a(u8g_clip.o)
                                0x45f (size before relaxing)
 .debug_str     0x00007d60       0xa7 c:\users\admin\DOCUME~1\ATMELS~1\7.0\HEATER~1\HEATER~1\ARDUIN~1\Debug\libArduinoCore.a(u8g_com_api.o)
                                0x51c (size before relaxing)
 .debug_str     0x00007e07       0xc2 c:\users\admin\DOCUME~1\ATMELS~1\7.0\HEATER~1\HEATER~1\ARDUIN~1\Debug\libArduinoCore.a(u8g_com_arduino_ssd_i2c.o)
                                0x4d9 (size before relaxing)
 .debug_str     0x00007ec9       0xbb c:\users\admin\DOCUME~1\ATMELS~1\7.0\HEATER~1\HEATER~1\ARDUIN~1\Debug\libArduinoCore.a(u8g_com_i2c.o)
                                0x2d9 (size before relaxing)
 .debug_str     0x00007f84       0x62 c:\users\admin\DOCUME~1\ATMELS~1\7.0\HEATER~1\HEATER~1\ARDUIN~1\Debug\libArduinoCore.a(u8g_delay.o)
                                0x249 (size before relaxing)
 .debug_str     0x00007fe6       0x39 c:\users\admin\DOCUME~1\ATMELS~1\7.0\HEATER~1\HEATER~1\ARDUIN~1\Debug\libArduinoCore.a(u8g_page.o)
                                0x26a (size before relaxing)

.debug_loc      0x00000000     0xd5f7
 *(.debug_loc)
 .debug_loc     0x00000000      0x993 Sketch.o
 .debug_loc     0x00000993      0x482 c:\users\admin\DOCUME~1\ATMELS~1\7.0\HEATER~1\HEATER~1\ARDUIN~1\Debug\libArduinoCore.a(HardwareSerial.o)
 .debug_loc     0x00000e15      0x18a c:\users\admin\DOCUME~1\ATMELS~1\7.0\HEATER~1\HEATER~1\ARDUIN~1\Debug\libArduinoCore.a(HardwareSerial0.o)
 .debug_loc     0x00000f9f     0x1c79 c:\users\admin\DOCUME~1\ATMELS~1\7.0\HEATER~1\HEATER~1\ARDUIN~1\Debug\libArduinoCore.a(Print.o)
 .debug_loc     0x00002c18      0x28d c:\users\admin\DOCUME~1\ATMELS~1\7.0\HEATER~1\HEATER~1\ARDUIN~1\Debug\libArduinoCore.a(wiring.o)
 .debug_loc     0x00002ea5       0xfe c:\users\admin\DOCUME~1\ATMELS~1\7.0\HEATER~1\HEATER~1\ARDUIN~1\Debug\libArduinoCore.a(wiring_analog.o)
 .debug_loc     0x00002fa3      0x5fc c:\users\admin\DOCUME~1\ATMELS~1\7.0\HEATER~1\HEATER~1\ARDUIN~1\Debug\libArduinoCore.a(wiring_digital.o)
 .debug_loc     0x0000359f      0x7e6 c:\users\admin\DOCUME~1\ATMELS~1\7.0\HEATER~1\HEATER~1\ARDUIN~1\Debug\libArduinoCore.a(U8glib.o)
 .debug_loc     0x00003d85      0xbd6 c:\users\admin\DOCUME~1\ATMELS~1\7.0\HEATER~1\HEATER~1\ARDUIN~1\Debug\libArduinoCore.a(u8g_dev_ssd1306_128x64.o)
 .debug_loc     0x0000495b     0x4bb6 c:\users\admin\DOCUME~1\ATMELS~1\7.0\HEATER~1\HEATER~1\ARDUIN~1\Debug\libArduinoCore.a(u8g_font.o)
 .debug_loc     0x00009511     0x2515 c:\users\admin\DOCUME~1\ATMELS~1\7.0\HEATER~1\HEATER~1\ARDUIN~1\Debug\libArduinoCore.a(u8g_ll_api.o)
 .debug_loc     0x0000ba26      0x55e c:\users\admin\DOCUME~1\ATMELS~1\7.0\HEATER~1\HEATER~1\ARDUIN~1\Debug\libArduinoCore.a(u8g_pb.o)
 .debug_loc     0x0000bf84      0x6b2 c:\users\admin\DOCUME~1\ATMELS~1\7.0\HEATER~1\HEATER~1\ARDUIN~1\Debug\libArduinoCore.a(u8g_pb8v1.o)
 .debug_loc     0x0000c636       0x96 c:\users\admin\DOCUME~1\ATMELS~1\7.0\HEATER~1\HEATER~1\ARDUIN~1\Debug\libArduinoCore.a(u8g_state.o)
 .debug_loc     0x0000c6cc      0x1e1 c:\users\admin\DOCUME~1\ATMELS~1\7.0\HEATER~1\HEATER~1\ARDUIN~1\Debug\libArduinoCore.a(u8g_clip.o)
 .debug_loc     0x0000c8ad      0x658 c:\users\admin\DOCUME~1\ATMELS~1\7.0\HEATER~1\HEATER~1\ARDUIN~1\Debug\libArduinoCore.a(u8g_com_api.o)
 .debug_loc     0x0000cf05      0x369 c:\users\admin\DOCUME~1\ATMELS~1\7.0\HEATER~1\HEATER~1\ARDUIN~1\Debug\libArduinoCore.a(u8g_com_arduino_ssd_i2c.o)
 .debug_loc     0x0000d26e      0x215 c:\users\admin\DOCUME~1\ATMELS~1\7.0\HEATER~1\HEATER~1\ARDUIN~1\Debug\libArduinoCore.a(u8g_com_i2c.o)
 .debug_loc     0x0000d483       0x67 c:\users\admin\DOCUME~1\ATMELS~1\7.0\HEATER~1\HEATER~1\ARDUIN~1\Debug\libArduinoCore.a(u8g_delay.o)
 .debug_loc     0x0000d4ea      0x10d c:\users\admin\DOCUME~1\ATMELS~1\7.0\HEATER~1\HEATER~1\ARDUIN~1\Debug\libArduinoCore.a(u8g_page.o)

.debug_macinfo
 *(.debug_macinfo)

.debug_weaknames
 *(.debug_weaknames)

.debug_funcnames
 *(.debug_funcnames)

.debug_typenames
 *(.debug_typenames)

.debug_varnames
 *(.debug_varnames)

.debug_pubtypes
 *(.debug_pubtypes)

.debug_ranges   0x00000000      0xa30
 *(.debug_ranges)
 .debug_ranges  0x00000000       0x70 Sketch.o
 .debug_ranges  0x00000070       0x58 c:\users\admin\DOCUME~1\ATMELS~1\7.0\HEATER~1\HEATER~1\ARDUIN~1\Debug\libArduinoCore.a(HardwareSerial.o)
 .debug_ranges  0x000000c8       0x28 c:\users\admin\DOCUME~1\ATMELS~1\7.0\HEATER~1\HEATER~1\ARDUIN~1\Debug\libArduinoCore.a(HardwareSerial0.o)
 .debug_ranges  0x000000f0       0x20 c:\users\admin\DOCUME~1\ATMELS~1\7.0\HEATER~1\HEATER~1\ARDUIN~1\Debug\libArduinoCore.a(main.o)
 .debug_ranges  0x00000110      0x110 c:\users\admin\DOCUME~1\ATMELS~1\7.0\HEATER~1\HEATER~1\ARDUIN~1\Debug\libArduinoCore.a(Print.o)
 .debug_ranges  0x00000220       0x38 c:\users\admin\DOCUME~1\ATMELS~1\7.0\HEATER~1\HEATER~1\ARDUIN~1\Debug\libArduinoCore.a(wiring.o)
 .debug_ranges  0x00000258       0x20 c:\users\admin\DOCUME~1\ATMELS~1\7.0\HEATER~1\HEATER~1\ARDUIN~1\Debug\libArduinoCore.a(wiring_analog.o)
 .debug_ranges  0x00000278       0x28 c:\users\admin\DOCUME~1\ATMELS~1\7.0\HEATER~1\HEATER~1\ARDUIN~1\Debug\libArduinoCore.a(wiring_digital.o)
 .debug_ranges  0x000002a0       0x38 c:\users\admin\DOCUME~1\ATMELS~1\7.0\HEATER~1\HEATER~1\ARDUIN~1\Debug\libArduinoCore.a(U8glib.o)
 .debug_ranges  0x000002d8       0x30 c:\users\admin\DOCUME~1\ATMELS~1\7.0\HEATER~1\HEATER~1\ARDUIN~1\Debug\libArduinoCore.a(u8g_dev_ssd1306_128x64.o)
 .debug_ranges  0x00000308      0x3a8 c:\users\admin\DOCUME~1\ATMELS~1\7.0\HEATER~1\HEATER~1\ARDUIN~1\Debug\libArduinoCore.a(u8g_font.o)
 .debug_ranges  0x000006b0      0x188 c:\users\admin\DOCUME~1\ATMELS~1\7.0\HEATER~1\HEATER~1\ARDUIN~1\Debug\libArduinoCore.a(u8g_ll_api.o)
 .debug_ranges  0x00000838       0x58 c:\users\admin\DOCUME~1\ATMELS~1\7.0\HEATER~1\HEATER~1\ARDUIN~1\Debug\libArduinoCore.a(u8g_pb.o)
 .debug_ranges  0x00000890       0x38 c:\users\admin\DOCUME~1\ATMELS~1\7.0\HEATER~1\HEATER~1\ARDUIN~1\Debug\libArduinoCore.a(u8g_pb8v1.o)
 .debug_ranges  0x000008c8       0x20 c:\users\admin\DOCUME~1\ATMELS~1\7.0\HEATER~1\HEATER~1\ARDUIN~1\Debug\libArduinoCore.a(u8g_state.o)
 .debug_ranges  0x000008e8       0x30 c:\users\admin\DOCUME~1\ATMELS~1\7.0\HEATER~1\HEATER~1\ARDUIN~1\Debug\libArduinoCore.a(u8g_clip.o)
 .debug_ranges  0x00000918       0x58 c:\users\admin\DOCUME~1\ATMELS~1\7.0\HEATER~1\HEATER~1\ARDUIN~1\Debug\libArduinoCore.a(u8g_com_api.o)
 .debug_ranges  0x00000970       0x18 c:\users\admin\DOCUME~1\ATMELS~1\7.0\HEATER~1\HEATER~1\ARDUIN~1\Debug\libArduinoCore.a(u8g_com_arduino_ssd_i2c.o)
 .debug_ranges  0x00000988       0x50 c:\users\admin\DOCUME~1\ATMELS~1\7.0\HEATER~1\HEATER~1\ARDUIN~1\Debug\libArduinoCore.a(u8g_com_i2c.o)
 .debug_ranges  0x000009d8       0x38 c:\users\admin\DOCUME~1\ATMELS~1\7.0\HEATER~1\HEATER~1\ARDUIN~1\Debug\libArduinoCore.a(u8g_delay.o)
 .debug_ranges  0x00000a10       0x20 c:\users\admin\DOCUME~1\ATMELS~1\7.0\HEATER~1\HEATER~1\ARDUIN~1\Debug\libArduinoCore.a(u8g_page.o)

.debug_macro
 *(.debug_macro)
OUTPUT(heater_controller_firmware.elf elf32-avr)
LOAD linker stubs
